******************************************************************************
                  TI ARM Linker PC v18.1.4                     
******************************************************************************
>> Linked Fri Apr 10 00:30:45 2020

OUTPUT FILE NAME:   <freertos_demo.out>
ENTRY POINT SYMBOL: "_c_int00_noargs"  address: 00000b5d


MEMORY CONFIGURATION

         name            origin    length      used     unused   attr    fill
----------------------  --------  ---------  --------  --------  ----  --------
  FLASH                 00000000   00040000  00000ce2  0003f31e  R  X
  SRAM                  20000000   00008000  0000037d  00007c83  RW X


SEGMENT ALLOCATION MAP

run origin  load origin   length   init length attrs members
----------  ----------- ---------- ----------- ----- -------
00000000    00000000    00000ce8   00000ce8    r-x
  00000000    00000000    0000026c   0000026c    r-- .intvecs
  0000026c    0000026c    00000a16   00000a16    r-x .text
  00000c84    00000c84    00000030   00000030    r-- .const
  00000cb8    00000cb8    00000030   00000030    r-- .cinit
20000000    20000000    0000037d   00000000    rw-
  20000000    20000000    00000200   00000000    rw- .stack
  20000200    20000200    00000148   00000000    rw- .bss
  20000348    20000348    00000035   00000000    rw- .data


SECTION ALLOCATION MAP

 output                                  attributes/
section   page    origin      length       input sections
--------  ----  ----------  ----------   ----------------
.intvecs   0    00000000    0000026c     
                  00000000    0000026c     startup_ccs.obj (.intvecs)

.text      0    0000026c    00000a16     
                  0000026c    000001ea     uartstdio.obj (.text:UARTvprintf)
                  00000456    00000002     startup_ccs.obj (.text:FaultISR)
                  00000458    00000104     tasks.obj (.text:xTaskIncrementTick)
                  0000055c    000000e4     freertos_demo.obj (.text:main)
                  00000640    000000d2     portasm.obj (.text)
                  00000712    0000009c     rtsv7M4_T_le_v4SPD16_eabi.lib : memcpy_t2.asm.obj (.text)
                  000007ae    00000002     startup_ccs.obj (.text:IntDefaultHandler)
                  000007b0    00000094     freertos_demo.obj (.text:receive_uart)
                  00000844    00000090     freertos_demo.obj (.text:transmit_uart)
                  000008d4    0000008c     tasks.obj (.text:vTaskSwitchContext)
                  00000960    00000068     freertos_demo.obj (.text:ConfigureUART)
                  000009c8    00000068     rtsv7M4_T_le_v4SPD16_eabi.lib : copy_decompress_lzss.c.obj (.text:decompress:lzss:__TI_decompress_lzss)
                  00000a30    00000060     uartstdio.obj (.text:UARTStdioConfig)
                  00000a90    00000048     uartstdio.obj (.text:UARTwrite)
                  00000ad8    00000044     rtsv7M4_T_le_v4SPD16_eabi.lib : autoinit.c.obj (.text:__TI_auto_init_nobinit_nopinit:__TI_auto_init_nobinit_nopinit)
                  00000b1c    00000040                                   : u_divt2.asm.obj (.text)
                  00000b5c    00000038                                   : boot_cortex_m.c.obj (.text:_c_int00_noargs:_c_int00_noargs)
                  00000b94    0000002c     port.obj (.text:xPortSysTickHandler)
                  00000bc0    00000028     tasks.obj (.text:prvResetNextTaskUnblockTime)
                  00000be8    00000020     list.obj (.text:uxListRemove)
                  00000c08    0000001a     uartstdio.obj (.text:UARTprintf)
                  00000c22    00000018     list.obj (.text:vListInsertEnd)
                  00000c3a    00000012     rtsv7M4_T_le_v4SPD16_eabi.lib : copy_zero_init.c.obj (.text:decompress:ZI:__TI_zero_init_nomemset:__TI_zero_init_nomemset)
                  00000c4c    0000000e     driverlib.lib : uart.obj (.text:UARTCharPutNonBlocking)
                  00000c5a    0000000e     rtsv7M4_T_le_v4SPD16_eabi.lib : copy_decompress_none.c.obj (.text:decompress:none:__TI_decompress_none)
                  00000c68    00000006     startup_ccs.obj (.text:ResetISR)
                  00000c6e    00000006     driverlib.lib : uart.obj (.text:UARTClockSourceSet)
                  00000c74    00000004     rtsv7M4_T_le_v4SPD16_eabi.lib : pre_init.c.obj (.text:_system_pre_init)
                  00000c78    00000004                                   : exit.c.obj (.text:abort:abort)
                  00000c7c    00000002     startup_ccs.obj (.text:NmiSR)
                  00000c7e    00000002     rtsv7M4_T_le_v4SPD16_eabi.lib : div0.asm.obj (.text)
                  00000c80    00000002     freertos_demo.obj (.text:vApplicationStackOverflowHook)

.const     0    00000c84    00000030     
                  00000c84    00000013     freertos_demo.obj (.const:.string:$P$T0$1)
                  00000c97    00000001     --HOLE-- [fill = 0]
                  00000c98    0000000c     uartstdio.obj (.const:g_ui32UARTBase)
                  00000ca4    0000000c     uartstdio.obj (.const:g_ui32UARTPeriph)
                  00000cb0    00000004     port.obj (.const)

.cinit     0    00000cb8    00000030     
                  00000cb8    0000000c     (__TI_handler_table)
                  00000cc4    00000004     --HOLE-- [fill = 0]
                  00000cc8    00000008     (.cinit..bss.load) [load image, compression = zero_init]
                  00000cd0    00000008     (.cinit..data.load) [load image, compression = lzss]
                  00000cd8    00000010     (__TI_cinit_table)

.init_array 
*          0    00000000    00000000     UNINITIALIZED

.bss       0    20000200    00000148     UNINITIALIZED
                  20000200    00000140     tasks.obj (.bss:pxReadyTasksLists)
                  20000340    00000008     tasks.obj (.bss)

.data      0    20000348    00000035     UNINITIALIZED
                  20000348    00000030     tasks.obj (.data)
                  20000378    00000005     uartstdio.obj (.data)

.stack     0    20000000    00000200     UNINITIALIZED
                  20000000    00000004     rtsv7M4_T_le_v4SPD16_eabi.lib : boot_cortex_m.c.obj (.stack)
                  20000004    000001fc     --HOLE--

MODULE SUMMARY

       Module                       code   ro data   rw data
       ------                       ----   -------   -------
    .\
       freertos_demo.obj            626    19        0      
       startup_ccs.obj              12     620       0      
    +--+----------------------------+------+---------+---------+
       Total:                       638    639       0      
                                                            
    .\third_party\FreeRTOS\Source\
       tasks.obj                    440    0         376    
       list.obj                     56     0         0      
    +--+----------------------------+------+---------+---------+
       Total:                       496    0         376    
                                                            
    .\third_party\FreeRTOS\Source\portable\CCS\ARM_CM4F\
       portasm.obj                  210    0         0      
       port.obj                     44     4         0      
    +--+----------------------------+------+---------+---------+
       Total:                       254    4         0      
                                                            
    .\utils\
       uartstdio.obj                684    24        5      
    +--+----------------------------+------+---------+---------+
       Total:                       684    24        5      
                                                            
    C:/ti/TivaWare_C_Series-2.1.4.178/driverlib/ccs/Debug/driverlib.lib
       uart.obj                     20     0         0      
    +--+----------------------------+------+---------+---------+
       Total:                       20     0         0      
                                                            
    C:\ti\ccsv8\tools\compiler\ti-cgt-arm_18.1.4.LTS\lib\rtsv7M4_T_le_v4SPD16_eabi.lib
       memcpy_t2.asm.obj            156    0         0      
       copy_decompress_lzss.c.obj   104    0         0      
       autoinit.c.obj               68     0         0      
       u_divt2.asm.obj              64     0         0      
       boot_cortex_m.c.obj          56     0         0      
       copy_zero_init.c.obj         18     0         0      
       copy_decompress_none.c.obj   14     0         0      
       exit.c.obj                   4      0         0      
       pre_init.c.obj               4      0         0      
       div0.asm.obj                 2      0         0      
    +--+----------------------------+------+---------+---------+
       Total:                       490    0         0      
                                                            
       Stack:                       0      0         512    
       Linker Generated:            0      44        0      
    +--+----------------------------+------+---------+---------+
       Grand Total:                 2582   711       893    


LINKER GENERATED COPY TABLES

__TI_cinit_table @ 00000cd8 records: 2, size/record: 8, table size: 16
	.bss: load addr=00000cc8, load size=00000008 bytes, run addr=20000200, run size=00000148 bytes, compression=zero_init
	.data: load addr=00000cd0, load size=00000008 bytes, run addr=20000348, run size=00000035 bytes, compression=lzss


LINKER GENERATED HANDLER TABLE

__TI_handler_table @ 00000cb8 records: 3, size/record: 4, table size: 12
	index: 0, handler: __TI_decompress_lzss
	index: 1, handler: __TI_decompress_none
	index: 2, handler: __TI_zero_init


GLOBAL SYMBOLS: SORTED ALPHABETICALLY BY Name 

address   name                          
-------   ----                          
00000c79  C$$EXIT                       
00000961  ConfigureUART                 
00000c69  ResetISR                      
00000c4d  UARTCharPutNonBlocking        
00000c6f  UARTClockSourceSet            
00000a31  UARTStdioConfig               
00000c09  UARTprintf                    
0000026d  UARTvprintf                   
00000a91  UARTwrite                     
20000200  __STACK_END                   
00000200  __STACK_SIZE                  
20000200  __STACK_TOP                   
00000cd8  __TI_CINIT_Base               
00000ce8  __TI_CINIT_Limit              
00000cb8  __TI_Handler_Table_Base       
00000cc4  __TI_Handler_Table_Limit      
00000ad9  __TI_auto_init_nobinit_nopinit
000009c9  __TI_decompress_lzss          
00000c5b  __TI_decompress_none          
ffffffff  __TI_pprof_out_hndl           
ffffffff  __TI_prof_data_size           
ffffffff  __TI_prof_data_start          
00000000  __TI_static_base__            
00000c3b  __TI_zero_init_nomemset       
00000c7f  __aeabi_idiv0                 
00000c7f  __aeabi_ldiv0                 
00000713  __aeabi_memcpy                
00000713  __aeabi_memcpy4               
00000713  __aeabi_memcpy8               
00000b1d  __aeabi_uidiv                 
00000b1d  __aeabi_uidivmod              
ffffffff  __binit__                     
ffffffff  __c_args__                    
UNDEFED   __mpu_init                    
20000000  __stack                       
00000b5d  _c_int00_noargs               
UNDEFED   _system_post_cinit            
00000c75  _system_pre_init              
00000c79  abort                         
ffffffff  binit                         
00000000  g_pfnVectors                  
0000055d  main                          
00000713  memcpy                        
20000348  pxCurrentTCB                  
000007b1  receive_uart                  
00000845  transmit_uart                 
00000cb0  ulMaxSyscallInterruptPriority 
00000651  ulPortGetIPSR                 
00000be9  uxListRemove                  
00000c81  vApplicationStackOverflowHook 
00000c23  vListInsertEnd                
00000705  vPortEnableVFP                
000006c9  vPortSVCHandler               
000006e9  vPortStartFirstTask           
000008d5  vTaskSwitchContext            
00000669  xPortPendSVHandler            
00000b95  xPortSysTickHandler           
00000459  xTaskIncrementTick            


GLOBAL SYMBOLS: SORTED BY Symbol Address 

address   name                          
-------   ----                          
00000000  __TI_static_base__            
00000000  g_pfnVectors                  
00000200  __STACK_SIZE                  
0000026d  UARTvprintf                   
00000459  xTaskIncrementTick            
0000055d  main                          
00000651  ulPortGetIPSR                 
00000669  xPortPendSVHandler            
000006c9  vPortSVCHandler               
000006e9  vPortStartFirstTask           
00000705  vPortEnableVFP                
00000713  __aeabi_memcpy                
00000713  __aeabi_memcpy4               
00000713  __aeabi_memcpy8               
00000713  memcpy                        
000007b1  receive_uart                  
00000845  transmit_uart                 
000008d5  vTaskSwitchContext            
00000961  ConfigureUART                 
000009c9  __TI_decompress_lzss          
00000a31  UARTStdioConfig               
00000a91  UARTwrite                     
00000ad9  __TI_auto_init_nobinit_nopinit
00000b1d  __aeabi_uidiv                 
00000b1d  __aeabi_uidivmod              
00000b5d  _c_int00_noargs               
00000b95  xPortSysTickHandler           
00000be9  uxListRemove                  
00000c09  UARTprintf                    
00000c23  vListInsertEnd                
00000c3b  __TI_zero_init_nomemset       
00000c4d  UARTCharPutNonBlocking        
00000c5b  __TI_decompress_none          
00000c69  ResetISR                      
00000c6f  UARTClockSourceSet            
00000c75  _system_pre_init              
00000c79  C$$EXIT                       
00000c79  abort                         
00000c7f  __aeabi_idiv0                 
00000c7f  __aeabi_ldiv0                 
00000c81  vApplicationStackOverflowHook 
00000cb0  ulMaxSyscallInterruptPriority 
00000cb8  __TI_Handler_Table_Base       
00000cc4  __TI_Handler_Table_Limit      
00000cd8  __TI_CINIT_Base               
00000ce8  __TI_CINIT_Limit              
20000000  __stack                       
20000200  __STACK_END                   
20000200  __STACK_TOP                   
20000348  pxCurrentTCB                  
ffffffff  __TI_pprof_out_hndl           
ffffffff  __TI_prof_data_size           
ffffffff  __TI_prof_data_start          
ffffffff  __binit__                     
ffffffff  __c_args__                    
ffffffff  binit                         
UNDEFED   __mpu_init                    
UNDEFED   _system_post_cinit            

[58 symbols]
