******************************************************************************
                  TI ARM Linker PC v18.1.4                     
******************************************************************************
>> Linked Sat Apr 25 02:35:19 2020

OUTPUT FILE NAME:   <freertos_demo.out>
ENTRY POINT SYMBOL: "_c_int00_noargs"  address: 000023fd


MEMORY CONFIGURATION

         name            origin    length      used     unused   attr    fill
----------------------  --------  ---------  --------  --------  ----  --------
  FLASH                 00000000   00040000  00002c16  0003d3ea  R  X
  SRAM                  20000000   00008000  00007c4c  000003b4  RW X


SEGMENT ALLOCATION MAP

run origin  load origin   length   init length attrs members
----------  ----------- ---------- ----------- ----- -------
00000000    00000000    00002c18   00002c18    r-x
  00000000    00000000    0000026c   0000026c    r-- .intvecs
  0000026c    0000026c    000026d2   000026d2    r-x .text
  00002940    00002940    00000290   00000290    r-- .const
  00002bd0    00002bd0    00000048   00000048    r-- .cinit
20000000    20000000    00007c4c   00000000    rw-
  20000000    20000000    0000026c   00000000    rw- .vtable
  2000026c    2000026c    00007794   00000000    rw- .bss
  20007a00    20007a00    00000200   00000000    rw- .stack
  20007c00    20007c00    0000004c   00000000    rw- .data


SECTION ALLOCATION MAP

 output                                  attributes/
section   page    origin      length       input sections
--------  ----  ----------  ----------   ----------------
.intvecs   0    00000000    0000026c     
                  00000000    0000026c     startup_ccs.obj (.intvecs)

.text      0    0000026c    000026d2     
                  0000026c    00000268     freertos_demo.obj (.text:main)
                  000004d4    000001ea     uartstdio.obj (.text:UARTvprintf)
                  000006be    00000132     driverlib.lib : gpio.obj (.text:GPIOPadConfigSet)
                  000007f0    00000120     ultrasonic_sensor.obj (.text:Ultrasonic_sensor_task)
                  00000910    00000118     queue.obj (.text:xQueueGenericReceive)
                  00000a28    00000110     driverlib.lib : sysctl.obj (.text:SysCtlClockGet)
                  00000b38    00000104     tasks.obj (.text:xTaskIncrementTick)
                  00000c3c    00000100     tasks.obj (.text:xTaskGenericCreate)
                  00000d3c    000000e8     queue.obj (.text:xQueueGenericSend)
                  00000e24    000000e4     tasks.obj (.text:xTaskResumeAll)
                  00000f08    000000d2     portasm.obj (.text)
                  00000fda    00000002     startup_ccs.obj (.text:FaultISR)
                  00000fdc    000000c0     ultrasonic_sensor.obj (.text:calculation)
                  0000109c    000000bc     ultrasonic_sensor.obj (.text:Sensor_Init)
                  00001158    000000ac     heap_2.obj (.text:pvPortMalloc)
                  00001204    000000a8     freertos_demo.obj (.text:receive_queue)
                  000012ac    000000a4     timers.obj (.text:prvProcessReceivedCommands)
                  00001350    0000009c     rtsv7M4_T_le_v4SPD16_eabi.lib : memcpy_t2.asm.obj (.text)
                  000013ec    00000090     freertos_demo.obj (.text:transmit_uart)
                  0000147c    00000090     tasks.obj (.text:vTaskPriorityInherit)
                  0000150c    0000008c     tasks.obj (.text:vTaskSwitchContext)
                  00001598    00000084     queue.obj (.text:xQueueGenericReset)
                  0000161c    0000007a     rtsv7M4_T_le_v4SPD16_eabi.lib : memset_t2.asm.obj (.text)
                  00001696    00000002     startup_ccs.obj (.text:IntDefaultHandler)
                  00001698    00000078     tasks.obj (.text:xTaskPriorityDisinherit)
                  00001710    00000074     tasks.obj (.text:xTaskRemoveFromEventList)
                  00001784    00000072     queue.obj (.text:prvCopyDataToQueue)
                  000017f6    00000002     startup_ccs.obj (.text:NmiSR)
                  000017f8    00000070     ultrasonic_sensor.obj (.text:Ultrasonic_sensor_IRQ)
                  00001868    00000070     timers.obj (.text:prvProcessTimerOrBlockTask)
                  000018d8    00000068     freertos_demo.obj (.text:ConfigureUART)
                  00001940    00000068     driverlib.lib : interrupt.obj (.text:IntEnable)
                  000019a8    00000068     rtsv7M4_T_le_v4SPD16_eabi.lib : copy_decompress_lzss.c.obj (.text:decompress:lzss:__TI_decompress_lzss)
                  00001a10    00000068     tasks.obj (.text:vTaskPlaceOnEventListRestricted)
                  00001a78    00000068     tasks.obj (.text:vTaskStartScheduler)
                  00001ae0    00000064     tasks.obj (.text:vTaskPlaceOnEventList)
                  00001b44    00000062     queue.obj (.text:prvUnlockQueue)
                  00001ba6    00000002     rtsv7M4_T_le_v4SPD16_eabi.lib : div0.asm.obj (.text)
                  00001ba8    00000060     driverlib.lib : timer.obj (.text:TimerConfigure)
                  00001c08    00000060     uartstdio.obj (.text:UARTStdioConfig)
                  00001c68    00000060     tasks.obj (.text:prvInitialiseTaskLists)
                  00001cc8    00000060     timers.obj (.text:prvSwitchTimerLists)
                  00001d28    0000005c     timers.obj (.text:prvCheckForValidListAndQueue)
                  00001d84    0000005c     tasks.obj (.text:vTaskDelay)
                  00001de0    0000005c     queue.obj (.text:xQueueGenericSendFromISR)
                  00001e3c    00000058     tasks.obj (.text:prvCheckTasksWaitingTermination)
                  00001e94    00000056     driverlib.lib : gpio.obj (.text:GPIOIntTypeSet)
                  00001eea    00000056     tasks.obj (.text:prvInitialiseTCBVariables)
                  00001f40    00000054     tasks.obj (.text:xTaskCheckForTimeOut)
                  00001f94    0000004c     tasks.obj (.text:prvAddCurrentTaskToDelayedList)
                  00001fe0    0000004c     queue.obj (.text:xQueueCreateMutex)
                  0000202c    00000048     uartstdio.obj (.text:UARTwrite)
                  00002074    00000048     timers.obj (.text:prvProcessExpiredTimer)
                  000020bc    00000044     driverlib.lib : gpio.obj (.text:_GPIOIntNumberGet)
                  00002100    00000044     rtsv7M4_T_le_v4SPD16_eabi.lib : autoinit.c.obj (.text:__TI_auto_init_nobinit_nopinit:__TI_auto_init_nobinit_nopinit)
                  00002144    00000044     timers.obj (.text:prvInsertTimerInActiveList)
                  00002188    00000044     heap_2.obj (.text:vPortFree)
                  000021cc    00000044     timers.obj (.text:xTimerGenericCommand)
                  00002210    00000040     rtsv7M4_T_le_v4SPD16_eabi.lib : u_divt2.asm.obj (.text)
                  00002250    00000040     queue.obj (.text:vQueueWaitForMessageRestricted)
                  00002290    00000040     port.obj (.text:xPortStartScheduler)
                  000022d0    00000040     timers.obj (.text:xTimerCreateTimerTask)
                  00002310    0000003c     freertos_demo.obj (.text:send_to_bb)
                  0000234c    0000003c     queue.obj (.text:xQueueGenericCreate)
                  00002388    0000003a     freertos_demo.obj (.text:itoa)
                  000023c2    0000003a     tasks.obj (.text:prvAllocateTCBAndStack)
                  000023fc    00000038     rtsv7M4_T_le_v4SPD16_eabi.lib : boot_cortex_m.c.obj (.text:_c_int00_noargs:_c_int00_noargs)
                  00002434    00000038     list.obj (.text:vListInsert)
                  0000246c    00000034     driverlib.lib : interrupt.obj (.text:IntRegister)
                  000024a0    00000034                   : sysctl.obj (.text:SysCtlPeripheralEnable)
                  000024d4    00000030     heap_2.obj (.text:prvHeapInit)
                  00002504    0000002c     port.obj (.text:xPortSysTickHandler)
                  00002530    0000002a     driverlib.lib : gpio.obj (.text:GPIODirModeSet)
                  0000255a    0000002a     freertos_demo.obj (.text:reverse)
                  00002584    00000028     tasks.obj (.text:prvResetNextTaskUnblockTime)
                  000025ac    00000028     timers.obj (.text:prvSampleTimeNow)
                  000025d4    00000028     port.obj (.text:pxPortInitialiseStack)
                  000025fc    00000026     queue.obj (.text:prvCopyDataFromQueue)
                  00002622    00000002     freertos_demo.obj (.text:vApplicationStackOverflowHook)
                  00002624    00000020     timers.obj (.text:prvGetNextExpireTime)
                  00002644    00000020     list.obj (.text:uxListRemove)
                  00002664    00000020     queue.obj (.text:vQueueAddToRegistry)
                  00002684    00000020     tasks.obj (.text:xTaskGetSchedulerState)
                  000026a4    0000001c     ultrasonic_sensor.obj (.text:delayUs)
                  000026c0    0000001c     queue.obj (.text:prvIsQueueFull)
                  000026dc    0000001c     port.obj (.text:vPortEnterCritical)
                  000026f8    0000001a     uartstdio.obj (.text:UARTprintf)
                  00002712    0000001a     queue.obj (.text:prvIsQueueEmpty)
                  0000272c    00000018     driverlib.lib : gpio.obj (.text:GPIOIntRegister)
                  00002744    00000018                   : gpio.obj (.text:GPIOPinTypeGPIOOutput)
                  0000275c    00000018                   : timer.obj (.text:TimerDisable)
                  00002774    00000018     tasks.obj (.text:pvTaskIncrementMutexHeldCount)
                  0000278c    00000018     list.obj (.text:vListInsertEnd)
                  000027a4    00000018     port.obj (.text:vPortExitCritical)
                  000027bc    00000018     tasks.obj (.text:vTaskSetTimeOutState)
                  000027d4    00000016     list.obj (.text:vListInitialise)
                  000027ea    00000014     timers.obj (.text:prvTimerTask)
                  000027fe    00000014     rtsv7M4_T_le_v4SPD16_eabi.lib : strlen.c.obj (.text:strlen)
                  00002812    00000002     --HOLE-- [fill = 0]
                  00002814    00000014     port.obj (.text:vPortSetupTimerInterrupt)
                  00002828    00000012     driverlib.lib : gpio.obj (.text:GPIOPinTypeGPIOInput)
                  0000283a    00000012     tasks.obj (.text:prvDeleteTCB)
                  0000284c    00000010     driverlib.lib : interrupt.obj (.text:IntMasterDisable)
                  0000285c    00000010                   : interrupt.obj (.text:IntMasterEnable)
                  0000286c    00000010     port.obj (.text:prvTaskExitError)
                  0000287c    00000010     tasks.obj (.text:vTaskSuspendAll)
                  0000288c    0000000e     driverlib.lib : timer.obj (.text:TimerEnable)
                  0000289a    0000000e     rtsv7M4_T_le_v4SPD16_eabi.lib : copy_decompress_none.c.obj (.text:decompress:none:__TI_decompress_none)
                  000028a8    0000000c     driverlib.lib : cpu.obj (.text:CPUcpsid)
                  000028b4    0000000c                   : cpu.obj (.text:CPUcpsie)
                  000028c0    0000000c                   : gpio.obj (.text:GPIOIntEnable)
                  000028cc    0000000c     rtsv7M4_T_le_v4SPD16_eabi.lib : copy_zero_init.c.obj (.text:decompress:ZI:__TI_zero_init)
                  000028d8    0000000c     tasks.obj (.text:vTaskMissedYield)
                  000028e4    0000000c     tasks.obj (.text:xTaskGetTickCount)
                  000028f0    0000000a     driverlib.lib : timer.obj (.text:TimerValueGet)
                  000028fa    0000000a                   : uart.obj (.text:UARTCharPut)
                  00002904    00000008     tasks.obj (.text:prvIdleTask)
                  0000290c    00000006     driverlib.lib : gpio.obj (.text:GPIOIntClear)
                  00002912    00000006                   : gpio.obj (.text:GPIOPinRead)
                  00002918    00000006                   : gpio.obj (.text:GPIOPinWrite)
                  0000291e    00000006     startup_ccs.obj (.text:ResetISR)
                  00002924    00000006     driverlib.lib : sysctl.obj (.text:SysCtlDelay)
                  0000292a    00000006                   : uart.obj (.text:UARTClockSourceSet)
                  00002930    00000006     list.obj (.text:vListInitialiseItem)
                  00002936    00000004     rtsv7M4_T_le_v4SPD16_eabi.lib : pre_init.c.obj (.text:_system_pre_init)
                  0000293a    00000004                                   : exit.c.obj (.text:abort:abort)

.const     0    00002940    00000290     
                  00002940    000000d8     driverlib.lib : gpio.obj (.const:g_ppui32GPIOIntMapSnowflake)
                  00002a18    000000c0                   : gpio.obj (.const:g_ppui32GPIOIntMapBlizzard)
                  00002ad8    00000070                   : interrupt.obj (.const)
                  00002b48    0000006c                   : sysctl.obj (.const:g_pui32Xtals)
                  00002bb4    0000000c     uartstdio.obj (.const:g_ui32UARTBase)
                  00002bc0    0000000c     uartstdio.obj (.const:g_ui32UARTPeriph)
                  00002bcc    00000004     port.obj (.const)

.cinit     0    00002bd0    00000048     
                  00002bd0    00000014     (.cinit..data.load) [load image, compression = lzss]
                  00002be4    0000000c     (__TI_handler_table)
                  00002bf0    00000008     (.cinit..bss.load) [load image, compression = zero_init]
                  00002bf8    00000008     (.cinit..vtable.load) [load image, compression = zero_init]
                  00002c00    00000018     (__TI_cinit_table)

.init_array 
*          0    00000000    00000000     UNINITIALIZED

.vtable    0    20000000    0000026c     UNINITIALIZED
                  20000000    0000026c     driverlib.lib : interrupt.obj (.vtable)

.bss       0    2000026c    00007794     UNINITIALIZED
                  2000026c    00007530     heap_2.obj (.bss:ucHeap)
                  2000779c    00000140     tasks.obj (.bss:pxReadyTasksLists)
                  200078dc    00000050     (.common:xQueueRegistry)
                  2000792c    00000014     timers.obj (.bss:xActiveTimerList1)
                  20007940    00000014     timers.obj (.bss:xActiveTimerList2)
                  20007954    00000014     tasks.obj (.bss:xDelayedTaskList1)
                  20007968    00000014     tasks.obj (.bss:xDelayedTaskList2)
                  2000797c    00000014     tasks.obj (.bss:xPendingReadyList)
                  20007990    00000014     tasks.obj (.bss:xSuspendedTaskList)
                  200079a4    00000014     tasks.obj (.bss:xTasksWaitingTermination)
                  200079b8    00000008     tasks.obj (.bss)
                  200079c0    00000008     timers.obj (.bss)
                  200079c8    00000008     heap_2.obj (.bss:xEnd)
                  200079d0    00000008     heap_2.obj (.bss:xStart)
                  200079d8    00000004     (.common:calcn)
                  200079dc    00000004     (.common:data_cm)
                  200079e0    00000004     (.common:data_inch)
                  200079e4    00000004     (.common:diff)
                  200079e8    00000004     (.common:echotime)
                  200079ec    00000004     (.common:g_pUARTSemaphore)
                  200079f0    00000004     (.common:sem1)
                  200079f4    00000004     (.common:sem2)
                  200079f8    00000004     (.common:start_time)
                  200079fc    00000004     (.common:xSendQueue)

.data      0    20007c00    0000004c     UNINITIALIZED
                  20007c00    00000030     tasks.obj (.data)
                  20007c30    00000008     heap_2.obj (.data)
                  20007c38    00000008     timers.obj (.data)
                  20007c40    00000005     uartstdio.obj (.data)
                  20007c45    00000001     ultrasonic_sensor.obj (.data)
                  20007c46    00000002     --HOLE--
                  20007c48    00000004     port.obj (.data)

.stack     0    20007a00    00000200     UNINITIALIZED
                  20007a00    00000004     rtsv7M4_T_le_v4SPD16_eabi.lib : boot_cortex_m.c.obj (.stack)
                  20007a04    000001fc     --HOLE--

MODULE SUMMARY

       Module                       code   ro data   rw data
       ------                       ----   -------   -------
    .\
       freertos_demo.obj            1194   0         16     
       ultrasonic_sensor.obj        808    0         25     
       startup_ccs.obj              12     620       0      
    +--+----------------------------+------+---------+---------+
       Total:                       2014   620       41     
                                                            
    .\third_party\FreeRTOS\Source\
       tasks.obj                    2338   0         476    
       queue.obj                    1272   0         80     
       timers.obj                   828    0         56     
       list.obj                     140    0         0      
    +--+----------------------------+------+---------+---------+
       Total:                       4578   0         612    
                                                            
    .\third_party\FreeRTOS\Source\portable\CCS\ARM_CM4F\
       port.obj                     236    4         4      
       portasm.obj                  210    0         0      
    +--+----------------------------+------+---------+---------+
       Total:                       446    4         4      
                                                            
    .\third_party\FreeRTOS\Source\portable\MemMang\
       heap_2.obj                   288    0         30024  
    +--+----------------------------+------+---------+---------+
       Total:                       288    0         30024  
                                                            
    .\utils\
       uartstdio.obj                684    24        5      
    +--+----------------------------+------+---------+---------+
       Total:                       684    24        5      
                                                            
    C:/ti/TivaWare_C_Series-2.1.4.178/driverlib/ccs/Debug/driverlib.lib
       gpio.obj                     598    408       0      
       interrupt.obj                188    112       620    
       sysctl.obj                   330    108       0      
       timer.obj                    144    0         0      
       cpu.obj                      24     0         0      
       uart.obj                     16     0         0      
    +--+----------------------------+------+---------+---------+
       Total:                       1300   628       620    
                                                            
    C:\ti\ccsv8\tools\compiler\ti-cgt-arm_18.1.4.LTS\lib\rtsv7M4_T_le_v4SPD16_eabi.lib
       memcpy_t2.asm.obj            156    0         0      
       memset_t2.asm.obj            122    0         0      
       copy_decompress_lzss.c.obj   104    0         0      
       autoinit.c.obj               68     0         0      
       u_divt2.asm.obj              64     0         0      
       boot_cortex_m.c.obj          56     0         0      
       strlen.c.obj                 20     0         0      
       copy_decompress_none.c.obj   14     0         0      
       copy_zero_init.c.obj         12     0         0      
       exit.c.obj                   4      0         0      
       pre_init.c.obj               4      0         0      
       div0.asm.obj                 2      0         0      
    +--+----------------------------+------+---------+---------+
       Total:                       626    0         0      
                                                            
       Stack:                       0      0         512    
       Linker Generated:            0      72        0      
    +--+----------------------------+------+---------+---------+
       Grand Total:                 9936   1348      31818  


LINKER GENERATED COPY TABLES

__TI_cinit_table @ 00002c00 records: 3, size/record: 8, table size: 24
	.data: load addr=00002bd0, load size=00000014 bytes, run addr=20007c00, run size=0000004c bytes, compression=lzss
	.bss: load addr=00002bf0, load size=00000008 bytes, run addr=2000026c, run size=00007794 bytes, compression=zero_init
	.vtable: load addr=00002bf8, load size=00000008 bytes, run addr=20000000, run size=0000026c bytes, compression=zero_init


LINKER GENERATED HANDLER TABLE

__TI_handler_table @ 00002be4 records: 3, size/record: 4, table size: 12
	index: 0, handler: __TI_zero_init
	index: 1, handler: __TI_decompress_lzss
	index: 2, handler: __TI_decompress_none


GLOBAL SYMBOLS: SORTED ALPHABETICALLY BY Name 

address   name                           
-------   ----                           
0000293b  C$$EXIT                        
000028a9  CPUcpsid                       
000028b5  CPUcpsie                       
000018d9  ConfigureUART                  
00002531  GPIODirModeSet                 
0000290d  GPIOIntClear                   
000028c1  GPIOIntEnable                  
0000272d  GPIOIntRegister                
00001e95  GPIOIntTypeSet                 
000006bf  GPIOPadConfigSet               
00002913  GPIOPinRead                    
00002829  GPIOPinTypeGPIOInput           
00002745  GPIOPinTypeGPIOOutput          
00002919  GPIOPinWrite                   
00001941  IntEnable                      
0000284d  IntMasterDisable               
0000285d  IntMasterEnable                
0000246d  IntRegister                    
0000291f  ResetISR                       
0000109d  Sensor_Init                    
00000a29  SysCtlClockGet                 
00002925  SysCtlDelay                    
000024a1  SysCtlPeripheralEnable         
00001ba9  TimerConfigure                 
0000275d  TimerDisable                   
0000288d  TimerEnable                    
000028f1  TimerValueGet                  
000028fb  UARTCharPut                    
0000292b  UARTClockSourceSet             
00001c09  UARTStdioConfig                
000026f9  UARTprintf                     
000004d5  UARTvprintf                    
0000202d  UARTwrite                      
000017f9  Ultrasonic_sensor_IRQ          
000007f1  Ultrasonic_sensor_task         
20007c00  __STACK_END                    
00000200  __STACK_SIZE                   
20007c00  __STACK_TOP                    
00002c00  __TI_CINIT_Base                
00002c18  __TI_CINIT_Limit               
00002be4  __TI_Handler_Table_Base        
00002bf0  __TI_Handler_Table_Limit       
00002101  __TI_auto_init_nobinit_nopinit 
000019a9  __TI_decompress_lzss           
0000289b  __TI_decompress_none           
ffffffff  __TI_pprof_out_hndl            
ffffffff  __TI_prof_data_size            
ffffffff  __TI_prof_data_start           
00000000  __TI_static_base__             
000028cd  __TI_zero_init                 
00001ba7  __aeabi_idiv0                  
00001ba7  __aeabi_ldiv0                  
0000161d  __aeabi_memclr                 
0000161d  __aeabi_memclr4                
0000161d  __aeabi_memclr8                
00001351  __aeabi_memcpy                 
00001351  __aeabi_memcpy4                
00001351  __aeabi_memcpy8                
0000161f  __aeabi_memset                 
0000161f  __aeabi_memset4                
0000161f  __aeabi_memset8                
00002211  __aeabi_uidiv                  
00002211  __aeabi_uidivmod               
ffffffff  __binit__                      
ffffffff  __c_args__                     
UNDEFED   __mpu_init                     
20007a00  __stack                        
000023fd  _c_int00_noargs                
UNDEFED   _system_post_cinit             
00002937  _system_pre_init               
0000293b  abort                          
ffffffff  binit                          
200079d8  calcn                          
00000fdd  calculation                    
200079dc  data_cm                        
200079e0  data_inch                      
000026a5  delayUs                        
200079e4  diff                           
200079e8  echotime                       
20007c45  flag                           
200079ec  g_pUARTSemaphore               
20000000  g_pfnRAMVectors                
00000000  g_pfnVectors                   
00002389  itoa                           
0000026d  main                           
00001351  memcpy                         
00001625  memset                         
00001159  pvPortMalloc                   
00002775  pvTaskIncrementMutexHeldCount  
20007c00  pxCurrentTCB                   
000025d5  pxPortInitialiseStack          
00001205  receive_queue                  
0000255b  reverse                        
200079f0  sem1                           
200079f4  sem2                           
00002311  send_to_bb                     
200079f8  start_time                     
000027ff  strlen                         
000013ed  transmit_uart                  
00002bcc  ulMaxSyscallInterruptPriority  
00000f19  ulPortGetIPSR                  
00002645  uxListRemove                   
00002623  vApplicationStackOverflowHook  
000027d5  vListInitialise                
00002931  vListInitialiseItem            
00002435  vListInsert                    
0000278d  vListInsertEnd                 
00000fcd  vPortEnableVFP                 
000026dd  vPortEnterCritical             
000027a5  vPortExitCritical              
00002189  vPortFree                      
00000f91  vPortSVCHandler                
00002815  vPortSetupTimerInterrupt       
00000fb1  vPortStartFirstTask            
00002665  vQueueAddToRegistry            
00002251  vQueueWaitForMessageRestricted 
00001d85  vTaskDelay                     
000028d9  vTaskMissedYield               
00001ae1  vTaskPlaceOnEventList          
00001a11  vTaskPlaceOnEventListRestricted
0000147d  vTaskPriorityInherit           
000027bd  vTaskSetTimeOutState           
00001a79  vTaskStartScheduler            
0000287d  vTaskSuspendAll                
0000150d  vTaskSwitchContext             
00000f31  xPortPendSVHandler             
00002291  xPortStartScheduler            
00002505  xPortSysTickHandler            
00001fe1  xQueueCreateMutex              
0000234d  xQueueGenericCreate            
00000911  xQueueGenericReceive           
00001599  xQueueGenericReset             
00000d3d  xQueueGenericSend              
00001de1  xQueueGenericSendFromISR       
200078dc  xQueueRegistry                 
200079fc  xSendQueue                     
00001f41  xTaskCheckForTimeOut           
00000c3d  xTaskGenericCreate             
00002685  xTaskGetSchedulerState         
000028e5  xTaskGetTickCount              
00000b39  xTaskIncrementTick             
00001699  xTaskPriorityDisinherit        
00001711  xTaskRemoveFromEventList       
00000e25  xTaskResumeAll                 
000022d1  xTimerCreateTimerTask          
000021cd  xTimerGenericCommand           


GLOBAL SYMBOLS: SORTED BY Symbol Address 

address   name                           
-------   ----                           
00000000  __TI_static_base__             
00000000  g_pfnVectors                   
00000200  __STACK_SIZE                   
0000026d  main                           
000004d5  UARTvprintf                    
000006bf  GPIOPadConfigSet               
000007f1  Ultrasonic_sensor_task         
00000911  xQueueGenericReceive           
00000a29  SysCtlClockGet                 
00000b39  xTaskIncrementTick             
00000c3d  xTaskGenericCreate             
00000d3d  xQueueGenericSend              
00000e25  xTaskResumeAll                 
00000f19  ulPortGetIPSR                  
00000f31  xPortPendSVHandler             
00000f91  vPortSVCHandler                
00000fb1  vPortStartFirstTask            
00000fcd  vPortEnableVFP                 
00000fdd  calculation                    
0000109d  Sensor_Init                    
00001159  pvPortMalloc                   
00001205  receive_queue                  
00001351  __aeabi_memcpy                 
00001351  __aeabi_memcpy4                
00001351  __aeabi_memcpy8                
00001351  memcpy                         
000013ed  transmit_uart                  
0000147d  vTaskPriorityInherit           
0000150d  vTaskSwitchContext             
00001599  xQueueGenericReset             
0000161d  __aeabi_memclr                 
0000161d  __aeabi_memclr4                
0000161d  __aeabi_memclr8                
0000161f  __aeabi_memset                 
0000161f  __aeabi_memset4                
0000161f  __aeabi_memset8                
00001625  memset                         
00001699  xTaskPriorityDisinherit        
00001711  xTaskRemoveFromEventList       
000017f9  Ultrasonic_sensor_IRQ          
000018d9  ConfigureUART                  
00001941  IntEnable                      
000019a9  __TI_decompress_lzss           
00001a11  vTaskPlaceOnEventListRestricted
00001a79  vTaskStartScheduler            
00001ae1  vTaskPlaceOnEventList          
00001ba7  __aeabi_idiv0                  
00001ba7  __aeabi_ldiv0                  
00001ba9  TimerConfigure                 
00001c09  UARTStdioConfig                
00001d85  vTaskDelay                     
00001de1  xQueueGenericSendFromISR       
00001e95  GPIOIntTypeSet                 
00001f41  xTaskCheckForTimeOut           
00001fe1  xQueueCreateMutex              
0000202d  UARTwrite                      
00002101  __TI_auto_init_nobinit_nopinit 
00002189  vPortFree                      
000021cd  xTimerGenericCommand           
00002211  __aeabi_uidiv                  
00002211  __aeabi_uidivmod               
00002251  vQueueWaitForMessageRestricted 
00002291  xPortStartScheduler            
000022d1  xTimerCreateTimerTask          
00002311  send_to_bb                     
0000234d  xQueueGenericCreate            
00002389  itoa                           
000023fd  _c_int00_noargs                
00002435  vListInsert                    
0000246d  IntRegister                    
000024a1  SysCtlPeripheralEnable         
00002505  xPortSysTickHandler            
00002531  GPIODirModeSet                 
0000255b  reverse                        
000025d5  pxPortInitialiseStack          
00002623  vApplicationStackOverflowHook  
00002645  uxListRemove                   
00002665  vQueueAddToRegistry            
00002685  xTaskGetSchedulerState         
000026a5  delayUs                        
000026dd  vPortEnterCritical             
000026f9  UARTprintf                     
0000272d  GPIOIntRegister                
00002745  GPIOPinTypeGPIOOutput          
0000275d  TimerDisable                   
00002775  pvTaskIncrementMutexHeldCount  
0000278d  vListInsertEnd                 
000027a5  vPortExitCritical              
000027bd  vTaskSetTimeOutState           
000027d5  vListInitialise                
000027ff  strlen                         
00002815  vPortSetupTimerInterrupt       
00002829  GPIOPinTypeGPIOInput           
0000284d  IntMasterDisable               
0000285d  IntMasterEnable                
0000287d  vTaskSuspendAll                
0000288d  TimerEnable                    
0000289b  __TI_decompress_none           
000028a9  CPUcpsid                       
000028b5  CPUcpsie                       
000028c1  GPIOIntEnable                  
000028cd  __TI_zero_init                 
000028d9  vTaskMissedYield               
000028e5  xTaskGetTickCount              
000028f1  TimerValueGet                  
000028fb  UARTCharPut                    
0000290d  GPIOIntClear                   
00002913  GPIOPinRead                    
00002919  GPIOPinWrite                   
0000291f  ResetISR                       
00002925  SysCtlDelay                    
0000292b  UARTClockSourceSet             
00002931  vListInitialiseItem            
00002937  _system_pre_init               
0000293b  C$$EXIT                        
0000293b  abort                          
00002bcc  ulMaxSyscallInterruptPriority  
00002be4  __TI_Handler_Table_Base        
00002bf0  __TI_Handler_Table_Limit       
00002c00  __TI_CINIT_Base                
00002c18  __TI_CINIT_Limit               
20000000  g_pfnRAMVectors                
200078dc  xQueueRegistry                 
200079d8  calcn                          
200079dc  data_cm                        
200079e0  data_inch                      
200079e4  diff                           
200079e8  echotime                       
200079ec  g_pUARTSemaphore               
200079f0  sem1                           
200079f4  sem2                           
200079f8  start_time                     
200079fc  xSendQueue                     
20007a00  __stack                        
20007c00  __STACK_END                    
20007c00  __STACK_TOP                    
20007c00  pxCurrentTCB                   
20007c45  flag                           
ffffffff  __TI_pprof_out_hndl            
ffffffff  __TI_prof_data_size            
ffffffff  __TI_prof_data_start           
ffffffff  __binit__                      
ffffffff  __c_args__                     
ffffffff  binit                          
UNDEFED   __mpu_init                     
UNDEFED   _system_post_cinit             

[146 symbols]
