******************************************************************************
                  TI ARM Linker PC v18.12.3                    
******************************************************************************
>> Linked Mon Apr 13 04:20:03 2020

OUTPUT FILE NAME:   <uart_echo_final.out>
ENTRY POINT SYMBOL: "_c_int00_noargs"  address: 00001d61


MEMORY CONFIGURATION

         name            origin    length      used     unused   attr    fill
----------------------  --------  ---------  --------  --------  ----  --------
  FLASH                 00000000   00100000  00002354  000fdcac  R  X
  SRAM                  20000000   00040000  00000208  0003fdf8  RW X


SEGMENT ALLOCATION MAP

run origin  load origin   length   init length attrs members
----------  ----------- ---------- ----------- ----- -------
00000000    00000000    00002358   00002358    r-x
  00000000    00000000    00000200   00000200    r-- .intvecs
  00000200    00000200    00001d9c   00001d9c    r-x .text
  00001fa0    00001fa0    00000388   00000388    r-- .const
  00002328    00002328    00000030   00000030    r-- .cinit
20000000    20000000    00000208   00000000    rw-
  20000000    20000000    00000200   00000000    rw- .stack
  20000200    20000200    00000004   00000000    rw- .bss
  20000204    20000204    00000004   00000000    rw- .data


SECTION ALLOCATION MAP

 output                                  attributes/
section   page    origin      length       input sections
--------  ----  ----------  ----------   ----------------
.intvecs   0    00000000    00000200     
                  00000000    00000200     startup_ccs.obj (.intvecs)

.text      0    00000200    00001d9c     
                  00000200    000009c0     rtsv7M4_T_le_v4SPD16_eabi.lib : e_pow.c.obj (.text:pow)
                  00000bc0    00000224     tmp102.obj (.text)
                  00000de4    00000200     driverlib.lib : sysctl.obj (.text:SysCtlClockFreqSet)
                  00000fe4    000001b6     rtsv7M4_T_le_v4SPD16_eabi.lib : fd_add_t2.asm.obj (.text)
                  0000119a    00000002     --HOLE-- [fill = 0]
                  0000119c    00000158                                   : e_sqrt.c.obj (.text:sqrt)
                  000012f4    00000136                                   : fd_div_t2.asm.obj (.text)
                  0000142a    00000132     driverlib.lib : gpio.obj (.text:GPIOPadConfigSet)
                  0000155c    00000110     rtsv7M4_T_le_v4SPD16_eabi.lib : s_scalbn.c.obj (.text:scalbn)
                  0000166c    000000fc                                   : fd_mul_t2.asm.obj (.text)
                  00001768    000000f8     uart_echo.obj (.text)
                  00001860    0000009c     rtsv7M4_T_le_v4SPD16_eabi.lib : memcpy_t2.asm.obj (.text)
                  000018fc    00000086                                   : fd_cmp_t2.asm.obj (.text:__aeabi_cdcmple)
                  00001982    00000086                                   : fd_cmp_t2.asm.obj (.text:__aeabi_cdrcmple)
                  00001a08    0000006e                                   : fd_tos_t2.asm.obj (.text)
                  00001a76    00000002     --HOLE-- [fill = 0]
                  00001a78    00000068     driverlib.lib : interrupt.obj (.text:IntEnable)
                  00001ae0    00000068     rtsv7M4_T_le_v4SPD16_eabi.lib : copy_decompress_lzss.c.obj (.text:decompress:lzss:__TI_decompress_lzss)
                  00001b48    0000004c     driverlib.lib : i2c.obj (.text:I2CMasterInitExpClk)
                  00001b94    00000048                   : gpio.obj (.text:GPIOPinConfigure)
                  00001bdc    00000048                   : sysctl.obj (.text:_SysCtlFrequencyGet)
                  00001c24    00000046                   : uart.obj (.text:UARTConfigSetExpClk)
                  00001c6a    00000002     --HOLE-- [fill = 0]
                  00001c6c    00000044     rtsv7M4_T_le_v4SPD16_eabi.lib : autoinit.c.obj (.text:__TI_auto_init_nobinit_nopinit:__TI_auto_init_nobinit_nopinit)
                  00001cb0    00000044                                   : fd_tou_t2.asm.obj (.text)
                  00001cf4    00000038                                   : fs_tod_t2.asm.obj (.text)
                  00001d2c    00000034     driverlib.lib : sysctl.obj (.text:SysCtlPeripheralEnable)
                  00001d60    00000034     rtsv7M4_T_le_v4SPD16_eabi.lib : boot_cortex_m.c.obj (.text:_c_int00_noargs:_c_int00_noargs)
                  00001d94    0000002e                                   : i_tofd_t2.asm.obj (.text)
                  00001dc2    0000002a     driverlib.lib : gpio.obj (.text:GPIODirModeSet)
                  00001dec    00000020                   : uart.obj (.text:UARTDisable)
                  00001e0c    00000020                   : sysctl.obj (.text:_SysCtlMemTimingGet)
                  00001e2c    00000020     rtsv7M4_T_le_v4SPD16_eabi.lib : u_tofd_t2.asm.obj (.text)
                  00001e4c    0000001c                                   : copy_zero_init.c.obj (.text:decompress:ZI:__TI_zero_init_nomemset:__TI_zero_init_nomemset)
                  00001e68    0000001a                                   : s_copysign.c.obj (.text:copysign)
                  00001e82    00000018     driverlib.lib : gpio.obj (.text:GPIOPinTypeGPIOOutput)
                  00001e9a    00000014                   : uart.obj (.text:UARTEnable)
                  00001eae    00000012                   : gpio.obj (.text:GPIOPinTypeI2C)
                  00001ec0    00000012                   : gpio.obj (.text:GPIOPinTypeI2CSCL)
                  00001ed2    00000012                   : gpio.obj (.text:GPIOPinTypeUART)
                  00001ee4    00000010                   : interrupt.obj (.text:IntMasterEnable)
                  00001ef4    0000000e                   : uart.obj (.text:UARTCharGetNonBlocking)
                  00001f02    0000000e                   : uart.obj (.text:UARTCharPutNonBlocking)
                  00001f10    0000000e                   : uart.obj (.text:UARTCharsAvail)
                  00001f1e    0000000e     rtsv7M4_T_le_v4SPD16_eabi.lib : copy_decompress_none.c.obj (.text:decompress:none:__TI_decompress_none)
                  00001f2c    0000000c     driverlib.lib : cpu.obj (.text:CPUcpsie)
                  00001f38    0000000c     startup_ccs.obj (.text)
                  00001f44    0000000a     driverlib.lib : i2c.obj (.text:I2CMasterEnable)
                  00001f4e    0000000a                   : uart.obj (.text:UARTIntStatus)
                  00001f58    00000008                   : i2c.obj (.text:I2CMasterBusy)
                  00001f60    00000008                   : i2c.obj (.text:I2CMasterSlaveAddrSet)
                  00001f68    00000008                   : uart.obj (.text:UARTIntEnable)
                  00001f70    00000008     rtsv7M4_T_le_v4SPD16_eabi.lib : errno.c.obj (.text:__aeabi_errno_addr)
                  00001f78    00000006     driverlib.lib : gpio.obj (.text:GPIOPinWrite)
                  00001f7e    00000006                   : sysctl.obj (.text:SysCtlDelay)
                  00001f84    00000004                   : i2c.obj (.text:I2CMasterControl)
                  00001f88    00000004                   : i2c.obj (.text:I2CMasterDataGet)
                  00001f8c    00000004                   : i2c.obj (.text:I2CMasterDataPut)
                  00001f90    00000004                   : uart.obj (.text:UARTIntClear)
                  00001f94    00000004     rtsv7M4_T_le_v4SPD16_eabi.lib : pre_init.c.obj (.text:_system_pre_init)
                  00001f98    00000004                                   : exit.c.obj (.text:abort:abort)

.const     0    00001fa0    00000388     
                  00001fa0    000001b0     driverlib.lib : sysctl.obj (.const:g_pppui32XTALtoVCO)
                  00002150    00000090                   : gpio.obj (.const:g_pui32GPIOBaseAddrs)
                  000021e0    00000070                   : interrupt.obj (.const)
                  00002250    0000006c                   : sysctl.obj (.const:g_pui32Xtals)
                  000022bc    00000004     --HOLE-- [fill = 0]
                  000022c0    00000030     rtsv7M4_T_le_v4SPD16_eabi.lib : e_pow.c.obj (.const:$O1$$)
                  000022f0    00000030     driverlib.lib : sysctl.obj (.const:g_sXTALtoMEMTIM)
                  00002320    00000008                   : sysctl.obj (.const)

.cinit     0    00002328    00000030     
                  00002328    0000000c     (__TI_handler_table)
                  00002334    00000004     --HOLE-- [fill = 0]
                  00002338    00000008     (.cinit..bss.load) [load image, compression = zero_init]
                  00002340    00000007     (.cinit..data.load) [load image, compression = lzss]
                  00002347    00000001     --HOLE-- [fill = 0]
                  00002348    00000010     (__TI_cinit_table)

.init_array 
*          0    00000000    00000000     UNINITIALIZED

.bss       0    20000200    00000004     UNINITIALIZED
                  20000200    00000004     (.common:g_ui32SysClock)

.data      0    20000204    00000004     UNINITIALIZED
                  20000204    00000004     rtsv7M4_T_le_v4SPD16_eabi.lib : errno.c.obj (.data)

.stack     0    20000000    00000200     UNINITIALIZED
                  20000000    00000004     rtsv7M4_T_le_v4SPD16_eabi.lib : boot_cortex_m.c.obj (.stack)
                  20000004    000001fc     --HOLE--

MODULE SUMMARY

       Module                       code   ro data   rw data
       ------                       ----   -------   -------
    .\
       tmp102.obj                   548    0         0      
       startup_ccs.obj              12     512       0      
       uart_echo.obj                248    0         4      
    +--+----------------------------+------+---------+---------+
       Total:                       808    512       4      
                                                            
    C:/ti/TivaWare_C_Series-Now/driverlib/ccs/Debug/driverlib.lib
       sysctl.obj                   674    596       0      
       gpio.obj                     504    144       0      
       interrupt.obj                120    112       0      
       uart.obj                     186    0         0      
       i2c.obj                      114    0         0      
       cpu.obj                      12     0         0      
    +--+----------------------------+------+---------+---------+
       Total:                       1610   852       0      
                                                            
    C:\ti\ccs920\ccs\tools\compiler\ti-cgt-arm_18.12.3.LTS\lib\rtsv7M4_T_le_v4SPD16_eabi.lib
       e_pow.c.obj                  2496   48        0      
       fd_add_t2.asm.obj            438    0         0      
       e_sqrt.c.obj                 344    0         0      
       fd_div_t2.asm.obj            310    0         0      
       s_scalbn.c.obj               272    0         0      
       fd_cmp_t2.asm.obj            268    0         0      
       fd_mul_t2.asm.obj            252    0         0      
       memcpy_t2.asm.obj            156    0         0      
       fd_tos_t2.asm.obj            110    0         0      
       copy_decompress_lzss.c.obj   104    0         0      
       autoinit.c.obj               68     0         0      
       fd_tou_t2.asm.obj            68     0         0      
       fs_tod_t2.asm.obj            56     0         0      
       boot_cortex_m.c.obj          52     0         0      
       i_tofd_t2.asm.obj            46     0         0      
       u_tofd_t2.asm.obj            32     0         0      
       copy_zero_init.c.obj         28     0         0      
       s_copysign.c.obj             26     0         0      
       copy_decompress_none.c.obj   14     0         0      
       errno.c.obj                  8      0         4      
       exit.c.obj                   4      0         0      
       pre_init.c.obj               4      0         0      
    +--+----------------------------+------+---------+---------+
       Total:                       5156   48        4      
                                                            
       Stack:                       0      0         512    
       Linker Generated:            0      43        0      
    +--+----------------------------+------+---------+---------+
       Grand Total:                 7574   1455      520    


LINKER GENERATED COPY TABLES

__TI_cinit_table @ 00002348 records: 2, size/record: 8, table size: 16
	.bss: load addr=00002338, load size=00000008 bytes, run addr=20000200, run size=00000004 bytes, compression=zero_init
	.data: load addr=00002340, load size=00000007 bytes, run addr=20000204, run size=00000004 bytes, compression=lzss


LINKER GENERATED HANDLER TABLE

__TI_handler_table @ 00002328 records: 3, size/record: 4, table size: 12
	index: 0, handler: __TI_decompress_lzss
	index: 1, handler: __TI_decompress_none
	index: 2, handler: __TI_zero_init


GLOBAL SYMBOLS: SORTED ALPHABETICALLY BY Name 

address   name                          
-------   ----                          
00001f99  C$$EXIT                       
00001f2d  CPUcpsie                      
00001dc3  GPIODirModeSet                
0000142b  GPIOPadConfigSet              
00001b95  GPIOPinConfigure              
00001e83  GPIOPinTypeGPIOOutput         
00001eaf  GPIOPinTypeI2C                
00001ec1  GPIOPinTypeI2CSCL             
00001ed3  GPIOPinTypeUART               
00001f79  GPIOPinWrite                  
00001f59  I2CMasterBusy                 
00001f85  I2CMasterControl              
00001f89  I2CMasterDataGet              
00001f8d  I2CMasterDataPut              
00001f45  I2CMasterEnable               
00001b49  I2CMasterInitExpClk           
00001f61  I2CMasterSlaveAddrSet         
00001a79  IntEnable                     
00001ee5  IntMasterEnable               
00001f39  ResetISR                      
00000de5  SysCtlClockFreqSet            
00001f7f  SysCtlDelay                   
00001d2d  SysCtlPeripheralEnable        
00001ef5  UARTCharGetNonBlocking        
00001f03  UARTCharPutNonBlocking        
00001f11  UARTCharsAvail                
00001c25  UARTConfigSetExpClk           
00001ded  UARTDisable                   
00001e9b  UARTEnable                    
00001f91  UARTIntClear                  
00001f69  UARTIntEnable                 
000017e1  UARTIntHandler                
00001f4f  UARTIntStatus                 
00000ca9  UARTSend                      
20000200  __STACK_END                   
00000200  __STACK_SIZE                  
20000100  __STACK_TOP                   
00002348  __TI_CINIT_Base               
00002358  __TI_CINIT_Limit              
00002328  __TI_Handler_Table_Base       
00002334  __TI_Handler_Table_Limit      
00001c6d  __TI_auto_init_nobinit_nopinit
00001ae1  __TI_decompress_lzss          
00001f1f  __TI_decompress_none          
ffffffff  __TI_pprof_out_hndl           
ffffffff  __TI_prof_data_size           
ffffffff  __TI_prof_data_start          
00000000  __TI_static_base__            
00001e4d  __TI_zero_init_nomemset       
000018fd  __aeabi_cdcmpeq               
000018fd  __aeabi_cdcmple               
00001983  __aeabi_cdrcmple              
00001a09  __aeabi_d2f                   
00001cb1  __aeabi_d2uiz                 
00000fef  __aeabi_dadd                  
000012f5  __aeabi_ddiv                  
0000166d  __aeabi_dmul                  
00000fe5  __aeabi_dsub                  
00001f71  __aeabi_errno_addr            
00001cf5  __aeabi_f2d                   
00001d95  __aeabi_i2d                   
00001861  __aeabi_memcpy                
00001861  __aeabi_memcpy4               
00001861  __aeabi_memcpy8               
00001e2d  __aeabi_ui2d                  
ffffffff  __binit__                     
ffffffff  __c_args__                    
UNDEFED   __mpu_init                    
20000000  __stack                       
00001d61  _c_int00_noargs               
UNDEFED   _system_post_cinit            
00001f95  _system_pre_init              
00001f99  abort                         
ffffffff  binit                         
00001e69  copysign                      
00001e69  copysignl                     
20000204  errno                         
00000c2f  ftoa                          
00000000  g_pfnVectors                  
20000200  g_ui32SysClock                
00000be7  intToStr                      
0000155d  ldexp                         
0000155d  ldexpl                        
00001769  main                          
00001861  memcpy                        
00000201  pow                           
00000201  powl                          
00000bc1  reverse                       
0000155d  scalbn                        
0000155d  scalbnl                       
0000119d  sqrt                          
0000119d  sqrtl                         
00000d7b  temp_init                     
00000cc1  temp_read                     


GLOBAL SYMBOLS: SORTED BY Symbol Address 

address   name                          
-------   ----                          
00000000  __TI_static_base__            
00000000  g_pfnVectors                  
00000200  __STACK_SIZE                  
00000201  pow                           
00000201  powl                          
00000bc1  reverse                       
00000be7  intToStr                      
00000c2f  ftoa                          
00000ca9  UARTSend                      
00000cc1  temp_read                     
00000d7b  temp_init                     
00000de5  SysCtlClockFreqSet            
00000fe5  __aeabi_dsub                  
00000fef  __aeabi_dadd                  
0000119d  sqrt                          
0000119d  sqrtl                         
000012f5  __aeabi_ddiv                  
0000142b  GPIOPadConfigSet              
0000155d  ldexp                         
0000155d  ldexpl                        
0000155d  scalbn                        
0000155d  scalbnl                       
0000166d  __aeabi_dmul                  
00001769  main                          
000017e1  UARTIntHandler                
00001861  __aeabi_memcpy                
00001861  __aeabi_memcpy4               
00001861  __aeabi_memcpy8               
00001861  memcpy                        
000018fd  __aeabi_cdcmpeq               
000018fd  __aeabi_cdcmple               
00001983  __aeabi_cdrcmple              
00001a09  __aeabi_d2f                   
00001a79  IntEnable                     
00001ae1  __TI_decompress_lzss          
00001b49  I2CMasterInitExpClk           
00001b95  GPIOPinConfigure              
00001c25  UARTConfigSetExpClk           
00001c6d  __TI_auto_init_nobinit_nopinit
00001cb1  __aeabi_d2uiz                 
00001cf5  __aeabi_f2d                   
00001d2d  SysCtlPeripheralEnable        
00001d61  _c_int00_noargs               
00001d95  __aeabi_i2d                   
00001dc3  GPIODirModeSet                
00001ded  UARTDisable                   
00001e2d  __aeabi_ui2d                  
00001e4d  __TI_zero_init_nomemset       
00001e69  copysign                      
00001e69  copysignl                     
00001e83  GPIOPinTypeGPIOOutput         
00001e9b  UARTEnable                    
00001eaf  GPIOPinTypeI2C                
00001ec1  GPIOPinTypeI2CSCL             
00001ed3  GPIOPinTypeUART               
00001ee5  IntMasterEnable               
00001ef5  UARTCharGetNonBlocking        
00001f03  UARTCharPutNonBlocking        
00001f11  UARTCharsAvail                
00001f1f  __TI_decompress_none          
00001f2d  CPUcpsie                      
00001f39  ResetISR                      
00001f45  I2CMasterEnable               
00001f4f  UARTIntStatus                 
00001f59  I2CMasterBusy                 
00001f61  I2CMasterSlaveAddrSet         
00001f69  UARTIntEnable                 
00001f71  __aeabi_errno_addr            
00001f79  GPIOPinWrite                  
00001f7f  SysCtlDelay                   
00001f85  I2CMasterControl              
00001f89  I2CMasterDataGet              
00001f8d  I2CMasterDataPut              
00001f91  UARTIntClear                  
00001f95  _system_pre_init              
00001f99  C$$EXIT                       
00001f99  abort                         
00002328  __TI_Handler_Table_Base       
00002334  __TI_Handler_Table_Limit      
00002348  __TI_CINIT_Base               
00002358  __TI_CINIT_Limit              
20000000  __stack                       
20000100  __STACK_TOP                   
20000200  __STACK_END                   
20000200  g_ui32SysClock                
20000204  errno                         
ffffffff  __TI_pprof_out_hndl           
ffffffff  __TI_prof_data_size           
ffffffff  __TI_prof_data_start          
ffffffff  __binit__                     
ffffffff  __c_args__                    
ffffffff  binit                         
UNDEFED   __mpu_init                    
UNDEFED   _system_post_cinit            

[94 symbols]
