******************************************************************************
                  TI ARM Linker PC v18.12.3                    
******************************************************************************
>> Linked Sat Apr 25 18:47:05 2020

OUTPUT FILE NAME:   <uart_echo.out>
ENTRY POINT SYMBOL: "_c_int00_noargs"  address: 00001e6d


MEMORY CONFIGURATION

         name            origin    length      used     unused   attr    fill
----------------------  --------  ---------  --------  --------  ----  --------
  FLASH                 00000000   00100000  000020f1  000fdf0f  R  X
  SRAM                  20000000   00040000  0000010c  0003fef4  RW X


SEGMENT ALLOCATION MAP

run origin  load origin   length   init length attrs members
----------  ----------- ---------- ----------- ----- -------
00000000    00000000    000020f8   000020f8    r-x
  00000000    00000000    000001fc   000001fc    r-- .intvecs
  000001fc    000001fc    00001e02   00001e02    r-x .text
  00002000    00002000    000000db   000000db    r-- .const
  000020e0    000020e0    00000018   00000018    r-- .cinit
20000000    20000000    0000010c   00000000    rw-
  20000000    20000000    00000100   00000000    rw- .stack
  20000100    20000100    0000000c   00000000    rw- .data


SECTION ALLOCATION MAP

 output                                  attributes/
section   page    origin      length       input sections
--------  ----  ----------  ----------   ----------------
.intvecs   0    00000000    000001fc     
                  00000000    000001fc     startup_ccs.obj (.intvecs)

.text      0    000001fc    00001e02     
                  000001fc    000009c0     rtsv7M4_T_le_v4SPD16_eabi.lib : e_pow.c.obj (.text:pow)
                  00000bbc    000001ee     uartstdio.obj (.text:UARTvprintf)
                  00000daa    000001b6     rtsv7M4_T_le_v4SPD16_eabi.lib : fd_add_t2.asm.obj (.text)
                  00000f60    00000158                                   : e_sqrt.c.obj (.text:sqrt)
                  000010b8    00000136                                   : fd_div_t2.asm.obj (.text)
                  000011ee    00000132     driverlib.lib : gpio.obj (.text:GPIOPadConfigSet)
                  00001320    00000118     tmp102.obj (.text:temp_read)
                  00001438    00000110     rtsv7M4_T_le_v4SPD16_eabi.lib : s_scalbn.c.obj (.text:scalbn)
                  00001548    000000fc                                   : fd_mul_t2.asm.obj (.text)
                  00001644    000000f4     driverlib.lib : sysctl.obj (.text:SysCtlClockSet)
                  00001738    0000009c     rtsv7M4_T_le_v4SPD16_eabi.lib : memcpy_t2.asm.obj (.text)
                  000017d4    00000090     uart_echo.obj (.text:main)
                  00001864    00000086     rtsv7M4_T_le_v4SPD16_eabi.lib : fd_cmp_t2.asm.obj (.text:__aeabi_cdcmple)
                  000018ea    00000086                                   : fd_cmp_t2.asm.obj (.text:__aeabi_cdrcmple)
                  00001970    00000084     tmp102.obj (.text:ftoa)
                  000019f4    00000070     uart_echo.obj (.text:ConfigureUART4)
                  00001a64    0000006e     rtsv7M4_T_le_v4SPD16_eabi.lib : fd_tos_t2.asm.obj (.text)
                  00001ad2    00000068                                   : copy_decompress_lzss.c.obj (.text:decompress:lzss:__TI_decompress_lzss)
                  00001b3a    00000002     startup_ccs.obj (.text:FaultISR)
                  00001b3c    00000064     uart_echo.obj (.text:ConfigureUART)
                  00001ba0    00000060     uartstdio.obj (.text:UARTStdioConfig)
                  00001c00    00000060     tmp102.obj (.text:temp_init)
                  00001c60    00000048     driverlib.lib : gpio.obj (.text:GPIOPinConfigure)
                  00001ca8    00000048     uartstdio.obj (.text:UARTwrite)
                  00001cf0    00000048     tmp102.obj (.text:intToStr)
                  00001d38    00000044     rtsv7M4_T_le_v4SPD16_eabi.lib : autoinit.c.obj (.text:__TI_auto_init_nobinit_nopinit:__TI_auto_init_nobinit_nopinit)
                  00001d7c    00000044                                   : fd_tou_t2.asm.obj (.text)
                  00001dc0    00000040                                   : u_divt2.asm.obj (.text)
                  00001e00    00000038                                   : fs_tod_t2.asm.obj (.text)
                  00001e38    00000034     driverlib.lib : sysctl.obj (.text:SysCtlPeripheralEnable)
                  00001e6c    00000034     rtsv7M4_T_le_v4SPD16_eabi.lib : boot_cortex_m.c.obj (.text:_c_int00_noargs:_c_int00_noargs)
                  00001ea0    0000002e                                   : i_tofd_t2.asm.obj (.text)
                  00001ece    0000002a     driverlib.lib : gpio.obj (.text:GPIODirModeSet)
                  00001ef8    00000026     tmp102.obj (.text:reverse)
                  00001f1e    00000020     rtsv7M4_T_le_v4SPD16_eabi.lib : u_tofd_t2.asm.obj (.text)
                  00001f3e    0000001a     uartstdio.obj (.text:UARTprintf)
                  00001f58    0000001a     rtsv7M4_T_le_v4SPD16_eabi.lib : s_copysign.c.obj (.text:copysign)
                  00001f72    00000012     driverlib.lib : gpio.obj (.text:GPIOPinTypeI2C)
                  00001f84    00000012                   : gpio.obj (.text:GPIOPinTypeI2CSCL)
                  00001f96    0000000e                   : uart.obj (.text:UARTCharPutNonBlocking)
                  00001fa4    0000000e     rtsv7M4_T_le_v4SPD16_eabi.lib : copy_decompress_none.c.obj (.text:decompress:none:__TI_decompress_none)
                  00001fb2    00000008     driverlib.lib : i2c.obj (.text:I2CMasterBusy)
                  00001fba    00000008                   : i2c.obj (.text:I2CMasterSlaveAddrSet)
                  00001fc2    00000008                   : uart.obj (.text:UARTBusy)
                  00001fca    00000002     startup_ccs.obj (.text:IntDefaultHandler)
                  00001fcc    00000008     rtsv7M4_T_le_v4SPD16_eabi.lib : errno.c.obj (.text:__aeabi_errno_addr)
                  00001fd4    00000006     startup_ccs.obj (.text:ResetISR)
                  00001fda    00000006     driverlib.lib : sysctl.obj (.text:SysCtlDelay)
                  00001fe0    00000006                   : uart.obj (.text:UARTClockSourceSet)
                  00001fe6    00000004                   : i2c.obj (.text:I2CMasterControl)
                  00001fea    00000004                   : i2c.obj (.text:I2CMasterDataGet)
                  00001fee    00000004                   : i2c.obj (.text:I2CMasterDataPut)
                  00001ff2    00000004     rtsv7M4_T_le_v4SPD16_eabi.lib : pre_init.c.obj (.text:_system_pre_init)
                  00001ff6    00000004                                   : exit.c.obj (.text:abort:abort)
                  00001ffa    00000002     startup_ccs.obj (.text:NmiSR)
                  00001ffc    00000002     rtsv7M4_T_le_v4SPD16_eabi.lib : div0.asm.obj (.text)

.const     0    00002000    000000db     
                  00002000    00000090     driverlib.lib : gpio.obj (.const:g_pui32GPIOBaseAddrs)
                  00002090    00000030     rtsv7M4_T_le_v4SPD16_eabi.lib : e_pow.c.obj (.const:$O1$$)
                  000020c0    0000000c     uartstdio.obj (.const:g_ui32UARTBase)
                  000020cc    0000000c     uartstdio.obj (.const:g_ui32UARTPeriph)
                  000020d8    00000003     uart_echo.obj (.const:.string:$P$T0$1)

.cinit     0    000020e0    00000018     
                  000020e0    00000008     (__TI_handler_table)
                  000020e8    00000007     (.cinit..data.load) [load image, compression = lzss]
                  000020ef    00000001     --HOLE-- [fill = 0]
                  000020f0    00000008     (__TI_cinit_table)

.init_array 
*          0    00000000    00000000     UNINITIALIZED

.data      0    20000100    0000000c     UNINITIALIZED
                  20000100    00000005     uartstdio.obj (.data)
                  20000105    00000003     --HOLE--
                  20000108    00000004     rtsv7M4_T_le_v4SPD16_eabi.lib : errno.c.obj (.data)

.stack     0    20000000    00000100     UNINITIALIZED
                  20000000    00000004     rtsv7M4_T_le_v4SPD16_eabi.lib : boot_cortex_m.c.obj (.stack)
                  20000004    000000fc     --HOLE--

MODULE SUMMARY

       Module                       code   ro data   rw data
       ------                       ----   -------   -------
    .\
       uartstdio.obj                688    24        5      
       tmp102.obj                   618    0         0      
       startup_ccs.obj              12     508       0      
       uart_echo.obj                356    3         0      
    +--+----------------------------+------+---------+---------+
       Total:                       1674   535       5      
                                                            
    C:/ti/TivaWare_C_Series-2.1.4.178/driverlib/ccs/Debug/driverlib.lib
       gpio.obj                     456    144       0      
       sysctl.obj                   302    0         0      
       i2c.obj                      28     0         0      
       uart.obj                     28     0         0      
    +--+----------------------------+------+---------+---------+
       Total:                       814    144       0      
                                                            
    C:\ti\ccs920\ccs\tools\compiler\ti-cgt-arm_18.12.3.LTS\lib\rtsv7M4_T_le_v4SPD16_eabi.lib
       e_pow.c.obj                  2496   48        0      
       fd_add_t2.asm.obj            438    0         0      
       e_sqrt.c.obj                 344    0         0      
       fd_div_t2.asm.obj            310    0         0      
       s_scalbn.c.obj               272    0         0      
       fd_cmp_t2.asm.obj            268    0         0      
       fd_mul_t2.asm.obj            252    0         0      
       memcpy_t2.asm.obj            156    0         0      
       fd_tos_t2.asm.obj            110    0         0      
       copy_decompress_lzss.c.obj   104    0         0      
       autoinit.c.obj               68     0         0      
       fd_tou_t2.asm.obj            68     0         0      
       u_divt2.asm.obj              64     0         0      
       fs_tod_t2.asm.obj            56     0         0      
       boot_cortex_m.c.obj          52     0         0      
       i_tofd_t2.asm.obj            46     0         0      
       u_tofd_t2.asm.obj            32     0         0      
       s_copysign.c.obj             26     0         0      
       copy_decompress_none.c.obj   14     0         0      
       errno.c.obj                  8      0         4      
       exit.c.obj                   4      0         0      
       pre_init.c.obj               4      0         0      
       div0.asm.obj                 2      0         0      
    +--+----------------------------+------+---------+---------+
       Total:                       5194   48        4      
                                                            
       Stack:                       0      0         256    
       Linker Generated:            0      23        0      
    +--+----------------------------+------+---------+---------+
       Grand Total:                 7682   750       265    


LINKER GENERATED COPY TABLES

__TI_cinit_table @ 000020f0 records: 1, size/record: 8, table size: 8
	.data: load addr=000020e8, load size=00000007 bytes, run addr=20000100, run size=0000000c bytes, compression=lzss


LINKER GENERATED HANDLER TABLE

__TI_handler_table @ 000020e0 records: 2, size/record: 4, table size: 8
	index: 0, handler: __TI_decompress_lzss
	index: 1, handler: __TI_decompress_none


GLOBAL SYMBOLS: SORTED ALPHABETICALLY BY Name 

address   name                          
-------   ----                          
00001ff7  C$$EXIT                       
00001b3d  ConfigureUART                 
000019f5  ConfigureUART4                
00001ecf  GPIODirModeSet                
000011ef  GPIOPadConfigSet              
00001c61  GPIOPinConfigure              
00001f73  GPIOPinTypeI2C                
00001f85  GPIOPinTypeI2CSCL             
00001fb3  I2CMasterBusy                 
00001fe7  I2CMasterControl              
00001feb  I2CMasterDataGet              
00001fef  I2CMasterDataPut              
00001fbb  I2CMasterSlaveAddrSet         
00001fd5  ResetISR                      
00001645  SysCtlClockSet                
00001fdb  SysCtlDelay                   
00001e39  SysCtlPeripheralEnable        
00001fc3  UARTBusy                      
00001f97  UARTCharPutNonBlocking        
00001fe1  UARTClockSourceSet            
00001ba1  UARTStdioConfig               
00001f3f  UARTprintf                    
00000bbd  UARTvprintf                   
00001ca9  UARTwrite                     
20000100  __STACK_END                   
00000100  __STACK_SIZE                  
20000100  __STACK_TOP                   
000020f0  __TI_CINIT_Base               
000020f8  __TI_CINIT_Limit              
000020e0  __TI_Handler_Table_Base       
000020e8  __TI_Handler_Table_Limit      
00001d39  __TI_auto_init_nobinit_nopinit
00001ad3  __TI_decompress_lzss          
00001fa5  __TI_decompress_none          
ffffffff  __TI_pprof_out_hndl           
ffffffff  __TI_prof_data_size           
ffffffff  __TI_prof_data_start          
00000000  __TI_static_base__            
00001865  __aeabi_cdcmpeq               
00001865  __aeabi_cdcmple               
000018eb  __aeabi_cdrcmple              
00001a65  __aeabi_d2f                   
00001d7d  __aeabi_d2uiz                 
00000db5  __aeabi_dadd                  
000010b9  __aeabi_ddiv                  
00001549  __aeabi_dmul                  
00000dab  __aeabi_dsub                  
00001fcd  __aeabi_errno_addr            
00001e01  __aeabi_f2d                   
00001ea1  __aeabi_i2d                   
00001ffd  __aeabi_idiv0                 
00001ffd  __aeabi_ldiv0                 
00001739  __aeabi_memcpy                
00001739  __aeabi_memcpy4               
00001739  __aeabi_memcpy8               
00001f1f  __aeabi_ui2d                  
00001dc1  __aeabi_uidiv                 
00001dc1  __aeabi_uidivmod              
ffffffff  __binit__                     
ffffffff  __c_args__                    
UNDEFED   __mpu_init                    
20000000  __stack                       
00001e6d  _c_int00_noargs               
UNDEFED   _system_post_cinit            
00001ff3  _system_pre_init              
00001ff7  abort                         
ffffffff  binit                         
00001f59  copysign                      
00001f59  copysignl                     
20000108  errno                         
00001971  ftoa                          
00000000  g_pfnVectors                  
00001cf1  intToStr                      
00001439  ldexp                         
00001439  ldexpl                        
000017d5  main                          
00001739  memcpy                        
000001fd  pow                           
000001fd  powl                          
00001ef9  reverse                       
00001439  scalbn                        
00001439  scalbnl                       
00000f61  sqrt                          
00000f61  sqrtl                         
00001c01  temp_init                     
00001321  temp_read                     


GLOBAL SYMBOLS: SORTED BY Symbol Address 

address   name                          
-------   ----                          
00000000  __TI_static_base__            
00000000  g_pfnVectors                  
00000100  __STACK_SIZE                  
000001fd  pow                           
000001fd  powl                          
00000bbd  UARTvprintf                   
00000dab  __aeabi_dsub                  
00000db5  __aeabi_dadd                  
00000f61  sqrt                          
00000f61  sqrtl                         
000010b9  __aeabi_ddiv                  
000011ef  GPIOPadConfigSet              
00001321  temp_read                     
00001439  ldexp                         
00001439  ldexpl                        
00001439  scalbn                        
00001439  scalbnl                       
00001549  __aeabi_dmul                  
00001645  SysCtlClockSet                
00001739  __aeabi_memcpy                
00001739  __aeabi_memcpy4               
00001739  __aeabi_memcpy8               
00001739  memcpy                        
000017d5  main                          
00001865  __aeabi_cdcmpeq               
00001865  __aeabi_cdcmple               
000018eb  __aeabi_cdrcmple              
00001971  ftoa                          
000019f5  ConfigureUART4                
00001a65  __aeabi_d2f                   
00001ad3  __TI_decompress_lzss          
00001b3d  ConfigureUART                 
00001ba1  UARTStdioConfig               
00001c01  temp_init                     
00001c61  GPIOPinConfigure              
00001ca9  UARTwrite                     
00001cf1  intToStr                      
00001d39  __TI_auto_init_nobinit_nopinit
00001d7d  __aeabi_d2uiz                 
00001dc1  __aeabi_uidiv                 
00001dc1  __aeabi_uidivmod              
00001e01  __aeabi_f2d                   
00001e39  SysCtlPeripheralEnable        
00001e6d  _c_int00_noargs               
00001ea1  __aeabi_i2d                   
00001ecf  GPIODirModeSet                
00001ef9  reverse                       
00001f1f  __aeabi_ui2d                  
00001f3f  UARTprintf                    
00001f59  copysign                      
00001f59  copysignl                     
00001f73  GPIOPinTypeI2C                
00001f85  GPIOPinTypeI2CSCL             
00001f97  UARTCharPutNonBlocking        
00001fa5  __TI_decompress_none          
00001fb3  I2CMasterBusy                 
00001fbb  I2CMasterSlaveAddrSet         
00001fc3  UARTBusy                      
00001fcd  __aeabi_errno_addr            
00001fd5  ResetISR                      
00001fdb  SysCtlDelay                   
00001fe1  UARTClockSourceSet            
00001fe7  I2CMasterControl              
00001feb  I2CMasterDataGet              
00001fef  I2CMasterDataPut              
00001ff3  _system_pre_init              
00001ff7  C$$EXIT                       
00001ff7  abort                         
00001ffd  __aeabi_idiv0                 
00001ffd  __aeabi_ldiv0                 
000020e0  __TI_Handler_Table_Base       
000020e8  __TI_Handler_Table_Limit      
000020f0  __TI_CINIT_Base               
000020f8  __TI_CINIT_Limit              
20000000  __stack                       
20000100  __STACK_END                   
20000100  __STACK_TOP                   
20000108  errno                         
ffffffff  __TI_pprof_out_hndl           
ffffffff  __TI_prof_data_size           
ffffffff  __TI_prof_data_start          
ffffffff  __binit__                     
ffffffff  __c_args__                    
ffffffff  binit                         
UNDEFED   __mpu_init                    
UNDEFED   _system_post_cinit            

[86 symbols]
