<?xml version="1.0" encoding="ISO-8859-1" ?>
<link_info>
   <banner>TI ARM Linker PC v18.1.4.LTS</banner>
   <copyright>Copyright (c) 1996-2018 Texas Instruments Incorporated</copyright>
   <link_time>0x5e9d0dd2</link_time>
   <link_errors>0x0</link_errors>
   <output_file>freertos_demo.out</output_file>
   <entry_point>
      <name>_c_int00_noargs</name>
      <address>0xfb9</address>
   </entry_point>
   <input_file_list>
      <input_file id="fl-2">
         <path>.\</path>
         <kind>object</kind>
         <file>freertos_demo.obj</file>
         <name>freertos_demo.obj</name>
      </input_file>
      <input_file id="fl-3">
         <path>.\</path>
         <kind>object</kind>
         <file>led_task.obj</file>
         <name>led_task.obj</name>
      </input_file>
      <input_file id="fl-4">
         <path>.\</path>
         <kind>object</kind>
         <file>startup_ccs.obj</file>
         <name>startup_ccs.obj</name>
      </input_file>
      <input_file id="fl-5">
         <path>.\</path>
         <kind>object</kind>
         <file>switch_task.obj</file>
         <name>switch_task.obj</name>
      </input_file>
      <input_file id="fl-6">
         <path>.\drivers\</path>
         <kind>object</kind>
         <file>buttons.obj</file>
         <name>buttons.obj</name>
      </input_file>
      <input_file id="fl-7">
         <path>.\drivers\</path>
         <kind>object</kind>
         <file>rgb.obj</file>
         <name>rgb.obj</name>
      </input_file>
      <input_file id="fl-8">
         <path>.\third_party\FreeRTOS\Source\</path>
         <kind>object</kind>
         <file>list.obj</file>
         <name>list.obj</name>
      </input_file>
      <input_file id="fl-9">
         <path>.\third_party\FreeRTOS\Source\</path>
         <kind>object</kind>
         <file>queue.obj</file>
         <name>queue.obj</name>
      </input_file>
      <input_file id="fl-a">
         <path>.\third_party\FreeRTOS\Source\</path>
         <kind>object</kind>
         <file>tasks.obj</file>
         <name>tasks.obj</name>
      </input_file>
      <input_file id="fl-b">
         <path>.\third_party\FreeRTOS\Source\</path>
         <kind>object</kind>
         <file>timers.obj</file>
         <name>timers.obj</name>
      </input_file>
      <input_file id="fl-c">
         <path>.\third_party\FreeRTOS\Source\portable\CCS\ARM_CM4F\</path>
         <kind>object</kind>
         <file>port.obj</file>
         <name>port.obj</name>
      </input_file>
      <input_file id="fl-d">
         <path>.\third_party\FreeRTOS\Source\portable\CCS\ARM_CM4F\</path>
         <kind>object</kind>
         <file>portasm.obj</file>
         <name>portasm.obj</name>
      </input_file>
      <input_file id="fl-e">
         <path>.\third_party\FreeRTOS\Source\portable\MemMang\</path>
         <kind>object</kind>
         <file>heap_2.obj</file>
         <name>heap_2.obj</name>
      </input_file>
      <input_file id="fl-f">
         <path>.\utils\</path>
         <kind>object</kind>
         <file>uartstdio.obj</file>
         <name>uartstdio.obj</name>
      </input_file>
      <input_file id="fl-10">
         <path>.\utils\</path>
         <kind>object</kind>
         <file>ustdlib.obj</file>
         <name>ustdlib.obj</name>
      </input_file>
      <input_file id="fl-15">
         <kind>object</kind>
         <file>&lt;internal&gt;</file>
         <name>&lt;internal&gt;</name>
      </input_file>
      <input_file id="fl-cb">
         <path>C:\ti\ccsv8\tools\compiler\ti-cgt-arm_18.1.4.LTS\lib\</path>
         <kind>archive</kind>
         <file>rtsv7M4_T_le_v4SPD16_eabi.lib</file>
         <name>u_divt2.asm.obj</name>
      </input_file>
      <input_file id="fl-cc">
         <path>C:\ti\ccsv8\tools\compiler\ti-cgt-arm_18.1.4.LTS\lib\</path>
         <kind>archive</kind>
         <file>rtsv7M4_T_le_v4SPD16_eabi.lib</file>
         <name>fs_toull_t2.asm.obj</name>
      </input_file>
      <input_file id="fl-cd">
         <path>C:\ti\ccsv8\tools\compiler\ti-cgt-arm_18.1.4.LTS\lib\</path>
         <kind>archive</kind>
         <file>rtsv7M4_T_le_v4SPD16_eabi.lib</file>
         <name>memcpy_t2.asm.obj</name>
      </input_file>
      <input_file id="fl-ce">
         <path>C:\ti\ccsv8\tools\compiler\ti-cgt-arm_18.1.4.LTS\lib\</path>
         <kind>archive</kind>
         <file>rtsv7M4_T_le_v4SPD16_eabi.lib</file>
         <name>memset_t2.asm.obj</name>
      </input_file>
      <input_file id="fl-cf">
         <path>C:\ti\ccsv8\tools\compiler\ti-cgt-arm_18.1.4.LTS\lib\</path>
         <kind>archive</kind>
         <file>rtsv7M4_T_le_v4SPD16_eabi.lib</file>
         <name>copy_zero_init.c.obj</name>
      </input_file>
      <input_file id="fl-d0">
         <path>C:\ti\ccsv8\tools\compiler\ti-cgt-arm_18.1.4.LTS\lib\</path>
         <kind>archive</kind>
         <file>rtsv7M4_T_le_v4SPD16_eabi.lib</file>
         <name>copy_decompress_none.c.obj</name>
      </input_file>
      <input_file id="fl-d1">
         <path>C:\ti\ccsv8\tools\compiler\ti-cgt-arm_18.1.4.LTS\lib\</path>
         <kind>archive</kind>
         <file>rtsv7M4_T_le_v4SPD16_eabi.lib</file>
         <name>copy_decompress_lzss.c.obj</name>
      </input_file>
      <input_file id="fl-d2">
         <path>C:\ti\ccsv8\tools\compiler\ti-cgt-arm_18.1.4.LTS\lib\</path>
         <kind>archive</kind>
         <file>rtsv7M4_T_le_v4SPD16_eabi.lib</file>
         <name>boot_cortex_m.c.obj</name>
      </input_file>
      <input_file id="fl-d3">
         <path>C:\ti\ccsv8\tools\compiler\ti-cgt-arm_18.1.4.LTS\lib\</path>
         <kind>archive</kind>
         <file>rtsv7M4_T_le_v4SPD16_eabi.lib</file>
         <name>exit.c.obj</name>
      </input_file>
      <input_file id="fl-d4">
         <path>C:\ti\ccsv8\tools\compiler\ti-cgt-arm_18.1.4.LTS\lib\</path>
         <kind>archive</kind>
         <file>rtsv7M4_T_le_v4SPD16_eabi.lib</file>
         <name>_lock.c.obj</name>
      </input_file>
      <input_file id="fl-d5">
         <path>C:\ti\ccsv8\tools\compiler\ti-cgt-arm_18.1.4.LTS\lib\</path>
         <kind>archive</kind>
         <file>rtsv7M4_T_le_v4SPD16_eabi.lib</file>
         <name>args_main.c.obj</name>
      </input_file>
      <input_file id="fl-d6">
         <path>C:\ti\ccsv8\tools\compiler\ti-cgt-arm_18.1.4.LTS\lib\</path>
         <kind>archive</kind>
         <file>rtsv7M4_T_le_v4SPD16_eabi.lib</file>
         <name>div0.asm.obj</name>
      </input_file>
      <input_file id="fl-d7">
         <path>C:\ti\ccsv8\tools\compiler\ti-cgt-arm_18.1.4.LTS\lib\</path>
         <kind>archive</kind>
         <file>rtsv7M4_T_le_v4SPD16_eabi.lib</file>
         <name>autoinit.c.obj</name>
      </input_file>
      <input_file id="fl-d8">
         <path>C:\ti\ccsv8\tools\compiler\ti-cgt-arm_18.1.4.LTS\lib\</path>
         <kind>archive</kind>
         <file>rtsv7M4_T_le_v4SPD16_eabi.lib</file>
         <name>pre_init.c.obj</name>
      </input_file>
      <input_file id="fl-d9">
         <path>C:\ti\ccsv8\tools\compiler\ti-cgt-arm_18.1.4.LTS\lib\</path>
         <kind>archive</kind>
         <file>rtsv7M4_T_le_v4SPD16_eabi.lib</file>
         <name>cpy_tbl.c.obj</name>
      </input_file>
      <input_file id="fl-da">
         <path>C:\ti\TivaWare_C_Series-2.1.4.178\driverlib\ccs\Debug\</path>
         <kind>archive</kind>
         <file>driverlib.lib</file>
         <name>gpio.obj</name>
      </input_file>
      <input_file id="fl-db">
         <path>C:\ti\TivaWare_C_Series-2.1.4.178\driverlib\ccs\Debug\</path>
         <kind>archive</kind>
         <file>driverlib.lib</file>
         <name>interrupt.obj</name>
      </input_file>
      <input_file id="fl-dc">
         <path>C:\ti\TivaWare_C_Series-2.1.4.178\driverlib\ccs\Debug\</path>
         <kind>archive</kind>
         <file>driverlib.lib</file>
         <name>sysctl.obj</name>
      </input_file>
      <input_file id="fl-dd">
         <path>C:\ti\TivaWare_C_Series-2.1.4.178\driverlib\ccs\Debug\</path>
         <kind>archive</kind>
         <file>driverlib.lib</file>
         <name>timer.obj</name>
      </input_file>
      <input_file id="fl-de">
         <path>C:\ti\TivaWare_C_Series-2.1.4.178\driverlib\ccs\Debug\</path>
         <kind>archive</kind>
         <file>driverlib.lib</file>
         <name>uart.obj</name>
      </input_file>
      <input_file id="fl-df">
         <path>C:\ti\TivaWare_C_Series-2.1.4.178\driverlib\ccs\Debug\</path>
         <kind>archive</kind>
         <file>driverlib.lib</file>
         <name>cpu.obj</name>
      </input_file>
   </input_file_list>
   <object_component_list>
      <object_component id="oc-f">
         <name>.intvecs</name>
         <load_address>0x0</load_address>
         <run_address>0x0</run_address>
         <size>0x26c</size>
         <input_file_ref idref="fl-4"/>
      </object_component>
      <object_component id="oc-1cf">
         <name>.text:UARTvprintf</name>
         <load_address>0x26c</load_address>
         <run_address>0x26c</run_address>
         <size>0x1ea</size>
         <input_file_ref idref="fl-f"/>
      </object_component>
      <object_component id="oc-1ee">
         <name>.text:GPIOPadConfigSet</name>
         <load_address>0x456</load_address>
         <run_address>0x456</run_address>
         <size>0x132</size>
         <input_file_ref idref="fl-da"/>
      </object_component>
      <object_component id="oc-221">
         <name>.text:SysCtlClockGet</name>
         <load_address>0x588</load_address>
         <run_address>0x588</run_address>
         <size>0x110</size>
         <input_file_ref idref="fl-dc"/>
      </object_component>
      <object_component id="oc-98">
         <name>.text:xTaskIncrementTick</name>
         <load_address>0x698</load_address>
         <run_address>0x698</run_address>
         <size>0x104</size>
         <input_file_ref idref="fl-a"/>
      </object_component>
      <object_component id="oc-3c">
         <name>.text</name>
         <load_address>0x79c</load_address>
         <run_address>0x79c</run_address>
         <size>0xd2</size>
         <input_file_ref idref="fl-d"/>
      </object_component>
      <object_component id="oc-30">
         <name>.text:FaultISR</name>
         <load_address>0x86e</load_address>
         <run_address>0x86e</run_address>
         <size>0x2</size>
         <input_file_ref idref="fl-4"/>
      </object_component>
      <object_component id="oc-2a5">
         <name>.text:calculation</name>
         <load_address>0x870</load_address>
         <run_address>0x870</run_address>
         <size>0xc0</size>
         <input_file_ref idref="fl-2"/>
      </object_component>
      <object_component id="oc-131">
         <name>.text:Sensor_Init</name>
         <load_address>0x930</load_address>
         <run_address>0x930</run_address>
         <size>0xbc</size>
         <input_file_ref idref="fl-2"/>
      </object_component>
      <object_component id="oc-55">
         <name>.text</name>
         <load_address>0x9ec</load_address>
         <run_address>0x9ec</run_address>
         <size>0x9c</size>
         <input_file_ref idref="fl-cd"/>
      </object_component>
      <object_component id="oc-cc">
         <name>.text:main</name>
         <load_address>0xa88</load_address>
         <run_address>0xa88</run_address>
         <size>0x94</size>
         <input_file_ref idref="fl-2"/>
      </object_component>
      <object_component id="oc-91">
         <name>.text:vTaskSwitchContext</name>
         <load_address>0xb1c</load_address>
         <run_address>0xb1c</run_address>
         <size>0x8c</size>
         <input_file_ref idref="fl-a"/>
      </object_component>
      <object_component id="oc-212">
         <name>.text:Ultrasonic_sensor_IRQ</name>
         <load_address>0xba8</load_address>
         <run_address>0xba8</run_address>
         <size>0x78</size>
         <input_file_ref idref="fl-2"/>
      </object_component>
      <object_component id="oc-285">
         <name>.text:IntEnable</name>
         <load_address>0xc20</load_address>
         <run_address>0xc20</run_address>
         <size>0x68</size>
         <input_file_ref idref="fl-db"/>
      </object_component>
      <object_component id="oc-12">
         <name>.text:decompress:lzss:__TI_decompress_lzss</name>
         <load_address>0xc88</load_address>
         <run_address>0xc88</run_address>
         <size>0x68</size>
         <input_file_ref idref="fl-d1"/>
      </object_component>
      <object_component id="oc-125">
         <name>.text:ConfigureUART</name>
         <load_address>0xcf0</load_address>
         <run_address>0xcf0</run_address>
         <size>0x64</size>
         <input_file_ref idref="fl-2"/>
      </object_component>
      <object_component id="oc-1e2">
         <name>.text:TimerConfigure</name>
         <load_address>0xd54</load_address>
         <run_address>0xd54</run_address>
         <size>0x60</size>
         <input_file_ref idref="fl-dd"/>
      </object_component>
      <object_component id="oc-1c8">
         <name>.text:UARTStdioConfig</name>
         <load_address>0xdb4</load_address>
         <run_address>0xdb4</run_address>
         <size>0x60</size>
         <input_file_ref idref="fl-f"/>
      </object_component>
      <object_component id="oc-200">
         <name>.text:GPIOIntTypeSet</name>
         <load_address>0xe14</load_address>
         <run_address>0xe14</run_address>
         <size>0x56</size>
         <input_file_ref idref="fl-da"/>
      </object_component>
      <object_component id="oc-36">
         <name>.text:IntDefaultHandler</name>
         <load_address>0xe6a</load_address>
         <run_address>0xe6a</run_address>
         <size>0x2</size>
         <input_file_ref idref="fl-4"/>
      </object_component>
      <object_component id="oc-25c">
         <name>.text:UARTwrite</name>
         <load_address>0xe6c</load_address>
         <run_address>0xe6c</run_address>
         <size>0x48</size>
         <input_file_ref idref="fl-f"/>
      </object_component>
      <object_component id="oc-279">
         <name>.text:_GPIOIntNumberGet</name>
         <load_address>0xeb4</load_address>
         <run_address>0xeb4</run_address>
         <size>0x44</size>
         <input_file_ref idref="fl-da"/>
      </object_component>
      <object_component id="oc-159">
         <name>.text:__TI_auto_init_nobinit_nopinit:__TI_auto_init_nobinit_nopinit</name>
         <load_address>0xef8</load_address>
         <run_address>0xef8</run_address>
         <size>0x44</size>
         <input_file_ref idref="fl-d7"/>
      </object_component>
      <object_component id="oc-262">
         <name>.text</name>
         <load_address>0xf3c</load_address>
         <run_address>0xf3c</run_address>
         <size>0x40</size>
         <input_file_ref idref="fl-cb"/>
      </object_component>
      <object_component id="oc-137">
         <name>.text:Motor_Init</name>
         <load_address>0xf7c</load_address>
         <run_address>0xf7c</run_address>
         <size>0x3c</size>
         <input_file_ref idref="fl-2"/>
      </object_component>
      <object_component id="oc-73">
         <name>.text:_c_int00_noargs:_c_int00_noargs</name>
         <load_address>0xfb8</load_address>
         <run_address>0xfb8</run_address>
         <size>0x38</size>
         <input_file_ref idref="fl-d2"/>
      </object_component>
      <object_component id="oc-27f">
         <name>.text:IntRegister</name>
         <load_address>0xff0</load_address>
         <run_address>0xff0</run_address>
         <size>0x34</size>
         <input_file_ref idref="fl-db"/>
      </object_component>
      <object_component id="oc-1dc">
         <name>.text:SysCtlPeripheralEnable</name>
         <load_address>0x1024</load_address>
         <run_address>0x1024</run_address>
         <size>0x34</size>
         <input_file_ref idref="fl-dc"/>
      </object_component>
      <object_component id="oc-41">
         <name>.text:xPortSysTickHandler</name>
         <load_address>0x1058</load_address>
         <run_address>0x1058</run_address>
         <size>0x2c</size>
         <input_file_ref idref="fl-c"/>
      </object_component>
      <object_component id="oc-26e">
         <name>.text:GPIODirModeSet</name>
         <load_address>0x1084</load_address>
         <run_address>0x1084</run_address>
         <size>0x2a</size>
         <input_file_ref idref="fl-da"/>
      </object_component>
      <object_component id="oc-2a">
         <name>.text:NmiSR</name>
         <load_address>0x10ae</load_address>
         <run_address>0x10ae</run_address>
         <size>0x2</size>
         <input_file_ref idref="fl-4"/>
      </object_component>
      <object_component id="oc-f3">
         <name>.text:prvResetNextTaskUnblockTime</name>
         <load_address>0x10b0</load_address>
         <run_address>0x10b0</run_address>
         <size>0x28</size>
         <input_file_ref idref="fl-a"/>
      </object_component>
      <object_component id="oc-f9">
         <name>.text:uxListRemove</name>
         <load_address>0x10d8</load_address>
         <run_address>0x10d8</run_address>
         <size>0x20</size>
         <input_file_ref idref="fl-8"/>
      </object_component>
      <object_component id="oc-143">
         <name>.text:delayUs</name>
         <load_address>0x10f8</load_address>
         <run_address>0x10f8</run_address>
         <size>0x1c</size>
         <input_file_ref idref="fl-2"/>
      </object_component>
      <object_component id="oc-12b">
         <name>.text:UARTprintf</name>
         <load_address>0x1114</load_address>
         <run_address>0x1114</run_address>
         <size>0x1a</size>
         <input_file_ref idref="fl-f"/>
      </object_component>
      <object_component id="oc-206">
         <name>.text:GPIOIntRegister</name>
         <load_address>0x112e</load_address>
         <run_address>0x112e</run_address>
         <size>0x18</size>
         <input_file_ref idref="fl-da"/>
      </object_component>
      <object_component id="oc-1e8">
         <name>.text:GPIOPinTypeGPIOOutput</name>
         <load_address>0x1146</load_address>
         <run_address>0x1146</run_address>
         <size>0x18</size>
         <input_file_ref idref="fl-da"/>
      </object_component>
      <object_component id="oc-2ec">
         <name>.text</name>
         <load_address>0x115e</load_address>
         <run_address>0x115e</run_address>
         <size>0x2</size>
         <input_file_ref idref="fl-d6"/>
      </object_component>
      <object_component id="oc-29f">
         <name>.text:TimerDisable</name>
         <load_address>0x1160</load_address>
         <run_address>0x1160</run_address>
         <size>0x18</size>
         <input_file_ref idref="fl-dd"/>
      </object_component>
      <object_component id="oc-ff">
         <name>.text:vListInsertEnd</name>
         <load_address>0x1178</load_address>
         <run_address>0x1178</run_address>
         <size>0x18</size>
         <input_file_ref idref="fl-8"/>
      </object_component>
      <object_component id="oc-1f4">
         <name>.text:GPIOPinTypeGPIOInput</name>
         <load_address>0x1190</load_address>
         <run_address>0x1190</run_address>
         <size>0x12</size>
         <input_file_ref idref="fl-da"/>
      </object_component>
      <object_component id="oc-61">
         <name>.text:decompress:ZI:__TI_zero_init_nomemset:__TI_zero_init_nomemset</name>
         <load_address>0x11a2</load_address>
         <run_address>0x11a2</run_address>
         <size>0x12</size>
         <input_file_ref idref="fl-cf"/>
      </object_component>
      <object_component id="oc-28d">
         <name>.text:IntMasterDisable</name>
         <load_address>0x11b4</load_address>
         <run_address>0x11b4</run_address>
         <size>0x10</size>
         <input_file_ref idref="fl-db"/>
      </object_component>
      <object_component id="oc-2b1">
         <name>.text:IntMasterEnable</name>
         <load_address>0x11c4</load_address>
         <run_address>0x11c4</run_address>
         <size>0x10</size>
         <input_file_ref idref="fl-db"/>
      </object_component>
      <object_component id="oc-2ab">
         <name>.text:TimerEnable</name>
         <load_address>0x11d4</load_address>
         <run_address>0x11d4</run_address>
         <size>0xe</size>
         <input_file_ref idref="fl-dd"/>
      </object_component>
      <object_component id="oc-18">
         <name>.text:decompress:none:__TI_decompress_none</name>
         <load_address>0x11e2</load_address>
         <run_address>0x11e2</run_address>
         <size>0xe</size>
         <input_file_ref idref="fl-d0"/>
      </object_component>
      <object_component id="oc-30c">
         <name>.text:CPUcpsid</name>
         <load_address>0x11f0</load_address>
         <run_address>0x11f0</run_address>
         <size>0xc</size>
         <input_file_ref idref="fl-df"/>
      </object_component>
      <object_component id="oc-31c">
         <name>.text:CPUcpsie</name>
         <load_address>0x11fc</load_address>
         <run_address>0x11fc</run_address>
         <size>0xc</size>
         <input_file_ref idref="fl-df"/>
      </object_component>
      <object_component id="oc-1fa">
         <name>.text:GPIOIntEnable</name>
         <load_address>0x1208</load_address>
         <run_address>0x1208</run_address>
         <size>0xc</size>
         <input_file_ref idref="fl-da"/>
      </object_component>
      <object_component id="oc-299">
         <name>.text:TimerValueGet</name>
         <load_address>0x1214</load_address>
         <run_address>0x1214</run_address>
         <size>0xa</size>
         <input_file_ref idref="fl-dd"/>
      </object_component>
      <object_component id="oc-20c">
         <name>.text:GPIOIntClear</name>
         <load_address>0x121e</load_address>
         <run_address>0x121e</run_address>
         <size>0x6</size>
         <input_file_ref idref="fl-da"/>
      </object_component>
      <object_component id="oc-293">
         <name>.text:GPIOPinRead</name>
         <load_address>0x1224</load_address>
         <run_address>0x1224</run_address>
         <size>0x6</size>
         <input_file_ref idref="fl-da"/>
      </object_component>
      <object_component id="oc-13d">
         <name>.text:GPIOPinWrite</name>
         <load_address>0x122a</load_address>
         <run_address>0x122a</run_address>
         <size>0x6</size>
         <input_file_ref idref="fl-da"/>
      </object_component>
      <object_component id="oc-24">
         <name>.text:ResetISR</name>
         <load_address>0x1230</load_address>
         <run_address>0x1230</run_address>
         <size>0x6</size>
         <input_file_ref idref="fl-4"/>
      </object_component>
      <object_component id="oc-227">
         <name>.text:SysCtlDelay</name>
         <load_address>0x1236</load_address>
         <run_address>0x1236</run_address>
         <size>0x6</size>
         <input_file_ref idref="fl-dc"/>
      </object_component>
      <object_component id="oc-1c2">
         <name>.text:UARTClockSourceSet</name>
         <load_address>0x123c</load_address>
         <run_address>0x123c</run_address>
         <size>0x6</size>
         <input_file_ref idref="fl-de"/>
      </object_component>
      <object_component id="oc-c6">
         <name>.text:_system_pre_init</name>
         <load_address>0x1242</load_address>
         <run_address>0x1242</run_address>
         <size>0x4</size>
         <input_file_ref idref="fl-d8"/>
      </object_component>
      <object_component id="oc-14d">
         <name>.text:abort:abort</name>
         <load_address>0x1246</load_address>
         <run_address>0x1246</run_address>
         <size>0x4</size>
         <input_file_ref idref="fl-d3"/>
      </object_component>
      <object_component id="oc-e9">
         <name>.text:vApplicationStackOverflowHook</name>
         <load_address>0x124a</load_address>
         <run_address>0x124a</run_address>
         <size>0x2</size>
         <input_file_ref idref="fl-2"/>
      </object_component>
      <object_component id="oc-2ff">
         <name>.const:g_ppui32GPIOIntMapSnowflake</name>
         <load_address>0x124c</load_address>
         <run_address>0x124c</run_address>
         <size>0xd8</size>
         <input_file_ref idref="fl-da"/>
      </object_component>
      <object_component id="oc-2fc">
         <name>.const:g_ppui32GPIOIntMapBlizzard</name>
         <load_address>0x1324</load_address>
         <run_address>0x1324</run_address>
         <size>0xc0</size>
         <input_file_ref idref="fl-da"/>
      </object_component>
      <object_component id="oc-308">
         <name>.const</name>
         <load_address>0x13e4</load_address>
         <run_address>0x13e4</run_address>
         <size>0x70</size>
         <input_file_ref idref="fl-db"/>
      </object_component>
      <object_component id="oc-2bc">
         <name>.const:g_pui32Xtals</name>
         <load_address>0x1454</load_address>
         <run_address>0x1454</run_address>
         <size>0x6c</size>
         <input_file_ref idref="fl-dc"/>
      </object_component>
      <object_component id="oc-252">
         <name>.const:g_ui32UARTBase</name>
         <load_address>0x14c0</load_address>
         <run_address>0x14c0</run_address>
         <size>0xc</size>
         <input_file_ref idref="fl-f"/>
      </object_component>
      <object_component id="oc-24f">
         <name>.const:g_ui32UARTPeriph</name>
         <load_address>0x14cc</load_address>
         <run_address>0x14cc</run_address>
         <size>0xc</size>
         <input_file_ref idref="fl-f"/>
      </object_component>
      <object_component id="oc-8e">
         <name>.const</name>
         <load_address>0x14d8</load_address>
         <run_address>0x14d8</run_address>
         <size>0x4</size>
         <input_file_ref idref="fl-c"/>
      </object_component>
      <object_component id="oc-368">
         <name>__TI_handler_table</name>
         <load_address>0x14e0</load_address>
         <run_address>0x14e0</run_address>
         <size>0xc</size>
      </object_component>
      <object_component id="oc-36b">
         <name>.cinit..data.load</name>
         <load_address>0x14ec</load_address>
         <run_address>0x14ec</run_address>
         <size>0x9</size>
      </object_component>
      <object_component id="oc-36c">
         <name>.cinit..bss.load</name>
         <load_address>0x14f8</load_address>
         <run_address>0x14f8</run_address>
         <size>0x8</size>
      </object_component>
      <object_component id="oc-36a">
         <name>.cinit..vtable.load</name>
         <load_address>0x1500</load_address>
         <run_address>0x1500</run_address>
         <size>0x8</size>
      </object_component>
      <object_component id="oc-369">
         <name>__TI_cinit_table</name>
         <load_address>0x1508</load_address>
         <run_address>0x1508</run_address>
         <size>0x18</size>
      </object_component>
      <object_component id="oc-303">
         <name>.vtable</name>
         <uninitialized>true</uninitialized>
         <run_address>0x20000000</run_address>
         <size>0x26c</size>
         <input_file_ref idref="fl-db"/>
      </object_component>
      <object_component id="oc-149">
         <name>.data</name>
         <load_address>0x20000605</load_address>
         <run_address>0x20000605</run_address>
         <size>0x1</size>
         <input_file_ref idref="fl-2"/>
      </object_component>
      <object_component id="oc-8b">
         <name>.data</name>
         <load_address>0x200005d0</load_address>
         <run_address>0x200005d0</run_address>
         <size>0x30</size>
         <input_file_ref idref="fl-a"/>
      </object_component>
      <object_component id="oc-255">
         <name>.data</name>
         <load_address>0x20000600</load_address>
         <run_address>0x20000600</run_address>
         <size>0x5</size>
         <input_file_ref idref="fl-f"/>
      </object_component>
      <object_component id="oc-ef">
         <name>.bss:pxReadyTasksLists</name>
         <uninitialized>true</uninitialized>
         <run_address>0x20000470</run_address>
         <size>0x140</size>
         <input_file_ref idref="fl-a"/>
      </object_component>
      <object_component id="oc-105">
         <name>.bss</name>
         <uninitialized>true</uninitialized>
         <run_address>0x200005b0</run_address>
         <size>0x8</size>
         <input_file_ref idref="fl-a"/>
      </object_component>
      <object_component id="oc-2b7">
         <name>.common:echotime</name>
         <uninitialized>true</uninitialized>
         <run_address>0x200005c8</run_address>
         <size>0x4</size>
      </object_component>
      <object_component id="oc-2b8">
         <name>.common:start_time</name>
         <uninitialized>true</uninitialized>
         <run_address>0x200005cc</run_address>
         <size>0x4</size>
      </object_component>
      <object_component id="oc-318">
         <name>.common:data_cm</name>
         <uninitialized>true</uninitialized>
         <run_address>0x200005bc</run_address>
         <size>0x4</size>
      </object_component>
      <object_component id="oc-319">
         <name>.common:data_inch</name>
         <uninitialized>true</uninitialized>
         <run_address>0x200005c0</run_address>
         <size>0x4</size>
      </object_component>
      <object_component id="oc-316">
         <name>.common:diff</name>
         <uninitialized>true</uninitialized>
         <run_address>0x200005c4</run_address>
         <size>0x4</size>
      </object_component>
      <object_component id="oc-317">
         <name>.common:calcn</name>
         <uninitialized>true</uninitialized>
         <run_address>0x200005b8</run_address>
         <size>0x4</size>
      </object_component>
      <object_component id="oc-21">
         <name>.stack</name>
         <uninitialized>true</uninitialized>
         <run_address>0x20000270</run_address>
         <size>0x4</size>
         <input_file_ref idref="fl-d2"/>
      </object_component>
      <object_component id="oc-36d">
         <name>.stack</name>
         <uninitialized>true</uninitialized>
         <run_address>0x20000270</run_address>
         <size>0x0</size>
      </object_component>
      <object_component id="oc-113">
         <name>.debug_info</name>
         <load_address>0x0</load_address>
         <run_address>0x0</run_address>
         <size>0x87b</size>
         <input_file_ref idref="fl-2"/>
      </object_component>
      <object_component id="oc-14a">
         <name>.debug_info</name>
         <load_address>0x87b</load_address>
         <run_address>0x87b</run_address>
         <size>0xcd</size>
         <input_file_ref idref="fl-2"/>
      </object_component>
      <object_component id="oc-ea">
         <name>.debug_info</name>
         <load_address>0x948</load_address>
         <run_address>0x948</run_address>
         <size>0x167</size>
         <input_file_ref idref="fl-2"/>
      </object_component>
      <object_component id="oc-2a6">
         <name>.debug_info</name>
         <load_address>0xaaf</load_address>
         <run_address>0xaaf</run_address>
         <size>0x1ab</size>
         <input_file_ref idref="fl-2"/>
      </object_component>
      <object_component id="oc-213">
         <name>.debug_info</name>
         <load_address>0xc5a</load_address>
         <run_address>0xc5a</run_address>
         <size>0x1df</size>
         <input_file_ref idref="fl-2"/>
      </object_component>
      <object_component id="oc-126">
         <name>.debug_info</name>
         <load_address>0xe39</load_address>
         <run_address>0xe39</run_address>
         <size>0x16d</size>
         <input_file_ref idref="fl-2"/>
      </object_component>
      <object_component id="oc-132">
         <name>.debug_info</name>
         <load_address>0xfa6</load_address>
         <run_address>0xfa6</run_address>
         <size>0x239</size>
         <input_file_ref idref="fl-2"/>
      </object_component>
      <object_component id="oc-138">
         <name>.debug_info</name>
         <load_address>0x11df</load_address>
         <run_address>0x11df</run_address>
         <size>0x176</size>
         <input_file_ref idref="fl-2"/>
      </object_component>
      <object_component id="oc-144">
         <name>.debug_info</name>
         <load_address>0x1355</load_address>
         <run_address>0x1355</run_address>
         <size>0x160</size>
         <input_file_ref idref="fl-2"/>
      </object_component>
      <object_component id="oc-cd">
         <name>.debug_info</name>
         <load_address>0x14b5</load_address>
         <run_address>0x14b5</run_address>
         <size>0x19c</size>
         <input_file_ref idref="fl-2"/>
      </object_component>
      <object_component id="oc-192">
         <name>.debug_info</name>
         <load_address>0x1651</load_address>
         <run_address>0x1651</run_address>
         <size>0x2ef</size>
         <input_file_ref idref="fl-2"/>
      </object_component>
      <object_component id="oc-a1">
         <name>.debug_info</name>
         <load_address>0x1940</load_address>
         <run_address>0x1940</run_address>
         <size>0x26b</size>
         <input_file_ref idref="fl-2"/>
      </object_component>
      <object_component id="oc-10e">
         <name>.debug_info</name>
         <load_address>0x1bab</load_address>
         <run_address>0x1bab</run_address>
         <size>0x8b</size>
         <input_file_ref idref="fl-2"/>
      </object_component>
      <object_component id="oc-1bd">
         <name>.debug_info</name>
         <load_address>0x1c36</load_address>
         <run_address>0x1c36</run_address>
         <size>0x46</size>
         <input_file_ref idref="fl-2"/>
      </object_component>
      <object_component id="oc-1b8">
         <name>.debug_info</name>
         <load_address>0x1c7c</load_address>
         <run_address>0x1c7c</run_address>
         <size>0x2c</size>
         <input_file_ref idref="fl-2"/>
      </object_component>
      <object_component id="oc-197">
         <name>.debug_info</name>
         <load_address>0x1ca8</load_address>
         <run_address>0x1ca8</run_address>
         <size>0x2c</size>
         <input_file_ref idref="fl-2"/>
      </object_component>
      <object_component id="oc-109">
         <name>.debug_info</name>
         <load_address>0x1cd4</load_address>
         <run_address>0x1cd4</run_address>
         <size>0x297</size>
         <input_file_ref idref="fl-2"/>
      </object_component>
      <object_component id="oc-a6">
         <name>.debug_info</name>
         <load_address>0x1f6b</load_address>
         <run_address>0x1f6b</run_address>
         <size>0xbb</size>
         <input_file_ref idref="fl-2"/>
      </object_component>
      <object_component id="oc-e1">
         <name>.debug_info</name>
         <load_address>0x2026</load_address>
         <run_address>0x2026</run_address>
         <size>0x53</size>
         <input_file_ref idref="fl-2"/>
      </object_component>
      <object_component id="oc-1d7">
         <name>.debug_info</name>
         <load_address>0x2079</load_address>
         <run_address>0x2079</run_address>
         <size>0x2c</size>
         <input_file_ref idref="fl-2"/>
      </object_component>
      <object_component id="oc-1a1">
         <name>.debug_info</name>
         <load_address>0x20a5</load_address>
         <run_address>0x20a5</run_address>
         <size>0x14c</size>
         <input_file_ref idref="fl-2"/>
      </object_component>
      <object_component id="oc-50">
         <name>.debug_info</name>
         <load_address>0x21f1</load_address>
         <run_address>0x21f1</run_address>
         <size>0x84</size>
         <input_file_ref idref="fl-3"/>
      </object_component>
      <object_component id="oc-49">
         <name>.debug_info</name>
         <load_address>0x2275</load_address>
         <run_address>0x2275</run_address>
         <size>0x31c</size>
         <input_file_ref idref="fl-4"/>
      </object_component>
      <object_component id="oc-10">
         <name>.debug_info</name>
         <load_address>0x2591</load_address>
         <run_address>0x2591</run_address>
         <size>0xdb</size>
         <input_file_ref idref="fl-4"/>
      </object_component>
      <object_component id="oc-25">
         <name>.debug_info</name>
         <load_address>0x266c</load_address>
         <run_address>0x266c</run_address>
         <size>0x10b</size>
         <input_file_ref idref="fl-4"/>
      </object_component>
      <object_component id="oc-2b">
         <name>.debug_info</name>
         <load_address>0x2777</load_address>
         <run_address>0x2777</run_address>
         <size>0xfc</size>
         <input_file_ref idref="fl-4"/>
      </object_component>
      <object_component id="oc-37">
         <name>.debug_info</name>
         <load_address>0x2873</load_address>
         <run_address>0x2873</run_address>
         <size>0x114</size>
         <input_file_ref idref="fl-4"/>
      </object_component>
      <object_component id="oc-31">
         <name>.debug_info</name>
         <load_address>0x2987</load_address>
         <run_address>0x2987</run_address>
         <size>0x102</size>
         <input_file_ref idref="fl-4"/>
      </object_component>
      <object_component id="oc-1b2">
         <name>.debug_info</name>
         <load_address>0x2a89</load_address>
         <run_address>0x2a89</run_address>
         <size>0x2f9</size>
         <input_file_ref idref="fl-8"/>
      </object_component>
      <object_component id="oc-101">
         <name>.debug_info</name>
         <load_address>0x2d82</load_address>
         <run_address>0x2d82</run_address>
         <size>0x23a</size>
         <input_file_ref idref="fl-8"/>
      </object_component>
      <object_component id="oc-fb">
         <name>.debug_info</name>
         <load_address>0x2fbc</load_address>
         <run_address>0x2fbc</run_address>
         <size>0x212</size>
         <input_file_ref idref="fl-8"/>
      </object_component>
      <object_component id="oc-1a6">
         <name>.debug_info</name>
         <load_address>0x31ce</load_address>
         <run_address>0x31ce</run_address>
         <size>0x110</size>
         <input_file_ref idref="fl-8"/>
      </object_component>
      <object_component id="oc-e0">
         <name>.debug_info</name>
         <load_address>0x32de</load_address>
         <run_address>0x32de</run_address>
         <size>0x7a8</size>
         <input_file_ref idref="fl-a"/>
      </object_component>
      <object_component id="oc-8c">
         <name>.debug_info</name>
         <load_address>0x3a86</load_address>
         <run_address>0x3a86</run_address>
         <size>0x31d</size>
         <input_file_ref idref="fl-a"/>
      </object_component>
      <object_component id="oc-f0">
         <name>.debug_info</name>
         <load_address>0x3da3</load_address>
         <run_address>0x3da3</run_address>
         <size>0x119</size>
         <input_file_ref idref="fl-a"/>
      </object_component>
      <object_component id="oc-106">
         <name>.debug_info</name>
         <load_address>0x3ebc</load_address>
         <run_address>0x3ebc</run_address>
         <size>0x15b</size>
         <input_file_ref idref="fl-a"/>
      </object_component>
      <object_component id="oc-f4">
         <name>.debug_info</name>
         <load_address>0x4017</load_address>
         <run_address>0x4017</run_address>
         <size>0x1e5</size>
         <input_file_ref idref="fl-a"/>
      </object_component>
      <object_component id="oc-99">
         <name>.debug_info</name>
         <load_address>0x41fc</load_address>
         <run_address>0x41fc</run_address>
         <size>0x2b5</size>
         <input_file_ref idref="fl-a"/>
      </object_component>
      <object_component id="oc-92">
         <name>.debug_info</name>
         <load_address>0x44b1</load_address>
         <run_address>0x44b1</run_address>
         <size>0x246</size>
         <input_file_ref idref="fl-a"/>
      </object_component>
      <object_component id="oc-18d">
         <name>.debug_info</name>
         <load_address>0x46f7</load_address>
         <run_address>0x46f7</run_address>
         <size>0x169</size>
         <input_file_ref idref="fl-a"/>
      </object_component>
      <object_component id="oc-19c">
         <name>.debug_info</name>
         <load_address>0x4860</load_address>
         <run_address>0x4860</run_address>
         <size>0x46</size>
         <input_file_ref idref="fl-a"/>
      </object_component>
      <object_component id="oc-e8">
         <name>.debug_info</name>
         <load_address>0x48a6</load_address>
         <run_address>0x48a6</run_address>
         <size>0x3d9</size>
         <input_file_ref idref="fl-c"/>
      </object_component>
      <object_component id="oc-8f">
         <name>.debug_info</name>
         <load_address>0x4c7f</load_address>
         <run_address>0x4c7f</run_address>
         <size>0x147</size>
         <input_file_ref idref="fl-c"/>
      </object_component>
      <object_component id="oc-43">
         <name>.debug_info</name>
         <load_address>0x4dc6</load_address>
         <run_address>0x4dc6</run_address>
         <size>0x21b</size>
         <input_file_ref idref="fl-c"/>
      </object_component>
      <object_component id="oc-3e">
         <name>.debug_info</name>
         <load_address>0x4fe1</load_address>
         <run_address>0x4fe1</run_address>
         <size>0x27f</size>
         <input_file_ref idref="fl-d"/>
      </object_component>
      <object_component id="oc-1d6">
         <name>.debug_info</name>
         <load_address>0x5260</load_address>
         <run_address>0x5260</run_address>
         <size>0x2b8</size>
         <input_file_ref idref="fl-f"/>
      </object_component>
      <object_component id="oc-259">
         <name>.debug_info</name>
         <load_address>0x5518</load_address>
         <run_address>0x5518</run_address>
         <size>0xf9</size>
         <input_file_ref idref="fl-f"/>
      </object_component>
      <object_component id="oc-253">
         <name>.debug_info</name>
         <load_address>0x5611</load_address>
         <run_address>0x5611</run_address>
         <size>0x101</size>
         <input_file_ref idref="fl-f"/>
      </object_component>
      <object_component id="oc-250">
         <name>.debug_info</name>
         <load_address>0x5712</load_address>
         <run_address>0x5712</run_address>
         <size>0x105</size>
         <input_file_ref idref="fl-f"/>
      </object_component>
      <object_component id="oc-25d">
         <name>.debug_info</name>
         <load_address>0x5817</load_address>
         <run_address>0x5817</run_address>
         <size>0x1f0</size>
         <input_file_ref idref="fl-f"/>
      </object_component>
      <object_component id="oc-1d1">
         <name>.debug_info</name>
         <load_address>0x5a07</load_address>
         <run_address>0x5a07</run_address>
         <size>0x322</size>
         <input_file_ref idref="fl-f"/>
      </object_component>
      <object_component id="oc-12d">
         <name>.debug_info</name>
         <load_address>0x5d29</load_address>
         <run_address>0x5d29</run_address>
         <size>0x1bd</size>
         <input_file_ref idref="fl-f"/>
      </object_component>
      <object_component id="oc-256">
         <name>.debug_info</name>
         <load_address>0x5ee6</load_address>
         <run_address>0x5ee6</run_address>
         <size>0x23b</size>
         <input_file_ref idref="fl-f"/>
      </object_component>
      <object_component id="oc-1ca">
         <name>.debug_info</name>
         <load_address>0x6121</load_address>
         <run_address>0x6121</run_address>
         <size>0x253</size>
         <input_file_ref idref="fl-f"/>
      </object_component>
      <object_component id="oc-263">
         <name>.debug_info</name>
         <load_address>0x6374</load_address>
         <run_address>0x6374</run_address>
         <size>0x145</size>
         <input_file_ref idref="fl-cb"/>
      </object_component>
      <object_component id="oc-56">
         <name>.debug_info</name>
         <load_address>0x64b9</load_address>
         <run_address>0x64b9</run_address>
         <size>0x11c</size>
         <input_file_ref idref="fl-cd"/>
      </object_component>
      <object_component id="oc-bf">
         <name>.debug_info</name>
         <load_address>0x65d5</load_address>
         <run_address>0x65d5</run_address>
         <size>0x31e</size>
         <input_file_ref idref="fl-cf"/>
      </object_component>
      <object_component id="oc-63">
         <name>.debug_info</name>
         <load_address>0x68f3</load_address>
         <run_address>0x68f3</run_address>
         <size>0x1bf</size>
         <input_file_ref idref="fl-cf"/>
      </object_component>
      <object_component id="oc-ba">
         <name>.debug_info</name>
         <load_address>0x6ab2</load_address>
         <run_address>0x6ab2</run_address>
         <size>0x46</size>
         <input_file_ref idref="fl-cf"/>
      </object_component>
      <object_component id="oc-11c">
         <name>.debug_info</name>
         <load_address>0x6af8</load_address>
         <run_address>0x6af8</run_address>
         <size>0x2c</size>
         <input_file_ref idref="fl-cf"/>
      </object_component>
      <object_component id="oc-60">
         <name>.debug_info</name>
         <load_address>0x6b24</load_address>
         <run_address>0x6b24</run_address>
         <size>0x2a8</size>
         <input_file_ref idref="fl-d0"/>
      </object_component>
      <object_component id="oc-1a">
         <name>.debug_info</name>
         <load_address>0x6dcc</load_address>
         <run_address>0x6dcc</run_address>
         <size>0x1ea</size>
         <input_file_ref idref="fl-d0"/>
      </object_component>
      <object_component id="oc-5b">
         <name>.debug_info</name>
         <load_address>0x6fb6</load_address>
         <run_address>0x6fb6</run_address>
         <size>0x46</size>
         <input_file_ref idref="fl-d0"/>
      </object_component>
      <object_component id="oc-b2">
         <name>.debug_info</name>
         <load_address>0x6ffc</load_address>
         <run_address>0x6ffc</run_address>
         <size>0x2c</size>
         <input_file_ref idref="fl-d0"/>
      </object_component>
      <object_component id="oc-b0">
         <name>.debug_info</name>
         <load_address>0x7028</load_address>
         <run_address>0x7028</run_address>
         <size>0x29e</size>
         <input_file_ref idref="fl-d1"/>
      </object_component>
      <object_component id="oc-14">
         <name>.debug_info</name>
         <load_address>0x72c6</load_address>
         <run_address>0x72c6</run_address>
         <size>0x250</size>
         <input_file_ref idref="fl-d1"/>
      </object_component>
      <object_component id="oc-4b">
         <name>.debug_info</name>
         <load_address>0x7516</load_address>
         <run_address>0x7516</run_address>
         <size>0x60</size>
         <input_file_ref idref="fl-d1"/>
      </object_component>
      <object_component id="oc-115">
         <name>.debug_info</name>
         <load_address>0x7576</load_address>
         <run_address>0x7576</run_address>
         <size>0x46</size>
         <input_file_ref idref="fl-d1"/>
      </object_component>
      <object_component id="oc-ab">
         <name>.debug_info</name>
         <load_address>0x75bc</load_address>
         <run_address>0x75bc</run_address>
         <size>0x39</size>
         <input_file_ref idref="fl-d1"/>
      </object_component>
      <object_component id="oc-22">
         <name>.debug_info</name>
         <load_address>0x75f5</load_address>
         <run_address>0x75f5</run_address>
         <size>0x10b</size>
         <input_file_ref idref="fl-d2"/>
      </object_component>
      <object_component id="oc-74">
         <name>.debug_info</name>
         <load_address>0x7700</load_address>
         <run_address>0x7700</run_address>
         <size>0x1af</size>
         <input_file_ref idref="fl-d2"/>
      </object_component>
      <object_component id="oc-14f">
         <name>.debug_info</name>
         <load_address>0x78af</load_address>
         <run_address>0x78af</run_address>
         <size>0x122</size>
         <input_file_ref idref="fl-d3"/>
      </object_component>
      <object_component id="oc-2ed">
         <name>.debug_info</name>
         <load_address>0x79d1</load_address>
         <run_address>0x79d1</run_address>
         <size>0x118</size>
         <input_file_ref idref="fl-d6"/>
      </object_component>
      <object_component id="oc-236">
         <name>.debug_info</name>
         <load_address>0x7ae9</load_address>
         <run_address>0x7ae9</run_address>
         <size>0x552</size>
         <input_file_ref idref="fl-d7"/>
      </object_component>
      <object_component id="oc-15a">
         <name>.debug_info</name>
         <load_address>0x803b</load_address>
         <run_address>0x803b</run_address>
         <size>0x1a6</size>
         <input_file_ref idref="fl-d7"/>
      </object_component>
      <object_component id="oc-2d0">
         <name>.debug_info</name>
         <load_address>0x81e1</load_address>
         <run_address>0x81e1</run_address>
         <size>0x39</size>
         <input_file_ref idref="fl-d7"/>
      </object_component>
      <object_component id="oc-328">
         <name>.debug_info</name>
         <load_address>0x821a</load_address>
         <run_address>0x821a</run_address>
         <size>0x39</size>
         <input_file_ref idref="fl-d7"/>
      </object_component>
      <object_component id="oc-2d5">
         <name>.debug_info</name>
         <load_address>0x8253</load_address>
         <run_address>0x8253</run_address>
         <size>0x39</size>
         <input_file_ref idref="fl-d7"/>
      </object_component>
      <object_component id="oc-2da">
         <name>.debug_info</name>
         <load_address>0x828c</load_address>
         <run_address>0x828c</run_address>
         <size>0xcd</size>
         <input_file_ref idref="fl-d7"/>
      </object_component>
      <object_component id="oc-c9">
         <name>.debug_info</name>
         <load_address>0x8359</load_address>
         <run_address>0x8359</run_address>
         <size>0x153</size>
         <input_file_ref idref="fl-d8"/>
      </object_component>
      <object_component id="oc-220">
         <name>.debug_info</name>
         <load_address>0x84ac</load_address>
         <run_address>0x84ac</run_address>
         <size>0x240</size>
         <input_file_ref idref="fl-da"/>
      </object_component>
      <object_component id="oc-2fd">
         <name>.debug_info</name>
         <load_address>0x86ec</load_address>
         <run_address>0x86ec</run_address>
         <size>0x167</size>
         <input_file_ref idref="fl-da"/>
      </object_component>
      <object_component id="oc-300">
         <name>.debug_info</name>
         <load_address>0x8853</load_address>
         <run_address>0x8853</run_address>
         <size>0x169</size>
         <input_file_ref idref="fl-da"/>
      </object_component>
      <object_component id="oc-141">
         <name>.debug_info</name>
         <load_address>0x89bc</load_address>
         <run_address>0x89bc</run_address>
         <size>0x2a3</size>
         <input_file_ref idref="fl-da"/>
      </object_component>
      <object_component id="oc-272">
         <name>.debug_info</name>
         <load_address>0x8c5f</load_address>
         <run_address>0x8c5f</run_address>
         <size>0x2b3</size>
         <input_file_ref idref="fl-da"/>
      </object_component>
      <object_component id="oc-1f2">
         <name>.debug_info</name>
         <load_address>0x8f12</load_address>
         <run_address>0x8f12</run_address>
         <size>0x316</size>
         <input_file_ref idref="fl-da"/>
      </object_component>
      <object_component id="oc-1ec">
         <name>.debug_info</name>
         <load_address>0x9228</load_address>
         <run_address>0x9228</run_address>
         <size>0x2b7</size>
         <input_file_ref idref="fl-da"/>
      </object_component>
      <object_component id="oc-1f8">
         <name>.debug_info</name>
         <load_address>0x94df</load_address>
         <run_address>0x94df</run_address>
         <size>0x285</size>
         <input_file_ref idref="fl-da"/>
      </object_component>
      <object_component id="oc-297">
         <name>.debug_info</name>
         <load_address>0x9764</load_address>
         <run_address>0x9764</run_address>
         <size>0x27b</size>
         <input_file_ref idref="fl-da"/>
      </object_component>
      <object_component id="oc-27d">
         <name>.debug_info</name>
         <load_address>0x99df</load_address>
         <run_address>0x99df</run_address>
         <size>0x298</size>
         <input_file_ref idref="fl-da"/>
      </object_component>
      <object_component id="oc-204">
         <name>.debug_info</name>
         <load_address>0x9c77</load_address>
         <run_address>0x9c77</run_address>
         <size>0x2bb</size>
         <input_file_ref idref="fl-da"/>
      </object_component>
      <object_component id="oc-20a">
         <name>.debug_info</name>
         <load_address>0x9f32</load_address>
         <run_address>0x9f32</run_address>
         <size>0x2cf</size>
         <input_file_ref idref="fl-da"/>
      </object_component>
      <object_component id="oc-1fe">
         <name>.debug_info</name>
         <load_address>0xa201</load_address>
         <run_address>0xa201</run_address>
         <size>0x28f</size>
         <input_file_ref idref="fl-da"/>
      </object_component>
      <object_component id="oc-210">
         <name>.debug_info</name>
         <load_address>0xa490</load_address>
         <run_address>0xa490</run_address>
         <size>0x28d</size>
         <input_file_ref idref="fl-da"/>
      </object_component>
      <object_component id="oc-21b">
         <name>.debug_info</name>
         <load_address>0xa71d</load_address>
         <run_address>0xa71d</run_address>
         <size>0x18b</size>
         <input_file_ref idref="fl-da"/>
      </object_component>
      <object_component id="oc-307">
         <name>.debug_info</name>
         <load_address>0xa8a8</load_address>
         <run_address>0xa8a8</run_address>
         <size>0x20e</size>
         <input_file_ref idref="fl-db"/>
      </object_component>
      <object_component id="oc-309">
         <name>.debug_info</name>
         <load_address>0xaab6</load_address>
         <run_address>0xaab6</run_address>
         <size>0x210</size>
         <input_file_ref idref="fl-db"/>
      </object_component>
      <object_component id="oc-304">
         <name>.debug_info</name>
         <load_address>0xacc6</load_address>
         <run_address>0xacc6</run_address>
         <size>0x157</size>
         <input_file_ref idref="fl-db"/>
      </object_component>
      <object_component id="oc-280">
         <name>.debug_info</name>
         <load_address>0xae1d</load_address>
         <run_address>0xae1d</run_address>
         <size>0x2c1</size>
         <input_file_ref idref="fl-db"/>
      </object_component>
      <object_component id="oc-2b2">
         <name>.debug_info</name>
         <load_address>0xb0de</load_address>
         <run_address>0xb0de</run_address>
         <size>0x23e</size>
         <input_file_ref idref="fl-db"/>
      </object_component>
      <object_component id="oc-28e">
         <name>.debug_info</name>
         <load_address>0xb31c</load_address>
         <run_address>0xb31c</run_address>
         <size>0x240</size>
         <input_file_ref idref="fl-db"/>
      </object_component>
      <object_component id="oc-286">
         <name>.debug_info</name>
         <load_address>0xb55c</load_address>
         <run_address>0xb55c</run_address>
         <size>0x268</size>
         <input_file_ref idref="fl-db"/>
      </object_component>
      <object_component id="oc-26b">
         <name>.debug_info</name>
         <load_address>0xb7c4</load_address>
         <run_address>0xb7c4</run_address>
         <size>0x298</size>
         <input_file_ref idref="fl-dc"/>
      </object_component>
      <object_component id="oc-2bd">
         <name>.debug_info</name>
         <load_address>0xba5c</load_address>
         <run_address>0xba5c</run_address>
         <size>0x14d</size>
         <input_file_ref idref="fl-dc"/>
      </object_component>
      <object_component id="oc-1dd">
         <name>.debug_info</name>
         <load_address>0xbba9</load_address>
         <run_address>0xbba9</run_address>
         <size>0x27d</size>
         <input_file_ref idref="fl-dc"/>
      </object_component>
      <object_component id="oc-222">
         <name>.debug_info</name>
         <load_address>0xbe26</load_address>
         <run_address>0xbe26</run_address>
         <size>0x2b5</size>
         <input_file_ref idref="fl-dc"/>
      </object_component>
      <object_component id="oc-2f4">
         <name>.debug_info</name>
         <load_address>0xc0db</load_address>
         <run_address>0xc0db</run_address>
         <size>0x5f</size>
         <input_file_ref idref="fl-dc"/>
      </object_component>
      <object_component id="oc-26d">
         <name>.debug_info</name>
         <load_address>0xc13a</load_address>
         <run_address>0xc13a</run_address>
         <size>0x223</size>
         <input_file_ref idref="fl-dd"/>
      </object_component>
      <object_component id="oc-29a">
         <name>.debug_info</name>
         <load_address>0xc35d</load_address>
         <run_address>0xc35d</run_address>
         <size>0x28a</size>
         <input_file_ref idref="fl-dd"/>
      </object_component>
      <object_component id="oc-2ac">
         <name>.debug_info</name>
         <load_address>0xc5e7</load_address>
         <run_address>0xc5e7</run_address>
         <size>0x27f</size>
         <input_file_ref idref="fl-dd"/>
      </object_component>
      <object_component id="oc-2a0">
         <name>.debug_info</name>
         <load_address>0xc866</load_address>
         <run_address>0xc866</run_address>
         <size>0x281</size>
         <input_file_ref idref="fl-dd"/>
      </object_component>
      <object_component id="oc-1e3">
         <name>.debug_info</name>
         <load_address>0xcae7</load_address>
         <run_address>0xcae7</run_address>
         <size>0x28c</size>
         <input_file_ref idref="fl-dd"/>
      </object_component>
      <object_component id="oc-24e">
         <name>.debug_info</name>
         <load_address>0xcd73</load_address>
         <run_address>0xcd73</run_address>
         <size>0x227</size>
         <input_file_ref idref="fl-de"/>
      </object_component>
      <object_component id="oc-1c3">
         <name>.debug_info</name>
         <load_address>0xcf9a</load_address>
         <run_address>0xcf9a</run_address>
         <size>0x291</size>
         <input_file_ref idref="fl-de"/>
      </object_component>
      <object_component id="oc-31e">
         <name>.debug_info</name>
         <load_address>0xd22b</load_address>
         <run_address>0xd22b</run_address>
         <size>0x212</size>
         <input_file_ref idref="fl-df"/>
      </object_component>
      <object_component id="oc-30d">
         <name>.debug_info</name>
         <load_address>0xd43d</load_address>
         <run_address>0xd43d</run_address>
         <size>0x20f</size>
         <input_file_ref idref="fl-df"/>
      </object_component>
      <object_component id="oc-36e">
         <name>.debug_info</name>
         <load_address>0xd64c</load_address>
         <run_address>0xd64c</run_address>
         <size>0x9e</size>
      </object_component>
      <object_component id="oc-1b7">
         <name>.debug_line</name>
         <load_address>0x0</load_address>
         <run_address>0x0</run_address>
         <size>0x224</size>
         <input_file_ref idref="fl-2"/>
      </object_component>
      <object_component id="oc-22a">
         <name>.debug_line</name>
         <load_address>0x224</load_address>
         <run_address>0x224</run_address>
         <size>0x36</size>
         <input_file_ref idref="fl-2"/>
      </object_component>
      <object_component id="oc-ee">
         <name>.debug_line</name>
         <load_address>0x25a</load_address>
         <run_address>0x25a</run_address>
         <size>0x48</size>
         <input_file_ref idref="fl-2"/>
      </object_component>
      <object_component id="oc-2a9">
         <name>.debug_line</name>
         <load_address>0x2a2</load_address>
         <run_address>0x2a2</run_address>
         <size>0x54</size>
         <input_file_ref idref="fl-2"/>
      </object_component>
      <object_component id="oc-216">
         <name>.debug_line</name>
         <load_address>0x2f6</load_address>
         <run_address>0x2f6</run_address>
         <size>0x69</size>
         <input_file_ref idref="fl-2"/>
      </object_component>
      <object_component id="oc-129">
         <name>.debug_line</name>
         <load_address>0x35f</load_address>
         <run_address>0x35f</run_address>
         <size>0x51</size>
         <input_file_ref idref="fl-2"/>
      </object_component>
      <object_component id="oc-135">
         <name>.debug_line</name>
         <load_address>0x3b0</load_address>
         <run_address>0x3b0</run_address>
         <size>0x57</size>
         <input_file_ref idref="fl-2"/>
      </object_component>
      <object_component id="oc-13b">
         <name>.debug_line</name>
         <load_address>0x407</load_address>
         <run_address>0x407</run_address>
         <size>0x4e</size>
         <input_file_ref idref="fl-2"/>
      </object_component>
      <object_component id="oc-147">
         <name>.debug_line</name>
         <load_address>0x455</load_address>
         <run_address>0x455</run_address>
         <size>0x4b</size>
         <input_file_ref idref="fl-2"/>
      </object_component>
      <object_component id="oc-d0">
         <name>.debug_line</name>
         <load_address>0x4a0</load_address>
         <run_address>0x4a0</run_address>
         <size>0x5c</size>
         <input_file_ref idref="fl-2"/>
      </object_component>
      <object_component id="oc-195">
         <name>.debug_line</name>
         <load_address>0x4fc</load_address>
         <run_address>0x4fc</run_address>
         <size>0x70</size>
         <input_file_ref idref="fl-2"/>
      </object_component>
      <object_component id="oc-a4">
         <name>.debug_line</name>
         <load_address>0x56c</load_address>
         <run_address>0x56c</run_address>
         <size>0x69</size>
         <input_file_ref idref="fl-2"/>
      </object_component>
      <object_component id="oc-111">
         <name>.debug_line</name>
         <load_address>0x5d5</load_address>
         <run_address>0x5d5</run_address>
         <size>0x20</size>
         <input_file_ref idref="fl-2"/>
      </object_component>
      <object_component id="oc-1c0">
         <name>.debug_line</name>
         <load_address>0x5f5</load_address>
         <run_address>0x5f5</run_address>
         <size>0x71</size>
         <input_file_ref idref="fl-2"/>
      </object_component>
      <object_component id="oc-1bb">
         <name>.debug_line</name>
         <load_address>0x666</load_address>
         <run_address>0x666</run_address>
         <size>0x72</size>
         <input_file_ref idref="fl-2"/>
      </object_component>
      <object_component id="oc-19a">
         <name>.debug_line</name>
         <load_address>0x6d8</load_address>
         <run_address>0x6d8</run_address>
         <size>0x74</size>
         <input_file_ref idref="fl-2"/>
      </object_component>
      <object_component id="oc-10c">
         <name>.debug_line</name>
         <load_address>0x74c</load_address>
         <run_address>0x74c</run_address>
         <size>0x6d</size>
         <input_file_ref idref="fl-2"/>
      </object_component>
      <object_component id="oc-a9">
         <name>.debug_line</name>
         <load_address>0x7b9</load_address>
         <run_address>0x7b9</run_address>
         <size>0x6a</size>
         <input_file_ref idref="fl-2"/>
      </object_component>
      <object_component id="oc-e4">
         <name>.debug_line</name>
         <load_address>0x823</load_address>
         <run_address>0x823</run_address>
         <size>0x83</size>
         <input_file_ref idref="fl-2"/>
      </object_component>
      <object_component id="oc-1da">
         <name>.debug_line</name>
         <load_address>0x8a6</load_address>
         <run_address>0x8a6</run_address>
         <size>0x65</size>
         <input_file_ref idref="fl-2"/>
      </object_component>
      <object_component id="oc-1a4">
         <name>.debug_line</name>
         <load_address>0x90b</load_address>
         <run_address>0x90b</run_address>
         <size>0x70</size>
         <input_file_ref idref="fl-2"/>
      </object_component>
      <object_component id="oc-53">
         <name>.debug_line</name>
         <load_address>0x97b</load_address>
         <run_address>0x97b</run_address>
         <size>0x20</size>
         <input_file_ref idref="fl-3"/>
      </object_component>
      <object_component id="oc-a0">
         <name>.debug_line</name>
         <load_address>0x99b</load_address>
         <run_address>0x99b</run_address>
         <size>0x34</size>
         <input_file_ref idref="fl-4"/>
      </object_component>
      <object_component id="oc-48">
         <name>.debug_line</name>
         <load_address>0x9cf</load_address>
         <run_address>0x9cf</run_address>
         <size>0x34</size>
         <input_file_ref idref="fl-4"/>
      </object_component>
      <object_component id="oc-29">
         <name>.debug_line</name>
         <load_address>0xa03</load_address>
         <run_address>0xa03</run_address>
         <size>0x46</size>
         <input_file_ref idref="fl-4"/>
      </object_component>
      <object_component id="oc-2e">
         <name>.debug_line</name>
         <load_address>0xa49</load_address>
         <run_address>0xa49</run_address>
         <size>0x49</size>
         <input_file_ref idref="fl-4"/>
      </object_component>
      <object_component id="oc-3a">
         <name>.debug_line</name>
         <load_address>0xa92</load_address>
         <run_address>0xa92</run_address>
         <size>0x49</size>
         <input_file_ref idref="fl-4"/>
      </object_component>
      <object_component id="oc-35">
         <name>.debug_line</name>
         <load_address>0xadb</load_address>
         <run_address>0xadb</run_address>
         <size>0x49</size>
         <input_file_ref idref="fl-4"/>
      </object_component>
      <object_component id="oc-24c">
         <name>.debug_line</name>
         <load_address>0xb24</load_address>
         <run_address>0xb24</run_address>
         <size>0x20</size>
         <input_file_ref idref="fl-8"/>
      </object_component>
      <object_component id="oc-103">
         <name>.debug_line</name>
         <load_address>0xb44</load_address>
         <run_address>0xb44</run_address>
         <size>0x85</size>
         <input_file_ref idref="fl-8"/>
      </object_component>
      <object_component id="oc-fd">
         <name>.debug_line</name>
         <load_address>0xbc9</load_address>
         <run_address>0xbc9</run_address>
         <size>0x8c</size>
         <input_file_ref idref="fl-8"/>
      </object_component>
      <object_component id="oc-1a9">
         <name>.debug_line</name>
         <load_address>0xc55</load_address>
         <run_address>0xc55</run_address>
         <size>0x65</size>
         <input_file_ref idref="fl-8"/>
      </object_component>
      <object_component id="oc-18c">
         <name>.debug_line</name>
         <load_address>0xcba</load_address>
         <run_address>0xcba</run_address>
         <size>0x207</size>
         <input_file_ref idref="fl-a"/>
      </object_component>
      <object_component id="oc-df">
         <name>.debug_line</name>
         <load_address>0xec1</load_address>
         <run_address>0xec1</run_address>
         <size>0x69</size>
         <input_file_ref idref="fl-a"/>
      </object_component>
      <object_component id="oc-1af">
         <name>.debug_line</name>
         <load_address>0xf2a</load_address>
         <run_address>0xf2a</run_address>
         <size>0x69</size>
         <input_file_ref idref="fl-a"/>
      </object_component>
      <object_component id="oc-1b5">
         <name>.debug_line</name>
         <load_address>0xf93</load_address>
         <run_address>0xf93</run_address>
         <size>0x69</size>
         <input_file_ref idref="fl-a"/>
      </object_component>
      <object_component id="oc-f7">
         <name>.debug_line</name>
         <load_address>0xffc</load_address>
         <run_address>0xffc</run_address>
         <size>0x88</size>
         <input_file_ref idref="fl-a"/>
      </object_component>
      <object_component id="oc-9c">
         <name>.debug_line</name>
         <load_address>0x1084</load_address>
         <run_address>0x1084</run_address>
         <size>0xf6</size>
         <input_file_ref idref="fl-a"/>
      </object_component>
      <object_component id="oc-95">
         <name>.debug_line</name>
         <load_address>0x117a</load_address>
         <run_address>0x117a</run_address>
         <size>0x95</size>
         <input_file_ref idref="fl-a"/>
      </object_component>
      <object_component id="oc-190">
         <name>.debug_line</name>
         <load_address>0x120f</load_address>
         <run_address>0x120f</run_address>
         <size>0x69</size>
         <input_file_ref idref="fl-a"/>
      </object_component>
      <object_component id="oc-19f">
         <name>.debug_line</name>
         <load_address>0x1278</load_address>
         <run_address>0x1278</run_address>
         <size>0x72</size>
         <input_file_ref idref="fl-a"/>
      </object_component>
      <object_component id="oc-1ac">
         <name>.debug_line</name>
         <load_address>0x12ea</load_address>
         <run_address>0x12ea</run_address>
         <size>0xce</size>
         <input_file_ref idref="fl-c"/>
      </object_component>
      <object_component id="oc-e7">
         <name>.debug_line</name>
         <load_address>0x13b8</load_address>
         <run_address>0x13b8</run_address>
         <size>0x7e</size>
         <input_file_ref idref="fl-c"/>
      </object_component>
      <object_component id="oc-42">
         <name>.debug_line</name>
         <load_address>0x1436</load_address>
         <run_address>0x1436</run_address>
         <size>0x9c</size>
         <input_file_ref idref="fl-c"/>
      </object_component>
      <object_component id="oc-3d">
         <name>.debug_line</name>
         <load_address>0x14d2</load_address>
         <run_address>0x14d2</run_address>
         <size>0x11a</size>
         <input_file_ref idref="fl-d"/>
      </object_component>
      <object_component id="oc-269">
         <name>.debug_line</name>
         <load_address>0x15ec</load_address>
         <run_address>0x15ec</run_address>
         <size>0x20</size>
         <input_file_ref idref="fl-f"/>
      </object_component>
      <object_component id="oc-2ea">
         <name>.debug_line</name>
         <load_address>0x160c</load_address>
         <run_address>0x160c</run_address>
         <size>0x57</size>
         <input_file_ref idref="fl-f"/>
      </object_component>
      <object_component id="oc-2e6">
         <name>.debug_line</name>
         <load_address>0x1663</load_address>
         <run_address>0x1663</run_address>
         <size>0x57</size>
         <input_file_ref idref="fl-f"/>
      </object_component>
      <object_component id="oc-2e4">
         <name>.debug_line</name>
         <load_address>0x16ba</load_address>
         <run_address>0x16ba</run_address>
         <size>0x57</size>
         <input_file_ref idref="fl-f"/>
      </object_component>
      <object_component id="oc-260">
         <name>.debug_line</name>
         <load_address>0x1711</load_address>
         <run_address>0x1711</run_address>
         <size>0x87</size>
         <input_file_ref idref="fl-f"/>
      </object_component>
      <object_component id="oc-1d0">
         <name>.debug_line</name>
         <load_address>0x1798</load_address>
         <run_address>0x1798</run_address>
         <size>0x18c</size>
         <input_file_ref idref="fl-f"/>
      </object_component>
      <object_component id="oc-12c">
         <name>.debug_line</name>
         <load_address>0x1924</load_address>
         <run_address>0x1924</run_address>
         <size>0x6e</size>
         <input_file_ref idref="fl-f"/>
      </object_component>
      <object_component id="oc-2e8">
         <name>.debug_line</name>
         <load_address>0x1992</load_address>
         <run_address>0x1992</run_address>
         <size>0xb2</size>
         <input_file_ref idref="fl-f"/>
      </object_component>
      <object_component id="oc-1c9">
         <name>.debug_line</name>
         <load_address>0x1a44</load_address>
         <run_address>0x1a44</run_address>
         <size>0x78</size>
         <input_file_ref idref="fl-f"/>
      </object_component>
      <object_component id="oc-266">
         <name>.debug_line</name>
         <load_address>0x1abc</load_address>
         <run_address>0x1abc</run_address>
         <size>0x5b</size>
         <input_file_ref idref="fl-cb"/>
      </object_component>
      <object_component id="oc-59">
         <name>.debug_line</name>
         <load_address>0x1b17</load_address>
         <run_address>0x1b17</run_address>
         <size>0x88</size>
         <input_file_ref idref="fl-cd"/>
      </object_component>
      <object_component id="oc-122">
         <name>.debug_line</name>
         <load_address>0x1b9f</load_address>
         <run_address>0x1b9f</run_address>
         <size>0xa9</size>
         <input_file_ref idref="fl-cf"/>
      </object_component>
      <object_component id="oc-62">
         <name>.debug_line</name>
         <load_address>0x1c48</load_address>
         <run_address>0x1c48</run_address>
         <size>0x4f</size>
         <input_file_ref idref="fl-cf"/>
      </object_component>
      <object_component id="oc-bd">
         <name>.debug_line</name>
         <load_address>0x1c97</load_address>
         <run_address>0x1c97</run_address>
         <size>0x34</size>
         <input_file_ref idref="fl-cf"/>
      </object_component>
      <object_component id="oc-11f">
         <name>.debug_line</name>
         <load_address>0x1ccb</load_address>
         <run_address>0x1ccb</run_address>
         <size>0x95</size>
         <input_file_ref idref="fl-cf"/>
      </object_component>
      <object_component id="oc-b8">
         <name>.debug_line</name>
         <load_address>0x1d60</load_address>
         <run_address>0x1d60</run_address>
         <size>0x20</size>
         <input_file_ref idref="fl-d0"/>
      </object_component>
      <object_component id="oc-19">
         <name>.debug_line</name>
         <load_address>0x1d80</load_address>
         <run_address>0x1d80</run_address>
         <size>0x55</size>
         <input_file_ref idref="fl-d0"/>
      </object_component>
      <object_component id="oc-5e">
         <name>.debug_line</name>
         <load_address>0x1dd5</load_address>
         <run_address>0x1dd5</run_address>
         <size>0x3a</size>
         <input_file_ref idref="fl-d0"/>
      </object_component>
      <object_component id="oc-b5">
         <name>.debug_line</name>
         <load_address>0x1e0f</load_address>
         <run_address>0x1e0f</run_address>
         <size>0x95</size>
         <input_file_ref idref="fl-d0"/>
      </object_component>
      <object_component id="oc-11b">
         <name>.debug_line</name>
         <load_address>0x1ea4</load_address>
         <run_address>0x1ea4</run_address>
         <size>0x20</size>
         <input_file_ref idref="fl-d1"/>
      </object_component>
      <object_component id="oc-13">
         <name>.debug_line</name>
         <load_address>0x1ec4</load_address>
         <run_address>0x1ec4</run_address>
         <size>0xa9</size>
         <input_file_ref idref="fl-d1"/>
      </object_component>
      <object_component id="oc-4e">
         <name>.debug_line</name>
         <load_address>0x1f6d</load_address>
         <run_address>0x1f6d</run_address>
         <size>0x3a</size>
         <input_file_ref idref="fl-d1"/>
      </object_component>
      <object_component id="oc-118">
         <name>.debug_line</name>
         <load_address>0x1fa7</load_address>
         <run_address>0x1fa7</run_address>
         <size>0x9d</size>
         <input_file_ref idref="fl-d1"/>
      </object_component>
      <object_component id="oc-ae">
         <name>.debug_line</name>
         <load_address>0x2044</load_address>
         <run_address>0x2044</run_address>
         <size>0x99</size>
         <input_file_ref idref="fl-d1"/>
      </object_component>
      <object_component id="oc-86">
         <name>.debug_line</name>
         <load_address>0x20dd</load_address>
         <run_address>0x20dd</run_address>
         <size>0x33</size>
         <input_file_ref idref="fl-d2"/>
      </object_component>
      <object_component id="oc-77">
         <name>.debug_line</name>
         <load_address>0x2110</load_address>
         <run_address>0x2110</run_address>
         <size>0x56</size>
         <input_file_ref idref="fl-d2"/>
      </object_component>
      <object_component id="oc-151">
         <name>.debug_line</name>
         <load_address>0x2166</load_address>
         <run_address>0x2166</run_address>
         <size>0x3c</size>
         <input_file_ref idref="fl-d3"/>
      </object_component>
      <object_component id="oc-2f0">
         <name>.debug_line</name>
[...]
            <object_component_ref idref="oc-11d"/>
            <object_component_ref idref="oc-5c"/>
            <object_component_ref idref="oc-b3"/>
            <object_component_ref idref="oc-4c"/>
            <object_component_ref idref="oc-116"/>
            <object_component_ref idref="oc-ac"/>
            <object_component_ref idref="oc-2d1"/>
            <object_component_ref idref="oc-329"/>
            <object_component_ref idref="oc-2d6"/>
            <object_component_ref idref="oc-2db"/>
            <object_component_ref idref="oc-21c"/>
            <object_component_ref idref="oc-2f5"/>
         </contents>
      </logical_group>
      <load_segment id="lg-371" display="no" color="cyan">
         <name>SEGMENT_0</name>
         <load_address>0x0</load_address>
         <run_address>0x0</run_address>
         <size>0x1520</size>
         <flags>0x5</flags>
         <contents>
            <logical_group_ref idref="lg-3"/>
            <logical_group_ref idref="lg-4"/>
            <logical_group_ref idref="lg-5"/>
            <logical_group_ref idref="lg-6"/>
         </contents>
      </load_segment>
      <load_segment id="lg-372" display="no" color="cyan">
         <name>SEGMENT_1</name>
         <run_address>0x20000000</run_address>
         <size>0x606</size>
         <flags>0x6</flags>
         <contents>
            <logical_group_ref idref="lg-9"/>
            <logical_group_ref idref="lg-d"/>
            <logical_group_ref idref="lg-b"/>
            <logical_group_ref idref="lg-a"/>
         </contents>
      </load_segment>
   </logical_group_list>
   <placement_map>
      <memory_area display="yes" color="green">
         <name>FLASH</name>
         <page_id>0x0</page_id>
         <origin>0x0</origin>
         <length>0x40000</length>
         <used_space>0x151c</used_space>
         <unused_space>0x3eae4</unused_space>
         <attributes>RX</attributes>
         <usage_details>
            <allocated_space>
               <start_address>0x0</start_address>
               <size>0x26c</size>
               <logical_group_ref idref="lg-3"/>
            </allocated_space>
            <allocated_space>
               <start_address>0x26c</start_address>
               <size>0xfe0</size>
               <logical_group_ref idref="lg-4"/>
            </allocated_space>
            <allocated_space>
               <start_address>0x124c</start_address>
               <size>0x290</size>
               <logical_group_ref idref="lg-5"/>
            </allocated_space>
            <available_space>
               <start_address>0x14dc</start_address>
               <size>0x4</size>
            </available_space>
            <allocated_space>
               <start_address>0x14e0</start_address>
               <size>0x40</size>
               <logical_group_ref idref="lg-6"/>
            </allocated_space>
            <available_space>
               <start_address>0x1520</start_address>
               <size>0x3eae0</size>
            </available_space>
         </usage_details>
      </memory_area>
      <memory_area display="yes" color="green">
         <name>SRAM</name>
         <page_id>0x0</page_id>
         <origin>0x20000000</origin>
         <length>0x8000</length>
         <used_space>0x602</used_space>
         <unused_space>0x79fe</unused_space>
         <attributes>RWX</attributes>
         <usage_details>
            <allocated_space>
               <start_address>0x20000000</start_address>
               <size>0x26c</size>
               <logical_group_ref idref="lg-9"/>
            </allocated_space>
            <available_space>
               <start_address>0x2000026c</start_address>
               <size>0x4</size>
            </available_space>
            <allocated_space>
               <start_address>0x20000270</start_address>
               <size>0x200</size>
               <logical_group_ref idref="lg-d"/>
            </allocated_space>
            <allocated_space>
               <start_address>0x20000470</start_address>
               <size>0x160</size>
               <logical_group_ref idref="lg-b"/>
            </allocated_space>
            <allocated_space>
               <start_address>0x200005d0</start_address>
               <size>0x36</size>
               <logical_group_ref idref="lg-a"/>
            </allocated_space>
            <available_space>
               <start_address>0x20000606</start_address>
               <size>0x79fa</size>
            </available_space>
         </usage_details>
      </memory_area>
   </placement_map>
   <cptbl_list>
      <cptbl>
         <name>__TI_cinit_table</name>
         <cprec>
            <name>.data</name>
            <load_address>0x14ec</load_address>
            <load_size>0x9</load_size>
            <run_address>0x200005d0</run_address>
            <run_size>0x36</run_size>
            <compression>lzss</compression>
         </cprec>
         <cprec>
            <name>.bss</name>
            <load_address>0x14f8</load_address>
            <load_size>0x8</load_size>
            <run_address>0x20000470</run_address>
            <run_size>0x160</run_size>
            <compression>zero_init</compression>
         </cprec>
         <cprec>
            <name>.vtable</name>
            <load_address>0x1500</load_address>
            <load_size>0x8</load_size>
            <run_address>0x20000000</run_address>
            <run_size>0x26c</run_size>
            <compression>zero_init</compression>
         </cprec>
      </cptbl>
   </cptbl_list>
   <handler_table>
      <handler_table_name>__TI_handler_table</handler_table_name>
      <handler>
         <index>0x0</index>
         <name>__TI_zero_init</name>
      </handler>
      <handler>
         <index>0x1</index>
         <name>__TI_decompress_lzss</name>
      </handler>
      <handler>
         <index>0x2</index>
         <name>__TI_decompress_none</name>
      </handler>
   </handler_table>
   <symbol_table>
      <symbol id="sm-1">
         <name>__STACK_TOP</name>
         <value>0x20000470</value>
      </symbol>
      <symbol id="sm-2">
         <name>__TI_CINIT_Base</name>
         <value>0x1508</value>
      </symbol>
      <symbol id="sm-3">
         <name>__TI_CINIT_Limit</name>
         <value>0x1520</value>
      </symbol>
      <symbol id="sm-4">
         <name>__TI_Handler_Table_Base</name>
         <value>0x14e0</value>
      </symbol>
      <symbol id="sm-5">
         <name>__TI_Handler_Table_Limit</name>
         <value>0x14ec</value>
      </symbol>
      <symbol id="sm-6">
         <name>binit</name>
         <value>0xffffffff</value>
      </symbol>
      <symbol id="sm-7">
         <name>__binit__</name>
         <value>0xffffffff</value>
      </symbol>
      <symbol id="sm-8">
         <name>__STACK_SIZE</name>
         <value>0x200</value>
      </symbol>
      <symbol id="sm-9">
         <name>__STACK_END</name>
         <value>0x20000470</value>
      </symbol>
      <symbol id="sm-a">
         <name>__c_args__</name>
         <value>0xffffffff</value>
      </symbol>
      <symbol id="sm-b">
         <name>__TI_pprof_out_hndl</name>
         <value>0xffffffff</value>
      </symbol>
      <symbol id="sm-c">
         <name>__TI_prof_data_start</name>
         <value>0xffffffff</value>
      </symbol>
      <symbol id="sm-d">
         <name>__TI_prof_data_size</name>
         <value>0xffffffff</value>
      </symbol>
      <symbol id="sm-d4">
         <name>echotime</name>
         <value>0x200005c8</value>
      </symbol>
      <symbol id="sm-d5">
         <name>start_time</name>
         <value>0x200005cc</value>
      </symbol>
      <symbol id="sm-d6">
         <name>data_cm</name>
         <value>0x200005bc</value>
      </symbol>
      <symbol id="sm-d7">
         <name>data_inch</name>
         <value>0x200005c0</value>
      </symbol>
      <symbol id="sm-d8">
         <name>diff</name>
         <value>0x200005c4</value>
      </symbol>
      <symbol id="sm-d9">
         <name>calcn</name>
         <value>0x200005b8</value>
      </symbol>
      <symbol id="sm-da">
         <name>vApplicationStackOverflowHook</name>
         <value>0x124b</value>
         <object_component_ref idref="oc-e9"/>
      </symbol>
      <symbol id="sm-db">
         <name>calculation</name>
         <value>0x871</value>
         <object_component_ref idref="oc-2a5"/>
      </symbol>
      <symbol id="sm-dc">
         <name>delayUs</name>
         <value>0x10f9</value>
         <object_component_ref idref="oc-143"/>
      </symbol>
      <symbol id="sm-dd">
         <name>Motor_Init</name>
         <value>0xf7d</value>
         <object_component_ref idref="oc-137"/>
      </symbol>
      <symbol id="sm-de">
         <name>main</name>
         <value>0xa89</value>
         <object_component_ref idref="oc-cc"/>
      </symbol>
      <symbol id="sm-df">
         <name>ConfigureUART</name>
         <value>0xcf1</value>
         <object_component_ref idref="oc-125"/>
      </symbol>
      <symbol id="sm-e0">
         <name>Ultrasonic_sensor_IRQ</name>
         <value>0xba9</value>
         <object_component_ref idref="oc-212"/>
      </symbol>
      <symbol id="sm-e1">
         <name>flag</name>
         <value>0x20000605</value>
         <object_component_ref idref="oc-149"/>
      </symbol>
      <symbol id="sm-e2">
         <name>Sensor_Init</name>
         <value>0x931</value>
         <object_component_ref idref="oc-131"/>
      </symbol>
      <symbol id="sm-119">
         <name>ResetISR</name>
         <value>0x1231</value>
         <object_component_ref idref="oc-24"/>
      </symbol>
      <symbol id="sm-11a">
         <name>g_pfnVectors</name>
         <value>0x0</value>
         <object_component_ref idref="oc-f"/>
      </symbol>
      <symbol id="sm-137">
         <name>uxListRemove</name>
         <value>0x10d9</value>
         <object_component_ref idref="oc-f9"/>
      </symbol>
      <symbol id="sm-138">
         <name>vListInsertEnd</name>
         <value>0x1179</value>
         <object_component_ref idref="oc-ff"/>
      </symbol>
      <symbol id="sm-1ad">
         <name>pxCurrentTCB</name>
         <value>0x200005d0</value>
         <object_component_ref idref="oc-8b"/>
      </symbol>
      <symbol id="sm-1ae">
         <name>xTaskIncrementTick</name>
         <value>0x699</value>
         <object_component_ref idref="oc-98"/>
      </symbol>
      <symbol id="sm-1af">
         <name>vTaskSwitchContext</name>
         <value>0xb1d</value>
         <object_component_ref idref="oc-91"/>
      </symbol>
      <symbol id="sm-1c6">
         <name>ulMaxSyscallInterruptPriority</name>
         <value>0x14d8</value>
         <object_component_ref idref="oc-8e"/>
      </symbol>
      <symbol id="sm-1c7">
         <name>xPortSysTickHandler</name>
         <value>0x1059</value>
         <object_component_ref idref="oc-41"/>
      </symbol>
      <symbol id="sm-1d6">
         <name>vPortStartFirstTask</name>
         <value>0x845</value>
         <object_component_ref idref="oc-3c"/>
      </symbol>
      <symbol id="sm-1d7">
         <name>ulPortGetIPSR</name>
         <value>0x7ad</value>
         <object_component_ref idref="oc-3c"/>
      </symbol>
      <symbol id="sm-1d8">
         <name>vPortEnableVFP</name>
         <value>0x861</value>
         <object_component_ref idref="oc-3c"/>
      </symbol>
      <symbol id="sm-1d9">
         <name>xPortPendSVHandler</name>
         <value>0x7c5</value>
         <object_component_ref idref="oc-3c"/>
      </symbol>
      <symbol id="sm-1da">
         <name>vPortSVCHandler</name>
         <value>0x825</value>
         <object_component_ref idref="oc-3c"/>
      </symbol>
      <symbol id="sm-249">
         <name>UARTStdioConfig</name>
         <value>0xdb5</value>
         <object_component_ref idref="oc-1c8"/>
      </symbol>
      <symbol id="sm-24a">
         <name>UARTwrite</name>
         <value>0xe6d</value>
         <object_component_ref idref="oc-25c"/>
      </symbol>
      <symbol id="sm-24b">
         <name>UARTprintf</name>
         <value>0x1115</value>
         <object_component_ref idref="oc-12b"/>
      </symbol>
      <symbol id="sm-24c">
         <name>UARTvprintf</name>
         <value>0x26d</value>
         <object_component_ref idref="oc-1cf"/>
      </symbol>
      <symbol id="sm-25c">
         <name>__aeabi_uidivmod</name>
         <value>0xf3d</value>
         <object_component_ref idref="oc-262"/>
      </symbol>
      <symbol id="sm-25d">
         <name>__aeabi_uidiv</name>
         <value>0xf3d</value>
         <object_component_ref idref="oc-262"/>
      </symbol>
      <symbol id="sm-279">
         <name>memcpy</name>
         <value>0x9ed</value>
         <object_component_ref idref="oc-55"/>
      </symbol>
      <symbol id="sm-27a">
         <name>__aeabi_memcpy</name>
         <value>0x9ed</value>
         <object_component_ref idref="oc-55"/>
      </symbol>
      <symbol id="sm-27b">
         <name>__aeabi_memcpy8</name>
         <value>0x9ed</value>
         <object_component_ref idref="oc-55"/>
      </symbol>
      <symbol id="sm-27c">
         <name>__aeabi_memcpy4</name>
         <value>0x9ed</value>
         <object_component_ref idref="oc-55"/>
      </symbol>
      <symbol id="sm-296">
         <name>__TI_zero_init_nomemset</name>
         <value>0x11a3</value>
         <object_component_ref idref="oc-61"/>
      </symbol>
      <symbol id="sm-2ad">
         <name>__TI_decompress_none</name>
         <value>0x11e3</value>
         <object_component_ref idref="oc-18"/>
      </symbol>
      <symbol id="sm-2d0">
         <name>__TI_decompress_lzss</name>
         <value>0xc89</value>
         <object_component_ref idref="oc-12"/>
      </symbol>
      <symbol id="sm-2e3">
         <name>__stack</name>
         <value>0x20000270</value>
         <object_component_ref idref="oc-21"/>
      </symbol>
      <symbol id="sm-2e4">
         <name>_c_int00_noargs</name>
         <value>0xfb9</value>
         <object_component_ref idref="oc-73"/>
      </symbol>
      <symbol id="sm-2ef">
         <name>C$$EXIT</name>
         <value>0x1247</value>
         <object_component_ref idref="oc-14d"/>
      </symbol>
      <symbol id="sm-2f0">
         <name>abort</name>
         <value>0x1247</value>
         <object_component_ref idref="oc-14d"/>
      </symbol>
      <symbol id="sm-2fc">
         <name>__aeabi_idiv0</name>
         <value>0x115f</value>
         <object_component_ref idref="oc-2ec"/>
      </symbol>
      <symbol id="sm-2fd">
         <name>__aeabi_ldiv0</name>
         <value>0x115f</value>
         <object_component_ref idref="oc-2ec"/>
      </symbol>
      <symbol id="sm-325">
         <name>__TI_auto_init_nobinit_nopinit</name>
         <value>0xef9</value>
         <object_component_ref idref="oc-159"/>
      </symbol>
      <symbol id="sm-32f">
         <name>_system_pre_init</name>
         <value>0x1243</value>
         <object_component_ref idref="oc-c6"/>
      </symbol>
      <symbol id="sm-3ab">
         <name>GPIOIntRegister</name>
         <value>0x112f</value>
         <object_component_ref idref="oc-206"/>
      </symbol>
      <symbol id="sm-3ac">
         <name>GPIOIntEnable</name>
         <value>0x1209</value>
         <object_component_ref idref="oc-1fa"/>
      </symbol>
      <symbol id="sm-3ad">
         <name>GPIOIntTypeSet</name>
         <value>0xe15</value>
         <object_component_ref idref="oc-200"/>
      </symbol>
      <symbol id="sm-3ae">
         <name>GPIOPinTypeGPIOInput</name>
         <value>0x1191</value>
         <object_component_ref idref="oc-1f4"/>
      </symbol>
      <symbol id="sm-3af">
         <name>GPIOIntClear</name>
         <value>0x121f</value>
         <object_component_ref idref="oc-20c"/>
      </symbol>
      <symbol id="sm-3b0">
         <name>GPIOPinTypeGPIOOutput</name>
         <value>0x1147</value>
         <object_component_ref idref="oc-1e8"/>
      </symbol>
      <symbol id="sm-3b1">
         <name>GPIOPinRead</name>
         <value>0x1225</value>
         <object_component_ref idref="oc-293"/>
      </symbol>
      <symbol id="sm-3b2">
         <name>GPIODirModeSet</name>
         <value>0x1085</value>
         <object_component_ref idref="oc-26e"/>
      </symbol>
      <symbol id="sm-3b3">
         <name>GPIOPinWrite</name>
         <value>0x122b</value>
         <object_component_ref idref="oc-13d"/>
      </symbol>
      <symbol id="sm-3b4">
         <name>GPIOPadConfigSet</name>
         <value>0x457</value>
         <object_component_ref idref="oc-1ee"/>
      </symbol>
      <symbol id="sm-3ff">
         <name>IntEnable</name>
         <value>0xc21</value>
         <object_component_ref idref="oc-285"/>
      </symbol>
      <symbol id="sm-400">
         <name>IntRegister</name>
         <value>0xff1</value>
         <object_component_ref idref="oc-27f"/>
      </symbol>
      <symbol id="sm-401">
         <name>IntMasterDisable</name>
         <value>0x11b5</value>
         <object_component_ref idref="oc-28d"/>
      </symbol>
      <symbol id="sm-402">
         <name>g_pfnRAMVectors</name>
         <value>0x20000000</value>
         <object_component_ref idref="oc-303"/>
      </symbol>
      <symbol id="sm-403">
         <name>IntMasterEnable</name>
         <value>0x11c5</value>
         <object_component_ref idref="oc-2b1"/>
      </symbol>
      <symbol id="sm-43f">
         <name>SysCtlDelay</name>
         <value>0x1237</value>
         <object_component_ref idref="oc-227"/>
      </symbol>
      <symbol id="sm-440">
         <name>SysCtlPeripheralEnable</name>
         <value>0x1025</value>
         <object_component_ref idref="oc-1dc"/>
      </symbol>
      <symbol id="sm-441">
         <name>SysCtlClockGet</name>
         <value>0x589</value>
         <object_component_ref idref="oc-221"/>
      </symbol>
      <symbol id="sm-46f">
         <name>TimerDisable</name>
         <value>0x1161</value>
         <object_component_ref idref="oc-29f"/>
      </symbol>
      <symbol id="sm-470">
         <name>TimerEnable</name>
         <value>0x11d5</value>
         <object_component_ref idref="oc-2ab"/>
      </symbol>
      <symbol id="sm-471">
         <name>TimerValueGet</name>
         <value>0x1215</value>
         <object_component_ref idref="oc-299"/>
      </symbol>
      <symbol id="sm-472">
         <name>TimerConfigure</name>
         <value>0xd55</value>
         <object_component_ref idref="oc-1e2"/>
      </symbol>
      <symbol id="sm-47f">
         <name>UARTClockSourceSet</name>
         <value>0x123d</value>
         <object_component_ref idref="oc-1c2"/>
      </symbol>
      <symbol id="sm-491">
         <name>CPUcpsie</name>
         <value>0x11fd</value>
         <object_component_ref idref="oc-31c"/>
      </symbol>
      <symbol id="sm-492">
         <name>CPUcpsid</name>
         <value>0x11f1</value>
         <object_component_ref idref="oc-30c"/>
      </symbol>
      <symbol id="sm-493">
         <name>__TI_static_base__</name>
         <value>0x0</value>
      </symbol>
      <symbol id="sm-496">
         <name>__mpu_init</name>
         <value>0x0</value>
      </symbol>
      <symbol id="sm-497">
         <name>_system_post_cinit</name>
         <value>0x0</value>
      </symbol>
   </symbol_table>
   <title>Link successful</title>
</link_info>
