******************************************************************************
                  TI ARM Linker PC v18.1.4                     
******************************************************************************
>> Linked Sun Apr 19 20:49:54 2020

OUTPUT FILE NAME:   <freertos_demo.out>
ENTRY POINT SYMBOL: "_c_int00_noargs"  address: 00000fb9


MEMORY CONFIGURATION

         name            origin    length      used     unused   attr    fill
----------------------  --------  ---------  --------  --------  ----  --------
  FLASH                 00000000   00040000  0000151c  0003eae4  R  X
  SRAM                  20000000   00008000  00000602  000079fe  RW X


SEGMENT ALLOCATION MAP

run origin  load origin   length   init length attrs members
----------  ----------- ---------- ----------- ----- -------
00000000    00000000    00001520   00001520    r-x
  00000000    00000000    0000026c   0000026c    r-- .intvecs
  0000026c    0000026c    00000fe0   00000fe0    r-x .text
  0000124c    0000124c    00000290   00000290    r-- .const
  000014e0    000014e0    00000040   00000040    r-- .cinit
20000000    20000000    00000606   00000000    rw-
  20000000    20000000    0000026c   00000000    rw- .vtable
  20000270    20000270    00000200   00000000    rw- .stack
  20000470    20000470    00000160   00000000    rw- .bss
  200005d0    200005d0    00000036   00000000    rw- .data


SECTION ALLOCATION MAP

 output                                  attributes/
section   page    origin      length       input sections
--------  ----  ----------  ----------   ----------------
.intvecs   0    00000000    0000026c     
                  00000000    0000026c     startup_ccs.obj (.intvecs)

.text      0    0000026c    00000fe0     
                  0000026c    000001ea     uartstdio.obj (.text:UARTvprintf)
                  00000456    00000132     driverlib.lib : gpio.obj (.text:GPIOPadConfigSet)
                  00000588    00000110                   : sysctl.obj (.text:SysCtlClockGet)
                  00000698    00000104     tasks.obj (.text:xTaskIncrementTick)
                  0000079c    000000d2     portasm.obj (.text)
                  0000086e    00000002     startup_ccs.obj (.text:FaultISR)
                  00000870    000000c0     freertos_demo.obj (.text:calculation)
                  00000930    000000bc     freertos_demo.obj (.text:Sensor_Init)
                  000009ec    0000009c     rtsv7M4_T_le_v4SPD16_eabi.lib : memcpy_t2.asm.obj (.text)
                  00000a88    00000094     freertos_demo.obj (.text:main)
                  00000b1c    0000008c     tasks.obj (.text:vTaskSwitchContext)
                  00000ba8    00000078     freertos_demo.obj (.text:Ultrasonic_sensor_IRQ)
                  00000c20    00000068     driverlib.lib : interrupt.obj (.text:IntEnable)
                  00000c88    00000068     rtsv7M4_T_le_v4SPD16_eabi.lib : copy_decompress_lzss.c.obj (.text:decompress:lzss:__TI_decompress_lzss)
                  00000cf0    00000064     freertos_demo.obj (.text:ConfigureUART)
                  00000d54    00000060     driverlib.lib : timer.obj (.text:TimerConfigure)
                  00000db4    00000060     uartstdio.obj (.text:UARTStdioConfig)
                  00000e14    00000056     driverlib.lib : gpio.obj (.text:GPIOIntTypeSet)
                  00000e6a    00000002     startup_ccs.obj (.text:IntDefaultHandler)
                  00000e6c    00000048     uartstdio.obj (.text:UARTwrite)
                  00000eb4    00000044     driverlib.lib : gpio.obj (.text:_GPIOIntNumberGet)
                  00000ef8    00000044     rtsv7M4_T_le_v4SPD16_eabi.lib : autoinit.c.obj (.text:__TI_auto_init_nobinit_nopinit:__TI_auto_init_nobinit_nopinit)
                  00000f3c    00000040                                   : u_divt2.asm.obj (.text)
                  00000f7c    0000003c     freertos_demo.obj (.text:Motor_Init)
                  00000fb8    00000038     rtsv7M4_T_le_v4SPD16_eabi.lib : boot_cortex_m.c.obj (.text:_c_int00_noargs:_c_int00_noargs)
                  00000ff0    00000034     driverlib.lib : interrupt.obj (.text:IntRegister)
                  00001024    00000034                   : sysctl.obj (.text:SysCtlPeripheralEnable)
                  00001058    0000002c     port.obj (.text:xPortSysTickHandler)
                  00001084    0000002a     driverlib.lib : gpio.obj (.text:GPIODirModeSet)
                  000010ae    00000002     startup_ccs.obj (.text:NmiSR)
                  000010b0    00000028     tasks.obj (.text:prvResetNextTaskUnblockTime)
                  000010d8    00000020     list.obj (.text:uxListRemove)
                  000010f8    0000001c     freertos_demo.obj (.text:delayUs)
                  00001114    0000001a     uartstdio.obj (.text:UARTprintf)
                  0000112e    00000018     driverlib.lib : gpio.obj (.text:GPIOIntRegister)
                  00001146    00000018                   : gpio.obj (.text:GPIOPinTypeGPIOOutput)
                  0000115e    00000002     rtsv7M4_T_le_v4SPD16_eabi.lib : div0.asm.obj (.text)
                  00001160    00000018     driverlib.lib : timer.obj (.text:TimerDisable)
                  00001178    00000018     list.obj (.text:vListInsertEnd)
                  00001190    00000012     driverlib.lib : gpio.obj (.text:GPIOPinTypeGPIOInput)
                  000011a2    00000012     rtsv7M4_T_le_v4SPD16_eabi.lib : copy_zero_init.c.obj (.text:decompress:ZI:__TI_zero_init_nomemset:__TI_zero_init_nomemset)
                  000011b4    00000010     driverlib.lib : interrupt.obj (.text:IntMasterDisable)
                  000011c4    00000010                   : interrupt.obj (.text:IntMasterEnable)
                  000011d4    0000000e                   : timer.obj (.text:TimerEnable)
                  000011e2    0000000e     rtsv7M4_T_le_v4SPD16_eabi.lib : copy_decompress_none.c.obj (.text:decompress:none:__TI_decompress_none)
                  000011f0    0000000c     driverlib.lib : cpu.obj (.text:CPUcpsid)
                  000011fc    0000000c                   : cpu.obj (.text:CPUcpsie)
                  00001208    0000000c                   : gpio.obj (.text:GPIOIntEnable)
                  00001214    0000000a                   : timer.obj (.text:TimerValueGet)
                  0000121e    00000006                   : gpio.obj (.text:GPIOIntClear)
                  00001224    00000006                   : gpio.obj (.text:GPIOPinRead)
                  0000122a    00000006                   : gpio.obj (.text:GPIOPinWrite)
                  00001230    00000006     startup_ccs.obj (.text:ResetISR)
                  00001236    00000006     driverlib.lib : sysctl.obj (.text:SysCtlDelay)
                  0000123c    00000006                   : uart.obj (.text:UARTClockSourceSet)
                  00001242    00000004     rtsv7M4_T_le_v4SPD16_eabi.lib : pre_init.c.obj (.text:_system_pre_init)
                  00001246    00000004                                   : exit.c.obj (.text:abort:abort)
                  0000124a    00000002     freertos_demo.obj (.text:vApplicationStackOverflowHook)

.const     0    0000124c    00000290     
                  0000124c    000000d8     driverlib.lib : gpio.obj (.const:g_ppui32GPIOIntMapSnowflake)
                  00001324    000000c0                   : gpio.obj (.const:g_ppui32GPIOIntMapBlizzard)
                  000013e4    00000070                   : interrupt.obj (.const)
                  00001454    0000006c                   : sysctl.obj (.const:g_pui32Xtals)
                  000014c0    0000000c     uartstdio.obj (.const:g_ui32UARTBase)
                  000014cc    0000000c     uartstdio.obj (.const:g_ui32UARTPeriph)
                  000014d8    00000004     port.obj (.const)

.cinit     0    000014e0    00000040     
                  000014e0    0000000c     (__TI_handler_table)
                  000014ec    00000009     (.cinit..data.load) [load image, compression = lzss]
                  000014f5    00000003     --HOLE-- [fill = 0]
                  000014f8    00000008     (.cinit..bss.load) [load image, compression = zero_init]
                  00001500    00000008     (.cinit..vtable.load) [load image, compression = zero_init]
                  00001508    00000018     (__TI_cinit_table)

.init_array 
*          0    00000000    00000000     UNINITIALIZED

.vtable    0    20000000    0000026c     UNINITIALIZED
                  20000000    0000026c     driverlib.lib : interrupt.obj (.vtable)

.bss       0    20000470    00000160     UNINITIALIZED
                  20000470    00000140     tasks.obj (.bss:pxReadyTasksLists)
                  200005b0    00000008     tasks.obj (.bss)
                  200005b8    00000004     (.common:calcn)
                  200005bc    00000004     (.common:data_cm)
                  200005c0    00000004     (.common:data_inch)
                  200005c4    00000004     (.common:diff)
                  200005c8    00000004     (.common:echotime)
                  200005cc    00000004     (.common:start_time)

.data      0    200005d0    00000036     UNINITIALIZED
                  200005d0    00000030     tasks.obj (.data)
                  20000600    00000005     uartstdio.obj (.data)
                  20000605    00000001     freertos_demo.obj (.data)

.stack     0    20000270    00000200     UNINITIALIZED
                  20000270    00000004     rtsv7M4_T_le_v4SPD16_eabi.lib : boot_cortex_m.c.obj (.stack)
                  20000274    000001fc     --HOLE--

MODULE SUMMARY

       Module                       code   ro data   rw data
       ------                       ----   -------   -------
    .\
       freertos_demo.obj            838    0         25     
       startup_ccs.obj              12     620       0      
    +--+----------------------------+------+---------+---------+
       Total:                       850    620       25     
                                                            
    .\third_party\FreeRTOS\Source\
       tasks.obj                    440    0         376    
       list.obj                     56     0         0      
    +--+----------------------------+------+---------+---------+
       Total:                       496    0         376    
                                                            
    .\third_party\FreeRTOS\Source\portable\CCS\ARM_CM4F\
       portasm.obj                  210    0         0      
       port.obj                     44     4         0      
    +--+----------------------------+------+---------+---------+
       Total:                       254    4         0      
                                                            
    .\utils\
       uartstdio.obj                684    24        5      
    +--+----------------------------+------+---------+---------+
       Total:                       684    24        5      
                                                            
    C:/ti/TivaWare_C_Series-2.1.4.178/driverlib/ccs/Debug/driverlib.lib
       gpio.obj                     598    408       0      
       interrupt.obj                188    112       620    
       sysctl.obj                   330    108       0      
       timer.obj                    144    0         0      
       cpu.obj                      24     0         0      
       uart.obj                     6      0         0      
    +--+----------------------------+------+---------+---------+
       Total:                       1290   628       620    
                                                            
    C:\ti\ccsv8\tools\compiler\ti-cgt-arm_18.1.4.LTS\lib\rtsv7M4_T_le_v4SPD16_eabi.lib
       memcpy_t2.asm.obj            156    0         0      
       copy_decompress_lzss.c.obj   104    0         0      
       autoinit.c.obj               68     0         0      
       u_divt2.asm.obj              64     0         0      
       boot_cortex_m.c.obj          56     0         0      
       copy_zero_init.c.obj         18     0         0      
       copy_decompress_none.c.obj   14     0         0      
       exit.c.obj                   4      0         0      
       pre_init.c.obj               4      0         0      
       div0.asm.obj                 2      0         0      
    +--+----------------------------+------+---------+---------+
       Total:                       490    0         0      
                                                            
       Stack:                       0      0         512    
       Linker Generated:            0      61        0      
    +--+----------------------------+------+---------+---------+
       Grand Total:                 4064   1337      1538   


LINKER GENERATED COPY TABLES

__TI_cinit_table @ 00001508 records: 3, size/record: 8, table size: 24
	.data: load addr=000014ec, load size=00000009 bytes, run addr=200005d0, run size=00000036 bytes, compression=lzss
	.bss: load addr=000014f8, load size=00000008 bytes, run addr=20000470, run size=00000160 bytes, compression=zero_init
	.vtable: load addr=00001500, load size=00000008 bytes, run addr=20000000, run size=0000026c bytes, compression=zero_init


LINKER GENERATED HANDLER TABLE

__TI_handler_table @ 000014e0 records: 3, size/record: 4, table size: 12
	index: 0, handler: __TI_zero_init
	index: 1, handler: __TI_decompress_lzss
	index: 2, handler: __TI_decompress_none


GLOBAL SYMBOLS: SORTED ALPHABETICALLY BY Name 

address   name                          
-------   ----                          
00001247  C$$EXIT                       
000011f1  CPUcpsid                      
000011fd  CPUcpsie                      
00000cf1  ConfigureUART                 
00001085  GPIODirModeSet                
0000121f  GPIOIntClear                  
00001209  GPIOIntEnable                 
0000112f  GPIOIntRegister               
00000e15  GPIOIntTypeSet                
00000457  GPIOPadConfigSet              
00001225  GPIOPinRead                   
00001191  GPIOPinTypeGPIOInput          
00001147  GPIOPinTypeGPIOOutput         
0000122b  GPIOPinWrite                  
00000c21  IntEnable                     
000011b5  IntMasterDisable              
000011c5  IntMasterEnable               
00000ff1  IntRegister                   
00000f7d  Motor_Init                    
00001231  ResetISR                      
00000931  Sensor_Init                   
00000589  SysCtlClockGet                
00001237  SysCtlDelay                   
00001025  SysCtlPeripheralEnable        
00000d55  TimerConfigure                
00001161  TimerDisable                  
000011d5  TimerEnable                   
00001215  TimerValueGet                 
0000123d  UARTClockSourceSet            
00000db5  UARTStdioConfig               
00001115  UARTprintf                    
0000026d  UARTvprintf                   
00000e6d  UARTwrite                     
00000ba9  Ultrasonic_sensor_IRQ         
20000470  __STACK_END                   
00000200  __STACK_SIZE                  
20000470  __STACK_TOP                   
00001508  __TI_CINIT_Base               
00001520  __TI_CINIT_Limit              
000014e0  __TI_Handler_Table_Base       
000014ec  __TI_Handler_Table_Limit      
00000ef9  __TI_auto_init_nobinit_nopinit
00000c89  __TI_decompress_lzss          
000011e3  __TI_decompress_none          
ffffffff  __TI_pprof_out_hndl           
ffffffff  __TI_prof_data_size           
ffffffff  __TI_prof_data_start          
00000000  __TI_static_base__            
000011a3  __TI_zero_init_nomemset       
0000115f  __aeabi_idiv0                 
0000115f  __aeabi_ldiv0                 
000009ed  __aeabi_memcpy                
000009ed  __aeabi_memcpy4               
000009ed  __aeabi_memcpy8               
00000f3d  __aeabi_uidiv                 
00000f3d  __aeabi_uidivmod              
ffffffff  __binit__                     
ffffffff  __c_args__                    
UNDEFED   __mpu_init                    
20000270  __stack                       
00000fb9  _c_int00_noargs               
UNDEFED   _system_post_cinit            
00001243  _system_pre_init              
00001247  abort                         
ffffffff  binit                         
200005b8  calcn                         
00000871  calculation                   
200005bc  data_cm                       
200005c0  data_inch                     
000010f9  delayUs                       
200005c4  diff                          
200005c8  echotime                      
20000605  flag                          
20000000  g_pfnRAMVectors               
00000000  g_pfnVectors                  
00000a89  main                          
000009ed  memcpy                        
200005d0  pxCurrentTCB                  
200005cc  start_time                    
000014d8  ulMaxSyscallInterruptPriority 
000007ad  ulPortGetIPSR                 
000010d9  uxListRemove                  
0000124b  vApplicationStackOverflowHook 
00001179  vListInsertEnd                
00000861  vPortEnableVFP                
00000825  vPortSVCHandler               
00000845  vPortStartFirstTask           
00000b1d  vTaskSwitchContext            
000007c5  xPortPendSVHandler            
00001059  xPortSysTickHandler           
00000699  xTaskIncrementTick            


GLOBAL SYMBOLS: SORTED BY Symbol Address 

address   name                          
-------   ----                          
00000000  __TI_static_base__            
00000000  g_pfnVectors                  
00000200  __STACK_SIZE                  
0000026d  UARTvprintf                   
00000457  GPIOPadConfigSet              
00000589  SysCtlClockGet                
00000699  xTaskIncrementTick            
000007ad  ulPortGetIPSR                 
000007c5  xPortPendSVHandler            
00000825  vPortSVCHandler               
00000845  vPortStartFirstTask           
00000861  vPortEnableVFP                
00000871  calculation                   
00000931  Sensor_Init                   
000009ed  __aeabi_memcpy                
000009ed  __aeabi_memcpy4               
000009ed  __aeabi_memcpy8               
000009ed  memcpy                        
00000a89  main                          
00000b1d  vTaskSwitchContext            
00000ba9  Ultrasonic_sensor_IRQ         
00000c21  IntEnable                     
00000c89  __TI_decompress_lzss          
00000cf1  ConfigureUART                 
00000d55  TimerConfigure                
00000db5  UARTStdioConfig               
00000e15  GPIOIntTypeSet                
00000e6d  UARTwrite                     
00000ef9  __TI_auto_init_nobinit_nopinit
00000f3d  __aeabi_uidiv                 
00000f3d  __aeabi_uidivmod              
00000f7d  Motor_Init                    
00000fb9  _c_int00_noargs               
00000ff1  IntRegister                   
00001025  SysCtlPeripheralEnable        
00001059  xPortSysTickHandler           
00001085  GPIODirModeSet                
000010d9  uxListRemove                  
000010f9  delayUs                       
00001115  UARTprintf                    
0000112f  GPIOIntRegister               
00001147  GPIOPinTypeGPIOOutput         
0000115f  __aeabi_idiv0                 
0000115f  __aeabi_ldiv0                 
00001161  TimerDisable                  
00001179  vListInsertEnd                
00001191  GPIOPinTypeGPIOInput          
000011a3  __TI_zero_init_nomemset       
000011b5  IntMasterDisable              
000011c5  IntMasterEnable               
000011d5  TimerEnable                   
000011e3  __TI_decompress_none          
000011f1  CPUcpsid                      
000011fd  CPUcpsie                      
00001209  GPIOIntEnable                 
00001215  TimerValueGet                 
0000121f  GPIOIntClear                  
00001225  GPIOPinRead                   
0000122b  GPIOPinWrite                  
00001231  ResetISR                      
00001237  SysCtlDelay                   
0000123d  UARTClockSourceSet            
00001243  _system_pre_init              
00001247  C$$EXIT                       
00001247  abort                         
0000124b  vApplicationStackOverflowHook 
000014d8  ulMaxSyscallInterruptPriority 
000014e0  __TI_Handler_Table_Base       
000014ec  __TI_Handler_Table_Limit      
00001508  __TI_CINIT_Base               
00001520  __TI_CINIT_Limit              
20000000  g_pfnRAMVectors               
20000270  __stack                       
20000470  __STACK_END                   
20000470  __STACK_TOP                   
200005b8  calcn                         
200005bc  data_cm                       
200005c0  data_inch                     
200005c4  diff                          
200005c8  echotime                      
200005cc  start_time                    
200005d0  pxCurrentTCB                  
20000605  flag                          
ffffffff  __TI_pprof_out_hndl           
ffffffff  __TI_prof_data_size           
ffffffff  __TI_prof_data_start          
ffffffff  __binit__                     
ffffffff  __c_args__                    
ffffffff  binit                         
UNDEFED   __mpu_init                    
UNDEFED   _system_post_cinit            

[91 symbols]
