******************************************************************************
                  TI ARM Linker PC v18.1.4                     
******************************************************************************
>> Linked Sun Apr 19 02:24:26 2020

OUTPUT FILE NAME:   <freertos_demo.out>
ENTRY POINT SYMBOL: "_c_int00_noargs"  address: 00001bd5


MEMORY CONFIGURATION

         name            origin    length      used     unused   attr    fill
----------------------  --------  ---------  --------  --------  ----  --------
  FLASH                 00000000   00040000  00001faa  0003e056  R  X
  SRAM                  20000000   00008000  000079c8  00000638  RW X


SEGMENT ALLOCATION MAP

run origin  load origin   length   init length attrs members
----------  ----------- ---------- ----------- ----- -------
00000000    00000000    00001fb0   00001fb0    r-x
  00000000    00000000    0000026c   0000026c    r-- .intvecs
  0000026c    0000026c    00001cea   00001cea    r-x .text
  00001f58    00001f58    0000001c   0000001c    r-- .const
  00001f78    00001f78    00000038   00000038    r-- .cinit
20000000    20000000    000079cc   00000000    rw-
  20000000    20000000    0000777c   00000000    rw- .bss
  20007780    20007780    00000200   00000000    rw- .stack
  20007980    20007980    0000004c   00000000    rw- .data


SECTION ALLOCATION MAP

 output                                  attributes/
section   page    origin      length       input sections
--------  ----  ----------  ----------   ----------------
.intvecs   0    00000000    0000026c     
                  00000000    0000026c     startup_ccs.obj (.intvecs)

.text      0    0000026c    00001cea     
                  0000026c    000001ea     uartstdio.obj (.text:UARTvprintf)
                  00000456    00000002     startup_ccs.obj (.text:FaultISR)
                  00000458    000001cc     freertos_demo.obj (.text:main)
                  00000624    00000118     queue.obj (.text:xQueueGenericReceive)
                  0000073c    00000104     tasks.obj (.text:xTaskIncrementTick)
                  00000840    00000100     tasks.obj (.text:xTaskGenericCreate)
                  00000940    000000e8     queue.obj (.text:xQueueGenericSend)
                  00000a28    000000e4     tasks.obj (.text:xTaskResumeAll)
                  00000b0c    000000d2     portasm.obj (.text)
                  00000bde    00000002     startup_ccs.obj (.text:IntDefaultHandler)
                  00000be0    000000ac     heap_2.obj (.text:pvPortMalloc)
                  00000c8c    000000a4     timers.obj (.text:prvProcessReceivedCommands)
                  00000d30    0000009c     rtsv7M4_T_le_v4SPD16_eabi.lib : memcpy_t2.asm.obj (.text)
                  00000dcc    00000098     freertos_demo.obj (.text:receive_queue)
                  00000e64    00000094     freertos_demo.obj (.text:send_queue)
                  00000ef8    00000090     tasks.obj (.text:vTaskPriorityInherit)
                  00000f88    0000008c     tasks.obj (.text:vTaskSwitchContext)
                  00001014    00000084     queue.obj (.text:xQueueGenericReset)
                  00001098    0000007a     rtsv7M4_T_le_v4SPD16_eabi.lib : memset_t2.asm.obj (.text)
                  00001112    00000002     startup_ccs.obj (.text:NmiSR)
                  00001114    00000078     tasks.obj (.text:xTaskPriorityDisinherit)
                  0000118c    00000074     tasks.obj (.text:xTaskRemoveFromEventList)
                  00001200    00000072     queue.obj (.text:prvCopyDataToQueue)
                  00001272    00000002     rtsv7M4_T_le_v4SPD16_eabi.lib : div0.asm.obj (.text)
                  00001274    00000070     timers.obj (.text:prvProcessTimerOrBlockTask)
                  000012e4    00000068     rtsv7M4_T_le_v4SPD16_eabi.lib : copy_decompress_lzss.c.obj (.text:decompress:lzss:__TI_decompress_lzss)
                  0000134c    00000068     tasks.obj (.text:vTaskPlaceOnEventListRestricted)
                  000013b4    00000068     tasks.obj (.text:vTaskStartScheduler)
                  0000141c    00000064     freertos_demo.obj (.text:ConfigureUART)
                  00001480    00000064     tasks.obj (.text:vTaskPlaceOnEventList)
                  000014e4    00000062     queue.obj (.text:prvUnlockQueue)
                  00001546    00000002     freertos_demo.obj (.text:vApplicationStackOverflowHook)
                  00001548    00000060     uartstdio.obj (.text:UARTStdioConfig)
                  000015a8    00000060     tasks.obj (.text:prvInitialiseTaskLists)
                  00001608    00000060     timers.obj (.text:prvSwitchTimerLists)
                  00001668    0000005c     timers.obj (.text:prvCheckForValidListAndQueue)
                  000016c4    0000005c     queue.obj (.text:xQueueGenericSendFromISR)
                  00001720    00000058     tasks.obj (.text:prvCheckTasksWaitingTermination)
                  00001778    00000056     tasks.obj (.text:prvInitialiseTCBVariables)
                  000017ce    00000002     --HOLE-- [fill = 0]
                  000017d0    00000054     tasks.obj (.text:xTaskCheckForTimeOut)
                  00001824    0000004c     tasks.obj (.text:prvAddCurrentTaskToDelayedList)
                  00001870    0000004c     queue.obj (.text:xQueueCreateMutex)
                  000018bc    00000048     uartstdio.obj (.text:UARTwrite)
                  00001904    00000048     timers.obj (.text:prvProcessExpiredTimer)
                  0000194c    00000044     rtsv7M4_T_le_v4SPD16_eabi.lib : autoinit.c.obj (.text:__TI_auto_init_nobinit_nopinit:__TI_auto_init_nobinit_nopinit)
                  00001990    00000044     timers.obj (.text:prvInsertTimerInActiveList)
                  000019d4    00000044     heap_2.obj (.text:vPortFree)
                  00001a18    00000044     timers.obj (.text:xTimerGenericCommand)
                  00001a5c    00000040     rtsv7M4_T_le_v4SPD16_eabi.lib : u_divt2.asm.obj (.text)
                  00001a9c    00000040     queue.obj (.text:vQueueWaitForMessageRestricted)
                  00001adc    00000040     port.obj (.text:xPortStartScheduler)
                  00001b1c    00000040     timers.obj (.text:xTimerCreateTimerTask)
                  00001b5c    0000003c     queue.obj (.text:xQueueGenericCreate)
                  00001b98    0000003a     tasks.obj (.text:prvAllocateTCBAndStack)
                  00001bd2    00000002     --HOLE-- [fill = 0]
                  00001bd4    00000038     rtsv7M4_T_le_v4SPD16_eabi.lib : boot_cortex_m.c.obj (.text:_c_int00_noargs:_c_int00_noargs)
                  00001c0c    00000038     list.obj (.text:vListInsert)
                  00001c44    00000030     heap_2.obj (.text:prvHeapInit)
                  00001c74    0000002c     port.obj (.text:xPortSysTickHandler)
                  00001ca0    00000028     tasks.obj (.text:prvResetNextTaskUnblockTime)
                  00001cc8    00000028     timers.obj (.text:prvSampleTimeNow)
                  00001cf0    00000028     port.obj (.text:pxPortInitialiseStack)
                  00001d18    00000026     queue.obj (.text:prvCopyDataFromQueue)
                  00001d3e    00000002     --HOLE-- [fill = 0]
                  00001d40    00000020     timers.obj (.text:prvGetNextExpireTime)
                  00001d60    00000020     list.obj (.text:uxListRemove)
                  00001d80    00000020     queue.obj (.text:vQueueAddToRegistry)
                  00001da0    00000020     tasks.obj (.text:xTaskGetSchedulerState)
                  00001dc0    0000001c     queue.obj (.text:prvIsQueueFull)
                  00001ddc    0000001c     port.obj (.text:vPortEnterCritical)
                  00001df8    0000001a     uartstdio.obj (.text:UARTprintf)
                  00001e12    0000001a     queue.obj (.text:prvIsQueueEmpty)
                  00001e2c    00000018     tasks.obj (.text:pvTaskIncrementMutexHeldCount)
                  00001e44    00000018     list.obj (.text:vListInsertEnd)
                  00001e5c    00000018     port.obj (.text:vPortExitCritical)
                  00001e74    00000018     tasks.obj (.text:vTaskSetTimeOutState)
                  00001e8c    00000016     list.obj (.text:vListInitialise)
                  00001ea2    00000014     timers.obj (.text:prvTimerTask)
                  00001eb6    00000002     --HOLE-- [fill = 0]
                  00001eb8    00000014     port.obj (.text:vPortSetupTimerInterrupt)
                  00001ecc    00000012     tasks.obj (.text:prvDeleteTCB)
                  00001ede    00000010     port.obj (.text:prvTaskExitError)
                  00001eee    00000002     --HOLE-- [fill = 0]
                  00001ef0    00000010     tasks.obj (.text:vTaskSuspendAll)
                  00001f00    0000000e     rtsv7M4_T_le_v4SPD16_eabi.lib : copy_decompress_none.c.obj (.text:decompress:none:__TI_decompress_none)
                  00001f0e    0000000c                                   : copy_zero_init.c.obj (.text:decompress:ZI:__TI_zero_init)
                  00001f1a    00000002     --HOLE-- [fill = 0]
                  00001f1c    0000000c     tasks.obj (.text:vTaskMissedYield)
                  00001f28    0000000c     tasks.obj (.text:xTaskGetTickCount)
                  00001f34    00000008     tasks.obj (.text:prvIdleTask)
                  00001f3c    00000006     startup_ccs.obj (.text:ResetISR)
                  00001f42    00000006     driverlib.lib : uart.obj (.text:UARTClockSourceSet)
                  00001f48    00000006     list.obj (.text:vListInitialiseItem)
                  00001f4e    00000004     rtsv7M4_T_le_v4SPD16_eabi.lib : pre_init.c.obj (.text:_system_pre_init)
                  00001f52    00000004                                   : exit.c.obj (.text:abort:abort)

.const     0    00001f58    0000001c     
                  00001f58    0000000c     uartstdio.obj (.const:g_ui32UARTBase)
                  00001f64    0000000c     uartstdio.obj (.const:g_ui32UARTPeriph)
                  00001f70    00000004     port.obj (.const)

.cinit     0    00001f78    00000038     
                  00001f78    00000010     (.cinit..data.load) [load image, compression = lzss]
                  00001f88    0000000c     (__TI_handler_table)
                  00001f94    00000004     --HOLE-- [fill = 0]
                  00001f98    00000008     (.cinit..bss.load) [load image, compression = zero_init]
                  00001fa0    00000010     (__TI_cinit_table)

.init_array 
*          0    00000000    00000000     UNINITIALIZED

.bss       0    20000000    0000777c     UNINITIALIZED
                  20000000    00007530     heap_2.obj (.bss:ucHeap)
                  20007530    00000140     tasks.obj (.bss:pxReadyTasksLists)
                  20007670    00000050     (.common:xQueueRegistry)
                  200076c0    00000014     timers.obj (.bss:xActiveTimerList1)
                  200076d4    00000014     timers.obj (.bss:xActiveTimerList2)
                  200076e8    00000014     tasks.obj (.bss:xDelayedTaskList1)
                  200076fc    00000014     tasks.obj (.bss:xDelayedTaskList2)
                  20007710    00000014     tasks.obj (.bss:xPendingReadyList)
                  20007724    00000014     tasks.obj (.bss:xSuspendedTaskList)
                  20007738    00000014     tasks.obj (.bss:xTasksWaitingTermination)
                  2000774c    00000008     tasks.obj (.bss)
                  20007754    00000008     timers.obj (.bss)
                  2000775c    00000008     heap_2.obj (.bss:xEnd)
                  20007764    00000008     heap_2.obj (.bss:xStart)
                  2000776c    00000004     (.common:g_pUARTSemaphore)
                  20007770    00000004     (.common:sem1)
                  20007774    00000004     (.common:sem2)
                  20007778    00000004     (.common:xQueue)

.data      0    20007980    0000004c     UNINITIALIZED
                  20007980    00000030     tasks.obj (.data)
                  200079b0    00000008     heap_2.obj (.data)
                  200079b8    00000008     timers.obj (.data)
                  200079c0    00000005     uartstdio.obj (.data)
                  200079c5    00000003     --HOLE--
                  200079c8    00000004     port.obj (.data)

.stack     0    20007780    00000200     UNINITIALIZED
                  20007780    00000004     rtsv7M4_T_le_v4SPD16_eabi.lib : boot_cortex_m.c.obj (.stack)
                  20007784    000001fc     --HOLE--

MODULE SUMMARY

       Module                       code   ro data   rw data
       ------                       ----   -------   -------
    .\
       freertos_demo.obj            862    0         16     
       startup_ccs.obj              12     620       0      
    +--+----------------------------+------+---------+---------+
       Total:                       874    620       16     
                                                            
    .\third_party\FreeRTOS\Source\
       tasks.obj                    2246   0         476    
       queue.obj                    1272   0         80     
       timers.obj                   828    0         56     
       list.obj                     140    0         0      
    +--+----------------------------+------+---------+---------+
       Total:                       4486   0         612    
                                                            
    .\third_party\FreeRTOS\Source\portable\CCS\ARM_CM4F\
       port.obj                     236    4         4      
       portasm.obj                  210    0         0      
    +--+----------------------------+------+---------+---------+
       Total:                       446    4         4      
                                                            
    .\third_party\FreeRTOS\Source\portable\MemMang\
       heap_2.obj                   288    0         30024  
    +--+----------------------------+------+---------+---------+
       Total:                       288    0         30024  
                                                            
    .\utils\
       uartstdio.obj                684    24        5      
    +--+----------------------------+------+---------+---------+
       Total:                       684    24        5      
                                                            
    C:/ti/TivaWare_C_Series-2.1.4.178/driverlib/ccs/Debug/driverlib.lib
       uart.obj                     6      0         0      
    +--+----------------------------+------+---------+---------+
       Total:                       6      0         0      
                                                            
    C:\ti\ccsv8\tools\compiler\ti-cgt-arm_18.1.4.LTS\lib\rtsv7M4_T_le_v4SPD16_eabi.lib
       memcpy_t2.asm.obj            156    0         0      
       memset_t2.asm.obj            122    0         0      
       copy_decompress_lzss.c.obj   104    0         0      
       autoinit.c.obj               68     0         0      
       u_divt2.asm.obj              64     0         0      
       boot_cortex_m.c.obj          56     0         0      
       copy_decompress_none.c.obj   14     0         0      
       copy_zero_init.c.obj         12     0         0      
       exit.c.obj                   4      0         0      
       pre_init.c.obj               4      0         0      
       div0.asm.obj                 2      0         0      
    +--+----------------------------+------+---------+---------+
       Total:                       606    0         0      
                                                            
       Stack:                       0      0         512    
       Linker Generated:            0      52        0      
    +--+----------------------------+------+---------+---------+
       Grand Total:                 7390   700       31173  


LINKER GENERATED COPY TABLES

__TI_cinit_table @ 00001fa0 records: 2, size/record: 8, table size: 16
	.data: load addr=00001f78, load size=00000010 bytes, run addr=20007980, run size=0000004c bytes, compression=lzss
	.bss: load addr=00001f98, load size=00000008 bytes, run addr=20000000, run size=0000777c bytes, compression=zero_init


LINKER GENERATED HANDLER TABLE

__TI_handler_table @ 00001f88 records: 3, size/record: 4, table size: 12
	index: 0, handler: __TI_decompress_lzss
	index: 1, handler: __TI_decompress_none
	index: 2, handler: __TI_zero_init


GLOBAL SYMBOLS: SORTED ALPHABETICALLY BY Name 

address   name                           
-------   ----                           
00001f53  C$$EXIT                        
0000141d  ConfigureUART                  
00001f3d  ResetISR                       
00001f43  UARTClockSourceSet             
00001549  UARTStdioConfig                
00001df9  UARTprintf                     
0000026d  UARTvprintf                    
000018bd  UARTwrite                      
20007980  __STACK_END                    
00000200  __STACK_SIZE                   
20007980  __STACK_TOP                    
00001fa0  __TI_CINIT_Base                
00001fb0  __TI_CINIT_Limit               
00001f88  __TI_Handler_Table_Base        
00001f94  __TI_Handler_Table_Limit       
0000194d  __TI_auto_init_nobinit_nopinit 
000012e5  __TI_decompress_lzss           
00001f01  __TI_decompress_none           
ffffffff  __TI_pprof_out_hndl            
ffffffff  __TI_prof_data_size            
ffffffff  __TI_prof_data_start           
00000000  __TI_static_base__             
00001f0f  __TI_zero_init                 
00001273  __aeabi_idiv0                  
00001273  __aeabi_ldiv0                  
00001099  __aeabi_memclr                 
00001099  __aeabi_memclr4                
00001099  __aeabi_memclr8                
00000d31  __aeabi_memcpy                 
00000d31  __aeabi_memcpy4                
00000d31  __aeabi_memcpy8                
0000109b  __aeabi_memset                 
0000109b  __aeabi_memset4                
0000109b  __aeabi_memset8                
00001a5d  __aeabi_uidiv                  
00001a5d  __aeabi_uidivmod               
ffffffff  __binit__                      
ffffffff  __c_args__                     
UNDEFED   __mpu_init                     
20007780  __stack                        
00001bd5  _c_int00_noargs                
UNDEFED   _system_post_cinit             
00001f4f  _system_pre_init               
00001f53  abort                          
ffffffff  binit                          
2000776c  g_pUARTSemaphore               
00000000  g_pfnVectors                   
00000459  main                           
00000d31  memcpy                         
000010a1  memset                         
00000be1  pvPortMalloc                   
00001e2d  pvTaskIncrementMutexHeldCount  
20007980  pxCurrentTCB                   
00001cf1  pxPortInitialiseStack          
00000dcd  receive_queue                  
20007770  sem1                           
20007774  sem2                           
00000e65  send_queue                     
00001f70  ulMaxSyscallInterruptPriority  
00000b1d  ulPortGetIPSR                  
00001d61  uxListRemove                   
00001547  vApplicationStackOverflowHook  
00001e8d  vListInitialise                
00001f49  vListInitialiseItem            
00001c0d  vListInsert                    
00001e45  vListInsertEnd                 
00000bd1  vPortEnableVFP                 
00001ddd  vPortEnterCritical             
00001e5d  vPortExitCritical              
000019d5  vPortFree                      
00000b95  vPortSVCHandler                
00001eb9  vPortSetupTimerInterrupt       
00000bb5  vPortStartFirstTask            
00001d81  vQueueAddToRegistry            
00001a9d  vQueueWaitForMessageRestricted 
00001f1d  vTaskMissedYield               
00001481  vTaskPlaceOnEventList          
0000134d  vTaskPlaceOnEventListRestricted
00000ef9  vTaskPriorityInherit           
00001e75  vTaskSetTimeOutState           
000013b5  vTaskStartScheduler            
00001ef1  vTaskSuspendAll                
00000f89  vTaskSwitchContext             
00000b35  xPortPendSVHandler             
00001add  xPortStartScheduler            
00001c75  xPortSysTickHandler            
20007778  xQueue                         
00001871  xQueueCreateMutex              
00001b5d  xQueueGenericCreate            
00000625  xQueueGenericReceive           
00001015  xQueueGenericReset             
00000941  xQueueGenericSend              
000016c5  xQueueGenericSendFromISR       
20007670  xQueueRegistry                 
000017d1  xTaskCheckForTimeOut           
00000841  xTaskGenericCreate             
00001da1  xTaskGetSchedulerState         
00001f29  xTaskGetTickCount              
0000073d  xTaskIncrementTick             
00001115  xTaskPriorityDisinherit        
0000118d  xTaskRemoveFromEventList       
00000a29  xTaskResumeAll                 
00001b1d  xTimerCreateTimerTask          
00001a19  xTimerGenericCommand           


GLOBAL SYMBOLS: SORTED BY Symbol Address 

address   name                           
-------   ----                           
00000000  __TI_static_base__             
00000000  g_pfnVectors                   
00000200  __STACK_SIZE                   
0000026d  UARTvprintf                    
00000459  main                           
00000625  xQueueGenericReceive           
0000073d  xTaskIncrementTick             
00000841  xTaskGenericCreate             
00000941  xQueueGenericSend              
00000a29  xTaskResumeAll                 
00000b1d  ulPortGetIPSR                  
00000b35  xPortPendSVHandler             
00000b95  vPortSVCHandler                
00000bb5  vPortStartFirstTask            
00000bd1  vPortEnableVFP                 
00000be1  pvPortMalloc                   
00000d31  __aeabi_memcpy                 
00000d31  __aeabi_memcpy4                
00000d31  __aeabi_memcpy8                
00000d31  memcpy                         
00000dcd  receive_queue                  
00000e65  send_queue                     
00000ef9  vTaskPriorityInherit           
00000f89  vTaskSwitchContext             
00001015  xQueueGenericReset             
00001099  __aeabi_memclr                 
00001099  __aeabi_memclr4                
00001099  __aeabi_memclr8                
0000109b  __aeabi_memset                 
0000109b  __aeabi_memset4                
0000109b  __aeabi_memset8                
000010a1  memset                         
00001115  xTaskPriorityDisinherit        
0000118d  xTaskRemoveFromEventList       
00001273  __aeabi_idiv0                  
00001273  __aeabi_ldiv0                  
000012e5  __TI_decompress_lzss           
0000134d  vTaskPlaceOnEventListRestricted
000013b5  vTaskStartScheduler            
0000141d  ConfigureUART                  
00001481  vTaskPlaceOnEventList          
00001547  vApplicationStackOverflowHook  
00001549  UARTStdioConfig                
000016c5  xQueueGenericSendFromISR       
000017d1  xTaskCheckForTimeOut           
00001871  xQueueCreateMutex              
000018bd  UARTwrite                      
0000194d  __TI_auto_init_nobinit_nopinit 
000019d5  vPortFree                      
00001a19  xTimerGenericCommand           
00001a5d  __aeabi_uidiv                  
00001a5d  __aeabi_uidivmod               
00001a9d  vQueueWaitForMessageRestricted 
00001add  xPortStartScheduler            
00001b1d  xTimerCreateTimerTask          
00001b5d  xQueueGenericCreate            
00001bd5  _c_int00_noargs                
00001c0d  vListInsert                    
00001c75  xPortSysTickHandler            
00001cf1  pxPortInitialiseStack          
00001d61  uxListRemove                   
00001d81  vQueueAddToRegistry            
00001da1  xTaskGetSchedulerState         
00001ddd  vPortEnterCritical             
00001df9  UARTprintf                     
00001e2d  pvTaskIncrementMutexHeldCount  
00001e45  vListInsertEnd                 
00001e5d  vPortExitCritical              
00001e75  vTaskSetTimeOutState           
00001e8d  vListInitialise                
00001eb9  vPortSetupTimerInterrupt       
00001ef1  vTaskSuspendAll                
00001f01  __TI_decompress_none           
00001f0f  __TI_zero_init                 
00001f1d  vTaskMissedYield               
00001f29  xTaskGetTickCount              
00001f3d  ResetISR                       
00001f43  UARTClockSourceSet             
00001f49  vListInitialiseItem            
00001f4f  _system_pre_init               
00001f53  C$$EXIT                        
00001f53  abort                          
00001f70  ulMaxSyscallInterruptPriority  
00001f88  __TI_Handler_Table_Base        
00001f94  __TI_Handler_Table_Limit       
00001fa0  __TI_CINIT_Base                
00001fb0  __TI_CINIT_Limit               
20007670  xQueueRegistry                 
2000776c  g_pUARTSemaphore               
20007770  sem1                           
20007774  sem2                           
20007778  xQueue                         
20007780  __stack                        
20007980  __STACK_END                    
20007980  __STACK_TOP                    
20007980  pxCurrentTCB                   
ffffffff  __TI_pprof_out_hndl            
ffffffff  __TI_prof_data_size            
ffffffff  __TI_prof_data_start           
ffffffff  __binit__                      
ffffffff  __c_args__                     
ffffffff  binit                          
UNDEFED   __mpu_init                     
UNDEFED   _system_post_cinit             

[104 symbols]
